[run] http://127.0.0.1:51308/index.html?autotest=1&map=ruins&bots=4&god=1&script=idle&scenario=tools/out/audit/verify-assets-1/env.js&duration=8
[warning] [world] map 'ruins' has 9 warning(s):
 - spawn #4 at [-9, 0, 31]: floor is at y=0.70 (snapped)
 - spawn #4 at [-9,0.7,31] is inside or too close to solid geometry (depth 0.65)
 - spawn #9 at [0, 0, 49]: floor is at y=0.78 (snapped)
 - spawn #14 at [-49,9,-18] is inside or too close to solid geometry (depth 0.40)
 - spawn #16 at [10, 4.5, -10]: floor is at y=5.70 (snapped)
 - pickup (health) at [42, 4.5, 4]: floor is at y=5.16 (snapped)
 - pickup (ammo) at [-11, 4.5, -11]: floor is at y=4.78 (snapped)
 - 777 solids (budget ~700)
 - bots cannot reach: spawn #4 (isolated area), pickup #11 (ammo, isolated area), pickup #13 (ammo) - add ramps/stairs (bots cannot grapple or wall-run)
[log] [autotest] finished {"ok":true,"errors":0,"fps":40.5}
[result] {
 "done": true,
 "started": true,
 "t": 8.24,
 "frames": 303,
 "fps": {
  "avg": 40.5,
  "min": 4,
  "max": 169.5
 },
 "errors": [],
 "map": "ruins",
 "player": {
  "distance": 0.7,
  "maxSpeed": 0,
  "minY": 0.5349431440359486,
  "maxY": 0.795800155300373,
  "states": {
   "onGround": true
  },
  "shots": 0,
  "kills": 0,
  "deaths": 0,
  "damageDealt": 0,
  "damageTaken": 0
 },
 "bots": [
  {
   "name": "Voltage",
   "alive": true,
   "kills": 1,
   "deaths": 0,
   "health": 5,
   "weapon": "pistol",
   "state": "retreat",
   "distance": 53.4,
   "pos": [
    34.4,
    0,
    -8.1
   ]
  },
  {
   "name": "Tesla",
   "alive": true,
   "kills": 0,
   "deaths": 0,
   "health": 100,
   "weapon": "pistol",
   "state": "collect",
   "distance": 60.1,
   "pos": [
    -15.6,
    3.7,
    -1.5
   ]
  },
  {
   "name": "Nimbus",
   "alive": true,
   "kills": 0,
   "deaths": 0,
   "health": 100,
   "weapon": "sniper",
   "state": "engage",
   "distance": 25.5,
   "pos": [
    7.1,
    0.1,
    -39.9
   ]
  },
  {
   "name": "Relay",
   "alive": false,
   "kills": 0,
   "deaths": 1,
   "health": 0,
   "weapon": "rifle",
   "state": "retreat",
   "distance": 34.2,
   "pos": [
    40.2,
    4.5,
    3.1
   ]
  }
 ],
 "events": {
  "damage": 19,
  "death": 1,
  "spawn": 5,
  "pickup": 1,
  "fire": 14
 },
 "renderer": {
  "calls": 292,
  "triangles": 94780,
  "geometries": 184,
  "textures": 112,
  "programs": 97
 },
 "custom": {
  "samples": [
   {
    "pass": "world",
    "sceneEnvIntensity": 0.55,
    "hasEnv": true,
    "lensMat": 2.2,
    "lensUniform": 0.55,
    "lensDarkMat": 2.4,
    "lensDarkUniform": 0.55,
    "goldFound": true,
    "goldMat": 1.5,
    "goldUniform": 0.55,
    "lensEnvMapProp": null
   },
   {
    "pass": "view",
    "sceneEnvIntensity": 0.55,
    "hasEnv": true,
    "lensMat": 2.2,
    "lensUniform": 0.55,
    "lensDarkMat": 2.4,
    "lensDarkUniform": 0.55,
    "goldFound": true,
    "goldMat": 1.5,
    "goldUniform": 0.55,
    "lensEnvMapProp": null
   },
   {
    "pass": "world",
    "sceneEnvIntensity": 0.55,
    "hasEnv": true,
    "lensMat": 2.2,
    "lensUniform": 0.55,
    "lensDarkMat": 2.4,
    "lensDarkUniform": 0.55,
    "goldFound": true,
    "goldMat": 1.5,
    "goldUniform": 0.55,
    "lensEnvMapProp": null
   },
   {
    "pass": "view",
    "sceneEnvIntensity": 0.55,
    "hasEnv": true,
    "lensMat": 2.2,
    "lensUniform": 0.55,
    "lensDarkMat": 2.4,
    "lensDarkUniform": 0.55,
    "goldFound": true,
    "goldMat": 1.5,
    "goldUniform": 0.55,
    "lensEnvMapProp": null
   }
  ]
 },
 "ok": true,
 "errorCount": 0
}
[run] done: wait=ok console_errors=0 warnings=1
