[run] http://127.0.0.1:51185/index.html?autotest=1&map=foundry&bots=8&god=1&script=idle&scenario=tools/out/audit/verify-assets-1/flip2.js&duration=16
[warning] [world] map 'foundry' has 1 warning(s):
 - 800 solids (budget ~700)
[warning] wait poll failed: CDP call timed out: Runtime.evaluate
[log] [autotest] finished {"ok":true,"errors":0,"fps":31.8}
[result] {
 "done": true,
 "started": true,
 "t": 16.25,
 "frames": 505,
 "fps": {
  "avg": 31.8,
  "min": 4,
  "max": 163.9
 },
 "errors": [],
 "map": "foundry",
 "player": {
  "distance": 0,
  "maxSpeed": 0,
  "minY": 0,
  "maxY": 0,
  "states": {
   "onGround": true
  },
  "shots": 0,
  "kills": 0,
  "deaths": 0,
  "damageDealt": 0,
  "damageTaken": 0
 },
 "bots": [
  {
   "name": "Axle",
   "alive": true,
   "kills": 1,
   "deaths": 1,
   "health": 100,
   "weapon": "rocket",
   "state": "roam",
   "distance": 95.6,
   "pos": [
    46,
    0,
    -21
   ]
  },
  {
   "name": "Flux",
   "alive": true,
   "kills": 2,
   "deaths": 2,
   "health": 100,
   "weapon": "pistol",
   "state": "collect",
   "distance": 83.7,
   "pos": [
    -45,
    0,
    -35.7
   ]
  },
  {
   "name": "Torque",
   "alive": true,
   "kills": 1,
   "deaths": 1,
   "health": 91,
   "weapon": "pistol",
   "state": "engage",
   "distance": 102.2,
   "pos": [
    12.7,
    0,
    31.7
   ]
  },
  {
   "name": "Tesla",
   "alive": true,
   "kills": 1,
   "deaths": 1,
   "health": 100,
   "weapon": "pistol",
   "state": "chase",
   "distance": 101.7,
   "pos": [
    17.6,
    0,
    1.3
   ]
  },
  {
   "name": "Diode",
   "alive": true,
   "kills": 2,
   "deaths": 1,
   "health": 22,
   "weapon": "sniper",
   "state": "retreat",
   "distance": 91,
   "pos": [
    -5.3,
    0,
    11.3
   ]
  },
  {
   "name": "Voltage",
   "alive": true,
   "kills": 0,
   "deaths": 0,
   "health": 100,
   "weapon": "pistol",
   "state": "engage",
   "distance": 85.9,
   "pos": [
    -26.8,
    1.1,
    12.4
   ]
  },
  {
   "name": "Byte",
   "alive": true,
   "kills": 1,
   "deaths": 1,
   "health": 100,
   "weapon": "rifle",
   "state": "engage",
   "distance": 80.2,
   "pos": [
    18.9,
    0,
    -17.5
   ]
  },
  {
   "name": "Nimbus",
   "alive": true,
   "kills": 0,
   "deaths": 1,
   "health": 100,
   "weapon": "rifle",
   "state": "engage",
   "distance": 88.2,
   "pos": [
    22,
    0,
    3.7
   ]
  }
 ],
 "events": {
  "damage": 46,
  "death": 8,
  "spawn": 17,
  "pickup": 1,
  "fire": 85
 },
 "renderer": {
  "calls": 544,
  "triangles": 151502,
  "geometries": 225,
  "textures": 141,
  "programs": 104
 },
 "custom": {
  "flipCount": {
   "sharedMats": 13,
   "passes": 12,
   "flipsTotal": 156,
   "flipsPerFrame": 26
  },
  "ab": {
   "sharedMean": 10.042307691696363,
   "decoupledMean": 9.725160256792337,
   "sharedMed": 9.211538466123434,
   "decoupledMed": 9.407692308609303,
   "diffMed": 0.39230769414168165,
   "diffMean": 0.31714743490402497,
   "diffPositiveRounds": 12,
   "rounds": 24
  }
 },
 "ok": true,
 "errorCount": 0
}
[run] done: wait=ok console_errors=0 warnings=2
