[run] http://127.0.0.1:58433/index.html?autotest=1&map=foundry&bots=8&god=1&script=idle&scenario=tools/out/audit/verify-assets-1/meshes.js&duration=20
[warning] [world] map 'foundry' has 1 warning(s):
 - 800 solids (budget ~700)
[warning] wait poll failed: CDP call timed out: Runtime.evaluate
[log] [autotest] finished {"ok":true,"errors":0,"fps":28.3}
[result] {
 "done": true,
 "started": true,
 "t": 20.14,
 "frames": 559,
 "fps": {
  "avg": 28.3,
  "min": 4,
  "max": 178.6
 },
 "errors": [],
 "map": "foundry",
 "player": {
  "distance": 0,
  "maxSpeed": 0,
  "minY": 0,
  "maxY": 0,
  "states": {
   "onGround": true
  },
  "shots": 0,
  "kills": 0,
  "deaths": 0,
  "damageDealt": 0,
  "damageTaken": 0
 },
 "bots": [
  {
   "name": "Glitch",
   "alive": true,
   "kills": 0,
   "deaths": 0,
   "health": 100,
   "weapon": "pistol",
   "state": "chase",
   "distance": 123.9,
   "pos": [
    16.6,
    0,
    10.5
   ]
  },
  {
   "name": "Voltage",
   "alive": true,
   "kills": 2,
   "deaths": 0,
   "health": 56,
   "weapon": "pistol",
   "state": "chase",
   "distance": 72,
   "pos": [
    34,
    0,
    3.8
   ]
  },
  {
   "name": "Nimbus",
   "alive": false,
   "kills": 0,
   "deaths": 1,
   "health": 0,
   "weapon": "rifle",
   "state": "retreat",
   "distance": 124.9,
   "pos": [
    11.9,
    5,
    2.4
   ]
  },
  {
   "name": "Diode",
   "alive": true,
   "kills": 0,
   "deaths": 1,
   "health": 100,
   "weapon": "rifle",
   "state": "chase",
   "distance": 95.7,
   "pos": [
    -25.7,
    0,
    -6.5
   ]
  },
  {
   "name": "Axle",
   "alive": true,
   "kills": 0,
   "deaths": 1,
   "health": 32,
   "weapon": "rifle",
   "state": "retreat",
   "distance": 109.9,
   "pos": [
    -5.2,
    0,
    -15.4
   ]
  },
  {
   "name": "Servo",
   "alive": true,
   "kills": 0,
   "deaths": 1,
   "health": 100,
   "weapon": "rifle",
   "state": "chase",
   "distance": 116.2,
   "pos": [
    15.9,
    1.4,
    -18.5
   ]
  },
  {
   "name": "Cog",
   "alive": true,
   "kills": 2,
   "deaths": 0,
   "health": 21,
   "weapon": "pistol",
   "state": "chase",
   "distance": 135.3,
   "pos": [
    9.8,
    0,
    0.3
   ]
  },
  {
   "name": "Piston",
   "alive": false,
   "kills": 1,
   "deaths": 1,
   "health": 0,
   "weapon": "rocket",
   "state": "retreat",
   "distance": 129.9,
   "pos": [
    34.5,
    0,
    13.8
   ]
  }
 ],
 "events": {
  "damage": 35,
  "death": 5,
  "spawn": 12,
  "pickup": 3,
  "fire": 141
 },
 "renderer": {
  "calls": 484,
  "triangles": 145202,
  "geometries": 225,
  "textures": 142,
  "programs": 132
 },
 "custom": {
  "quality": {
   "shadows": true,
   "name": "high",
   "shadowEnabled": true
  },
  "templates": {
   "pistol": {
    "meshes": 8,
    "transp": 1,
    "tris": 626,
    "tinyLt3cm": 0
   },
   "rifle": {
    "meshes": 14,
    "transp": 3,
    "tris": 882,
    "tinyLt3cm": 1
   },
   "shotgun": {
    "meshes": 10,
    "transp": 1,
    "tris": 1126,
    "tinyLt3cm": 1
   },
   "sniper": {
    "meshes": 13,
    "transp": 3,
    "tris": 1176,
    "tinyLt3cm": 0
   },
   "rocket": {
    "meshes": 18,
    "transp": 4,
    "tris": 932,
    "tinyLt3cm": 2
   }
  },
  "rifleMeshes": [
   [
    "body:steelDark",
    0.413,
    136
   ],
   [
    "body:steel",
    0.672,
    64
   ],
   [
    "body:rail",
    0.535,
    24
   ],
   [
    "body:cellBody",
    0.199,
    48
   ],
   [
    "body:steelBlack",
    0.685,
    112
   ],
   [
    "body:polyGrey",
    0.792,
    188
   ],
   [
    "body:glowCyan",
    0.85,
    104
   ],
   [
    "body:void",
    0.532,
    24
   ],
   [
    "body:custom:01a98542-42db-4538-a227-0e84af23a4a2",
    0.085,
    2
   ],
   [
    "body:poly",
    0.162,
    72
   ],
   [
    "body:grip",
    0.397,
    68
   ],
   [
    "body:paintCyan",
    0.218,
    36
   ],
   [
    "body:lens",
    0.032,
    2
   ],
   [
    "body:reticleRing",
    0.028,
    2
   ]
  ],
  "inGame": {
   "bots": 8,
   "visibleBots": 8,
   "weaponMeshes": 102,
   "casters": 102,
   "inFrustumMeshes": 84,
   "botBodyMeshesTotal": 104
  },
  "callsShown": {
   "calls": 550,
   "tris": 148156
  },
  "callsHidden": {
   "calls": 361,
   "tris": 134718
  },
  "ab": {
   "shownMean": 10.60240384678428,
   "hiddenMean": 7.875480770778196,
   "shownMed": 10.12692307967406,
   "hiddenMed": 7.238461535710555,
   "diffMed": 3.2538461593481216,
   "diffMean": 2.726923076006082,
   "positive": 15,
   "rounds": 16
  },
  "abNoShadow": {
   "shownMean": 7.405128205815951,
   "hiddenMean": 5.566666666895915,
   "diffMed": 1.8115384578704834,
   "diffMean": 1.8384615389200356,
   "positive": 11,
   "rounds": 12
  }
 },
 "ok": true,
 "errorCount": 0
}
[run] done: wait=ok console_errors=0 warnings=2
