[warning] [world] map 'ruins' has 9 warning(s):
 - spawn #4 at [-9, 0, 31]: floor is at y=0.70 (snapped)
 - spawn #4 at [-9,0.7,31] is inside or too close to solid geometry (depth 0.65)
 - spawn #9 at [0, 0, 49]: floor is at y=0.78 (snapped)
 - spawn #14 at [-49,9,-18] is inside or too close to solid geometry (depth 0.40)
 - spawn #16 at [10, 4.5, -10]: floor is at y=5.70 (snapped)
 - pickup (health) at [42, 4.5, 4]: floor is at y=5.16 (snapped)
 - pickup (ammo) at [-11, 4.5, -11]: floor is at y=4.78 (snapped)
 - 777 solids (budget ~700)
 - bots cannot reach: spawn #4 (isolated area), pickup #11 (ammo, isolated area), pickup #13 (ammo) - add ramps/stairs (bots cannot grapple or wall-run)
[shot] tools\out\audit\feel-presentation\a_ruins_sp0_1280.png
[shot] tools\out\audit\feel-presentation\a_ruins_sp1_1280.png
[shot] tools\out\audit\feel-presentation\a_ruins_sp2_1280.png
[shot] tools\out\audit\feel-presentation\a_ruins_sp3_1280.png
[shot] tools\out\audit\feel-presentation\a_ruins_over_1280.png
[shot] tools\out\audit\feel-presentation\a_ruins_sky_1280.png
ruins [{"name": "sp0", "c": [-30, 1.7, -24, -2.158798930342464, -0.03]}, {"name": "sp1", "c": [0, 1.7999999999999998, -35, -3.141592653589793, -0.03]}, {"name": "sp2", "c": [49, 10.7, 16, 1.2551806647561303, -0.03]}, {"name": "sp3", "c": [9, 1.7, 28, 0.4636476090008061, -0.03]}, {"name": "over", "c": [43, 26, 47, 0.7039461190915773, -0.29332826413368546]}, {"name": "sky", "c": [-30, 1.7, -24, -1.5587989303424639, 0.42]}]
ruins {'fps': 38.42873088421125, 'lights': {'sun': 3.5, 'hemi': 0.9, 'env': 0.55, 'exp': 1, 'bloom': {'strength': 0.3, 'radius': 0.5, 'threshold': 0.9}}, 'fog': {'near': 85, 'far': 320}}
[sess] console errors=0 warnings=1
[warning] [world] map 'skyline' has 8 warning(s):
 - spawn #0 at [-28,0,-14] is inside or too close to solid geometry (depth 0.19)
 - spawn #1 at [34, 0, -14]: floor is at y=1.10 (snapped)
 - spawn #1 at [34,1.1,-14] is inside or too close to solid geometry (depth 0.35)
 - spawn #2 at [-34, 0, 14]: floor is at y=1.10 (snapped)
 - spawn #3 at [28, 0, 14]: floor is at y=1.10 (snapped)
 - pickup (ammo) at [33, 12.8, 24]: floor is at y=13.15 (snapped)
 - 1452 solids (budget ~700)
 - bots cannot reach: spawn #15 (isolated area), spawn #17 (isolated area), pickup #1 (weapon:sniper, isolated area), pickup #4 (armor, isolated area) - add ramps/stairs (bots cannot grapple or wall-run)
[shot] tools\out\audit\feel-presentation\a_skyline_sp0_1280.png
[shot] tools\out\audit\feel-presentation\a_skyline_sp1_1280.png
[shot] tools\out\audit\feel-presentation\a_skyline_sp2_1280.png
[shot] tools\out\audit\feel-presentation\a_skyline_sp3_1280.png
[shot] tools\out\audit\feel-presentation\a_skyline_over_1280.png
[shot] tools\out\audit\feel-presentation\a_skyline_sky_1280.png
skyline [{"name": "sp0", "c": [-28, 1.73, -14, -1.5707963267948966, -0.03]}, {"name": "sp1", "c": [28, 2.8, 14, 1.5707963267948966, -0.03]}, {"name": "sp2", "c": [-24, 17.7, -34, 2.8632929945846817, -0.03]}, {"name": "sp3", "c": [14, 1.73, 32, 0, -0.03]}, {"name": "over", "c": [-62, 34, 64, -0.7700147616168531, -0.3055620402014114]}, {"name": "sky", "c": [-28, 1.73, -14, -0.9707963267948966, 0.42]}]
skyline {'fps': 49.66793857946271, 'lights': {'sun': 2.7, 'hemi': 0.78, 'env': 0.65, 'exp': 1.08, 'bloom': {'strength': 0.75, 'radius': 0.55, 'threshold': 0.8}}, 'fog': {'near': 60, 'far': 270}}
[sess] console errors=0 warnings=1
[shot] tools\out\audit\feel-presentation\a_sandbox_sp0_1280.png
[shot] tools\out\audit\feel-presentation\a_sandbox_sp1_1280.png
[shot] tools\out\audit\feel-presentation\a_sandbox_sp2_1280.png
[shot] tools\out\audit\feel-presentation\a_sandbox_sp3_1280.png
[shot] tools\out\audit\feel-presentation\a_sandbox_over_1280.png
[shot] tools\out\audit\feel-presentation\a_sandbox_sky_1280.png
sandbox [{"name": "sp0", "c": [-26, 1.7, -27, -2.3750601762140158, -0.03]}, {"name": "sp1", "c": [-9, 1.7, 20, -0.4228539261329407, -0.03]}, {"name": "sp2", "c": [7, 6.2, -29, 2.904743892642873, -0.03]}, {"name": "sp3", "c": [28, 1.7, -8, 1.849095985800008, -0.03]}, {"name": "over", "c": [30, 38, 46, 0.5585993153435624, -0.5537900430568615]}, {"name": "sky", "c": [-26, 1.7, -27, -1.7750601762140157, 0.42]}]
sandbox {'fps': 42.28525376421658, 'lights': {'sun': 2.7, 'hemi': 0.7, 'env': 0.55, 'exp': 1, 'bloom': {'strength': 0.32, 'radius': 0.4, 'threshold': 0.9}}, 'fog': {'near': 90, 'far': 330}}
[sess] console errors=0 warnings=0
