[warning] [world] map 'foundry' has 1 warning(s):
 - 800 solids (budget ~700)
[shot] tools\out\audit\feel-presentation\g_foundry_1280_0.png
[shot] tools\out\audit\feel-presentation\g_foundry_1280_1.png
[shot] tools\out\audit\feel-presentation\g_foundry_1280_2.png
[shot] tools\out\audit\feel-presentation\g_foundry_1280_3.png
foundry {'fps': 27.545101508582484, 'kills': 1, 'hp': 100, 'calls': 363, 'tris': 129416, 'weapon': 'rifle', 'alive': 5}
[sess] console errors=0 warnings=1
[warning] [world] map 'skyline' has 8 warning(s):
 - spawn #0 at [-28,0,-14] is inside or too close to solid geometry (depth 0.19)
 - spawn #1 at [34, 0, -14]: floor is at y=1.10 (snapped)
 - spawn #1 at [34,1.1,-14] is inside or too close to solid geometry (depth 0.35)
 - spawn #2 at [-34, 0, 14]: floor is at y=1.10 (snapped)
 - spawn #3 at [28, 0, 14]: floor is at y=1.10 (snapped)
 - pickup (ammo) at [33, 12.8, 24]: floor is at y=13.15 (snapped)
 - 1452 solids (budget ~700)
 - bots cannot reach: spawn #15 (isolated area), spawn #17 (isolated area), pickup #1 (weapon:sniper, isolated area), pickup #4 (armor, isolated area) - add ramps/stairs (bots cannot grapple or wall-run)
[shot] tools\out\audit\feel-presentation\g_skyline_1280_0.png
[shot] tools\out\audit\feel-presentation\g_skyline_1280_1.png
[shot] tools\out\audit\feel-presentation\g_skyline_1280_2.png
[shot] tools\out\audit\feel-presentation\g_skyline_1280_3.png
skyline {'fps': 21.330921757855457, 'kills': 2, 'hp': 100, 'calls': 380, 'tris': 93326, 'weapon': 'rifle', 'alive': 6}
[sess] console errors=0 warnings=1
[shot] tools\out\audit\feel-presentation\g_sandbox_1280_0.png
[shot] tools\out\audit\feel-presentation\g_sandbox_1280_1.png
[shot] tools\out\audit\feel-presentation\g_sandbox_1280_2.png
[shot] tools\out\audit\feel-presentation\g_sandbox_1280_3.png
sandbox {'fps': 14.967601370626035, 'kills': 2, 'hp': 100, 'calls': 405, 'tris': 65398, 'weapon': 'rifle', 'alive': 5}
[sess] console errors=0 warnings=0
