[warning] [world] map 'skyline' has 8 warning(s):
 - spawn #0 at [-28,0,-14] is inside or too close to solid geometry (depth 0.19)
 - spawn #1 at [34, 0, -14]: floor is at y=1.10 (snapped)
 - spawn #1 at [34,1.1,-14] is inside or too close to solid geometry (depth 0.35)
 - spawn #2 at [-34, 0, 14]: floor is at y=1.10 (snapped)
 - spawn #3 at [28, 0, 14]: floor is at y=1.10 (snapped)
 - pickup (ammo) at [33, 12.8, 24]: floor is at y=13.15 (snapped)
 - 1452 solids (budget ~700)
 - bots cannot reach: spawn #15 (isolated area), spawn #17 (isolated area), pickup #1 (weapon:sniper, isolated area), pickup #4 (armor, isolated area) - add ramps/stairs (bots cannot grapple or wall-run)
[shot] tools\out\audit\feel-presentation\u_board_skyline_ffa_1280.png
[shot] tools\out\audit\feel-presentation\u_damage_skyline_ffa_1280.png
[shot] tools\out\audit\feel-presentation\u_lowhp_skyline_ffa_1280.png
[shot] tools\out\audit\feel-presentation\u_death_skyline_ffa_1280.png
[shot] tools\out\audit\feel-presentation\u_scope_skyline_ffa_1280.png
scoped True
[shot] tools\out\audit\feel-presentation\u_pause_skyline_ffa_1280.png
[shot] tools\out\audit\feel-presentation\u_endslowmo_skyline_ffa_1280.png
[shot] tools\out\audit\feel-presentation\u_end_skyline_ffa_1280.png
{'state': 'ended', 'fps': 64.11261279325164}
[sess] console errors=0 warnings=1
