[run] http://127.0.0.1:55771/index.html?autotest=1&mapfile=tools/out/audit/design-depth/aerie_proto.js&bots=0&script=idle&scenario=tools/out/audit/design-depth/nav_check.js&duration=1&quality=low
[log] [autotest] finished {"ok":true,"errors":0,"fps":62.1}
[result] {
 "done": true,
 "started": true,
 "t": 1.26,
 "frames": 332,
 "fps": {
  "avg": 62.1,
  "min": 4,
  "max": 178.6
 },
 "errors": [],
 "map": "aerie",
 "player": {
  "distance": 0,
  "maxSpeed": 0,
  "minY": 5,
  "maxY": 5,
  "states": {
   "onGround": true
  },
  "shots": 0,
  "kills": 0,
  "deaths": 0,
  "damageDealt": 0,
  "damageTaken": 0
 },
 "bots": [],
 "events": {
  "damage": 0,
  "death": 0,
  "spawn": 1,
  "pickup": 0,
  "fire": 0
 },
 "renderer": {
  "calls": 99,
  "triangles": 30234,
  "geometries": 110,
  "textures": 72,
  "programs": 68
 },
 "custom": {
  "map": "aerie",
  "nodes": 6107,
  "spawns": [
   {
    "i": 0,
    "pos": [
     -8,
     0,
     -38
    ],
    "conn": true,
    "node": true
   },
   {
    "i": 1,
    "pos": [
     8,
     0,
     -38
    ],
    "conn": true,
    "node": true
   },
   {
    "i": 2,
    "pos": [
     0,
     5,
     -51
    ],
    "conn": true,
    "node": true
   },
   {
    "i": 3,
    "pos": [
     -8,
     0,
     38
    ],
    "conn": true,
    "node": true
   },
   {
    "i": 4,
    "pos": [
     8,
     0,
     38
    ],
    "conn": true,
    "node": true
   },
   {
    "i": 5,
    "pos": [
     0,
     5,
     51
    ],
    "conn": true,
    "node": true
   },
   {
    "i": 6,
    "pos": [
     38,
     0,
     -8
    ],
    "conn": true,
    "node": true
   },
   {
    "i": 7,
    "pos": [
     38,
     0,
     8
    ],
    "conn": true,
    "node": true
   },
   {
    "i": 8,
    "pos": [
     51,
     5,
     0
    ],
    "conn": true,
    "node": true
   },
   {
    "i": 9,
    "pos": [
     -38,
     0,
     -8
    ],
    "conn": true,
    "node": true
   },
   {
    "i": 10,
    "pos": [
     -38,
     0,
     8
    ],
    "conn": true,
    "node": true
   },
   {
    "i": 11,
    "pos": [
     -51,
     5,
     0
    ],
    "conn": true,
    "node": true
   },
   {
    "i": 12,
    "pos": [
     14,
     0,
     14
    ],
    "conn": true,
    "node": true
   },
   {
    "i": 13,
    "pos": [
     -14,
     0,
     -14
    ],
    "conn": true,
    "node": true
   },
   {
    "i": 14,
    "pos": [
     -6,
     4.6,
     6
    ],
    "conn": true,
    "node": true
   },
   {
    "i": 15,
    "pos": [
     -6,
     9.2,
     -6
    ],
    "conn": true,
    "node": true
   }
  ],
  "pickups": [
   {
    "i": 0,
    "type": "weapon",
    "weapon": "rocket",
    "pos": [
     0,
     4.6,
     0
    ],
    "conn": true
   },
   {
    "i": 1,
    "type": "weapon",
    "weapon": "sniper",
    "pos": [
     0,
     5,
     -51
    ],
    "conn": true
   },
   {
    "i": 2,
    "type": "weapon",
    "weapon": "sniper",
    "pos": [
     0,
     5,
     51
    ],
    "conn": true
   },
   {
    "i": 3,
    "type": "weapon",
    "weapon": "shotgun",
    "pos": [
     0,
     0,
     -5
    ],
    "conn": true
   },
   {
    "i": 4,
    "type": "health",
    "weapon": null,
    "pos": [
     0,
     0,
     -24
    ],
    "conn": true
   },
   {
    "i": 5,
    "type": "health",
    "weapon": null,
    "pos": [
     0,
     0,
     24
    ],
    "conn": true
   },
   {
    "i": 6,
    "type": "health",
    "weapon": null,
    "pos": [
     24,
     0,
     0
    ],
    "conn": true
   },
   {
    "i": 7,
    "type": "health",
    "weapon": null,
    "pos": [
     -24,
     0,
     0
    ],
    "conn": true
   },
   {
    "i": 8,
    "type": "armor",
    "weapon": null,
    "pos": [
     0,
     9.2,
     -6
    ],
    "conn": true
   },
   {
    "i": 9,
    "type": "armor",
    "weapon": null,
    "pos": [
     -51,
     5,
     8
    ],
    "conn": true
   },
   {
    "i": 10,
    "type": "ammo",
    "weapon": null,
    "pos": [
     -38,
     0,
     0
    ],
    "conn": true
   },
   {
    "i": 11,
    "type": "ammo",
    "weapon": null,
    "pos": [
     38,
     0,
     0
    ],
    "conn": true
   },
   {
    "i": 12,
    "type": "ammo",
    "weapon": null,
    "pos": [
     0,
     0,
     40
    ],
    "conn": true
   },
   {
    "i": 13,
    "type": "ammo",
    "weapon": null,
    "pos": [
     0,
     0,
     -40
    ],
    "conn": true
   },
   {
    "i": 14,
    "type": "grenades",
    "weapon": null,
    "pos": [
     -14,
     0,
     14
    ],
    "conn": true
   },
   {
    "i": 15,
    "type": "grenades",
    "weapon": null,
    "pos": [
     14,
     0,
     -14
    ],
    "conn": true
   }
  ],
  "zones": [
   {
    "id": "summit",
    "node": true,
    "floorY": 9.2,
    "conn": true,
    "navNodesInZone": 184,
    "reachable": 184
   },
   {
    "id": "lobby",
    "node": true,
    "floorY": 0.28,
    "conn": true,
    "navNodesInZone": 203,
    "reachable": 199
   },
   {
    "id": "yardN",
    "node": true,
    "floorY": 1.3,
    "conn": true,
    "navNodesInZone": 183,
    "reachable": 177
   },
   {
    "id": "rimNE",
    "node": true,
    "floorY": -0.01,
    "conn": true,
    "navNodesInZone": 57,
    "reachable": 57
   },
   {
    "id": "yardE",
    "node": true,
    "floorY": 1.3,
    "conn": true,
    "navNodesInZone": 187,
    "reachable": 181
   },
   {
    "id": "yardS",
    "node": true,
    "floorY": 1.3,
    "conn": true,
    "navNodesInZone": 187,
    "reachable": 181
   },
   {
    "id": "rimSW",
    "node": true,
    "floorY": -0.01,
    "conn": true,
    "navNodesInZone": 57,
    "reachable": 57
   },
   {
    "id": "yardW",
    "node": true,
    "floorY": 1.3,
    "conn": true,
    "navNodesInZone": 183,
    "reachable": 177
   }
  ],
  "probes": []
 },
 "ok": true,
 "errorCount": 0
}
[run] done: wait=ok console_errors=0 warnings=0
