[run] http://127.0.0.1:61399/index.html?autotest=1&mapfile=tools/out/audit/design-depth/aerie_proto.js&bots=0&script=idle&scenario=tools/out/audit/design-depth/recover_trace.js&duration=9&quality=low
[log] [autotest] finished {"ok":true,"errors":0,"fps":125.6}
[result] {
 "done": true,
 "started": true,
 "t": 9.13,
 "frames": 864,
 "fps": {
  "avg": 125.6,
  "min": 4,
  "max": 208.3
 },
 "errors": [],
 "map": "aerie",
 "player": {
  "distance": 47.7,
  "maxSpeed": 16.45,
  "minY": -37.31130663264944,
  "maxY": 0.07500000000000007,
  "states": {
   "onGround": true,
   "airborne": true,
   "isGrappling": true
  },
  "shots": 0,
  "kills": 0,
  "deaths": 1,
  "damageDealt": 0,
  "damageTaken": 0
 },
 "bots": [],
 "events": {
  "damage": 0,
  "death": 1,
  "spawn": 2,
  "pickup": 0,
  "fire": 0
 },
 "renderer": {
  "calls": 99,
  "triangles": 30234,
  "geometries": 114,
  "textures": 74,
  "programs": 71
 },
 "custom": {
  "runs": [
   {
    "name": "TRACE_push14_grapple@0.35s",
    "firedY": -0.7,
    "anchor": [
     10,
     0,
     -31.3
    ],
    "minY": -39,
    "alive": false,
    "endPos": [
     10,
     -39,
     -34
    ],
    "onGround": false,
    "onShelf": false
   }
  ],
  "trace": [
   {
    "t": 0,
    "p": [
     10,
     0,
     -17
    ],
    "v": [
     0,
     2,
     -14
    ],
    "gr": false,
    "g": false,
    "ph": 0,
    "j": 0
   },
   {
    "t": 0.07,
    "p": [
     10,
     0.1,
     -17.5
    ],
    "v": [
     0,
     1.2,
     -14
    ],
    "gr": false,
    "g": false,
    "ph": 0,
    "j": 0
   },
   {
    "t": 0.12,
    "p": [
     10,
     0.1,
     -18.5
    ],
    "v": [
     0,
     -0.6,
     -14
    ],
    "gr": false,
    "g": false,
    "ph": 0,
    "j": 0
   },
   {
    "t": 0.16,
    "p": [
     10,
     0,
     -19.2
    ],
    "v": [
     0,
     -1.8,
     -14
    ],
    "gr": false,
    "g": false,
    "ph": 0,
    "j": 0
   },
   {
    "t": 0.22,
    "p": [
     10,
     -0.1,
     -19.8
    ],
    "v": [
     0,
     -2.8,
     -14
    ],
    "gr": false,
    "g": false,
    "ph": 0,
    "j": 0
   },
   {
    "t": 0.26,
    "p": [
     10,
     -0.3,
     -20.6
    ],
    "v": [
     0,
     -4.2,
     -14
    ],
    "gr": false,
    "g": false,
    "ph": 0,
    "j": 0
   },
   {
    "t": 0.31,
    "p": [
     10,
     -0.5,
     -21.1
    ],
    "v": [
     0,
     -5,
     -14
    ],
    "gr": false,
    "g": false,
    "ph": 0,
    "j": 0
   },
   {
    "t": 0.35,
    "p": [
     10,
     -0.7,
     -21.7
    ],
    "v": [
     0,
     -6,
     -14
    ],
    "gr": false,
    "g": false,
    "ph": 1,
    "j": 0
   },
   {
    "t": 0.41,
    "p": [
     10,
     -1,
     -22.3
    ],
    "v": [
     0,
     -7,
     -14
    ],
    "gr": false,
    "g": false,
    "ph": 2,
    "j": 0
   },
   {
    "t": 0.47,
    "p": [
     10,
     -1.6,
     -23.3
    ],
    "v": [
     0,
     -8.7,
     -14.3
    ],
    "gr": true,
    "g": false,
    "ph": 2,
    "j": 0
   },
   {
    "t": 0.52,
    "p": [
     10,
     -1.8,
     -23.7
    ],
    "v": [
     0,
     -8.9,
     -15.3
    ],
    "gr": true,
    "g": false,
    "ph": 2,
    "j": 0
   },
   {
    "t": 0.59,
    "p": [
     10,
     -2.5,
     -25
    ],
    "v": [
     0,
     -8.4,
     -16.4
    ],
    "gr": true,
    "g": false,
    "ph": 3,
    "j": 0
   },
   {
    "t": 0.61,
    "p": [
     10,
     -2.9,
     -25.7
    ],
    "v": [
     0,
     -7.6,
     -16.2
    ],
    "gr": true,
    "g": false,
    "ph": 3,
    "j": 0
   },
   {
    "t": 0.66,
    "p": [
     10,
     -3.3,
     -26.6
    ],
    "v": [
     0,
     -6.5,
     -15.9
    ],
    "gr": true,
    "g": false,
    "ph": 3,
    "j": 0
   },
   {
    "t": 0.7,
    "p": [
     10,
     -3.5,
     -27.2
    ],
    "v": [
     0,
     -5.8,
     -15.6
    ],
    "gr": true,
    "g": false,
    "ph": 3,
    "j": 0
   },
   {
    "t": 0.75,
    "p": [
     10,
     -3.7,
     -27.8
    ],
    "v": [
     0,
     -4.8,
     -15.1
    ],
    "gr": true,
    "g": false,
    "ph": 3,
    "j": 0
   },
   {
    "t": 0.8,
    "p": [
     10,
     -3.9,
     -28.8
    ],
    "v": [
     0,
     -3.2,
     -14.1
    ],
    "gr": true,
    "g": false,
    "ph": 3,
    "j": 0
   },
   {
    "t": 0.86,
    "p": [
     10,
     -4,
     -29.5
    ],
    "v": [
     0,
     1.8,
     -13.8
    ],
    "gr": false,
    "g": false,
    "ph": 3,
    "j": 1
   },
   {
    "t": 0.91,
    "p": [
     10,
     -3.9,
     -29.6
    ],
    "v": [
     0,
     0.4,
     0
    ],
    "gr": false,
    "g": false,
    "ph": 3,
    "j": 1
   },
   {
    "t": 0.97,
    "p": [
     10,
     -3.9,
     -29.6
    ],
    "v": [
     0,
     -0.2,
     0
    ],
    "gr": false,
    "g": false,
    "ph": 3,
    "j": 1
   },
   {
    "t": 1.01,
    "p": [
     10,
     -4,
     -29.6
    ],
    "v": [
     0,
     -1.8,
     0
    ],
    "gr": false,
    "g": false,
    "ph": 3,
    "j": 1
   },
   {
    "t": 1.06,
    "p": [
     10,
     -4.1,
     -29.6
    ],
    "v": [
     0,
     -3,
     0
    ],
    "gr": false,
    "g": false,
    "ph": 3,
    "j": 1
   },
   {
    "t": 1.1,
    "p": [
     10,
     -4.3,
     -29.6
    ],
    "v": [
     0,
     -4.2,
     0
    ],
    "gr": false,
    "g": false,
    "ph": 3,
    "j": 1
   },
   {
    "t": 1.15,
    "p": [
     10,
     -4.4,
     -29.6
    ],
    "v": [
     0,
     -5,
     -0.2
    ],
    "gr": false,
    "g": false,
    "ph": 3,
    "j": 1
   },
   {
    "t": 1.2,
    "p": [
     10,
     -4.7,
     -29.7
    ],
    "v": [
     0,
     7.2,
     -4.2
    ],
    "gr": false,
    "g": false,
    "ph": 3,
    "j": 1
   },
   {
    "t": 1.27,
    "p": [
     10,
     -4.6,
     -29.6
    ],
    "v": [
     0,
     0.7,
     1.3
    ],
    "gr": false,
    "g": false,
    "ph": 3,
    "j": 1
   },
   {
    "t": 1.3,
    "p": [
     10,
     -4.6,
     -29.6
    ],
    "v": [
     0,
     -0.3,
     1
    ],
    "gr": false,
    "g": false,
    "ph": 3,
    "j": 1
   },
   {
    "t": 1.36,
    "p": [
     10,
     -4.7,
     -29.5
    ],
    "v": [
     0,
     -1.9,
     0.6
    ],
    "gr": false,
    "g": false,
    "ph": 3,
    "j": 1
   },
   {
    "t": 1.4,
    "p": [
     10,
     -4.8,
     -29.5
    ],
    "v": [
     0,
     -2.9,
     0.3
    ],
    "gr": false,
    "g": false,
    "ph": 3,
    "j": 1
   },
   {
    "t": 1.45,
    "p": [
     10,
     -5,
     -29.5
    ],
    "v": [
     0,
     -4.1,
     0
    ],
    "gr": false,
    "g": false,
    "ph": 3,
    "j": 1
   },
   {
    "t": 1.5,
    "p": [
     10,
     -5.2,
     -29.5
    ],
    "v": [
     0,
     -5.1,
     -0.8
    ],
    "gr": false,
    "g": false,
    "ph": 3,
    "j": 1
   },
   {
    "t": 1.57,
    "p": [
     10,
     -5.5,
     -29.6
    ],
    "v": [
     0,
     -6.5,
     -1.9
    ],
    "gr": false,
    "g": false,
    "ph": 3,
    "j": 1
   },
   {
    "t": 1.6,
    "p": [
     10,
     -5.8,
     -29.7
    ],
    "v": [
     0,
     -7.5,
     -2.7
    ],
    "gr": false,
    "g": false,
    "ph": 3,
    "j": 1
   },
   {
    "t": 1.67,
    "p": [
     10,
     -6.3,
     -29.9
    ],
    "v": [
     0,
     -8.9,
     -3.1
    ],
    "gr": false,
    "g": false,
    "ph": 3,
    "j": 1
   },
   {
    "t": 1.72,
    "p": [
     10,
     -6.9,
     -30.1
    ],
    "v": [
     0,
     -10.3,
     -3.1
    ],
    "gr": false,
    "g": false,
    "ph": 3,
    "j": 1
   },
   {
    "t": 1.76,
    "p": [
     10,
     -7.3,
     -30.2
    ],
    "v": [
     0,
     -11.3,
     -3.1
    ],
    "gr": false,
    "g": false,
    "ph": 3,
    "j": 1
   },
   {
    "t": 1.8,
    "p": [
     10,
     -7.9,
     -30.4
    ],
    "v": [
     0,
     -12.5,
     -3.1
    ],
    "gr": false,
    "g": false,
    "ph": 3,
    "j": 1
   },
   {
    "t": 1.87,
    "p": [
     10,
     -8.6,
     -30.5
    ],
    "v": [
     0,
     -13.7,
     -3.1
    ],
    "gr": false,
    "g": false,
    "ph": 3,
    "j": 1
   },
   {
    "t": 1.95,
    "p": [
     10,
     -9.4,
     -30.7
    ],
    "v": [
     0,
     -15.1,
     -3.1
    ],
    "gr": false,
    "g": false,
    "ph": 3,
    "j": 1
   },
   {
    "t": 1.98,
    "p": [
     10,
     -10.2,
     -30.9
    ],
    "v": [
     0,
     -16.3,
     -3.1
    ],
    "gr": false,
    "g": false,
    "ph": 3,
    "j": 1
   },
   {
    "t": 2,
    "p": [
     10,
     -10.9,
     -31
    ],
    "v": [
     0,
     -17.3,
     -3.1
    ],
    "gr": false,
    "g": false,
    "ph": 3,
    "j": 1
   },
   {
    "t": 2.06,
    "p": [
     10,
     -11.8,
     -31.1
    ],
    "v": [
     0,
     -18.5,
     -3.1
    ],
    "gr": false,
    "g": false,
    "ph": 3,
    "j": 1
   },
   {
    "t": 2.11,
    "p": [
     10,
     -12.8,
     -31.3
    ],
    "v": [
     0,
     -19.7,
     -3.1
    ],
    "gr": false,
    "g": false,
    "ph": 3,
    "j": 1
   },
   {
    "t": 2.15,
    "p": [
     10,
     -14,
     -31.5
    ],
    "v": [
     0,
     -21.1,
     -3.1
    ],
    "gr": false,
    "g": false,
    "ph": 3,
    "j": 1
   },
   {
    "t": 2.21,
    "p": [
     10,
     -15.1,
     -31.6
    ],
    "v": [
     0,
     -22.3,
     -3.1
    ],
    "gr": false,
    "g": false,
    "ph": 3,
    "j": 1
   },
   {
    "t": 2.25,
    "p": [
     10,
     -16,
     -31.8
    ],
    "v": [
     0,
     -23.3,
     -3.1
    ],
    "gr": false,
    "g": false,
    "ph": 3,
    "j": 1
   },
   {
    "t": 2.31,
    "p": [
     10,
     -17.4,
     -31.9
    ],
    "v": [
     0,
     -24.7,
     -3.1
    ],
    "gr": false,
    "g": false,
    "ph": 3,
    "j": 1
   },
   {
    "t": 2.36,
    "p": [
     10,
     -18.5,
     -32.1
    ],
    "v": [
     0,
     -25.7,
     -3.1
    ],
    "gr": false,
    "g": false,
    "ph": 3,
    "j": 1
   },
   {
    "t": 2.4,
    "p": [
     10,
     -19.8,
     -32.2
    ],
    "v": [
     0,
     -26.9,
     -3.1
    ],
    "gr": false,
    "g": false,
    "ph": 3,
    "j": 1
   },
   {
    "t": 2.46,
    "p": [
     10,
     -21.2,
     -32.4
    ],
    "v": [
     0,
     -28.1,
     -3.1
    ],
    "gr": false,
    "g": false,
    "ph": 3,
    "j": 1
   },
   {
    "t": 2.52,
    "p": [
     10,
     -22.9,
     -32.6
    ],
    "v": [
     0,
     -29.5,
     -3.1
    ],
    "gr": false,
    "g": false,
    "ph": 3,
    "j": 1
   },
   {
    "t": 2.55,
    "p": [
     10,
     -24.4,
     -32.7
    ],
    "v": [
     0,
     -30.7,
     -3.1
    ],
    "gr": false,
    "g": false,
    "ph": 3,
    "j": 1
   },
   {
    "t": 2.61,
    "p": [
     10,
     -26,
     -32.9
    ],
    "v": [
     0,
     -31.9,
     -3.1
    ],
    "gr": false,
    "g": false,
    "ph": 3,
    "j": 1
   },
   {
    "t": 2.65,
    "p": [
     10,
     -26.8,
     -33
    ],
    "v": [
     0,
     -32.5,
     -3.1
    ],
    "gr": false,
    "g": false,
    "ph": 3,
    "j": 1
   },
   {
    "t": 2.72,
    "p": [
     10,
     -28.7,
     -33.1
    ],
    "v": [
     0,
     -33.9,
     -3.1
    ],
    "gr": false,
    "g": false,
    "ph": 3,
    "j": 1
   },
   {
    "t": 2.77,
    "p": [
     10,
     -30.2,
     -33.3
    ],
    "v": [
     0,
     -34.9,
     -3.1
    ],
    "gr": false,
    "g": false,
    "ph": 3,
    "j": 1
   },
   {
    "t": 2.81,
    "p": [
     10,
     -32.5,
     -33.5
    ],
    "v": [
     0,
     -36.5,
     -3.1
    ],
    "gr": false,
    "g": false,
    "ph": 3,
    "j": 1
   },
   {
    "t": 2.86,
    "p": [
     10,
     -33.2,
     -33.5
    ],
    "v": [
     0,
     -36.9,
     -3.1
    ],
    "gr": false,
    "g": false,
    "ph": 3,
    "j": 1
   },
   {
    "t": 2.92,
    "p": [
     10,
     -35.4,
     -33.7
    ],
    "v": [
     0,
     -38.3,
     -3.1
    ],
    "gr": false,
    "g": false,
    "ph": 3,
    "j": 1
   },
   {
    "t": 2.96,
    "p": [
     10,
     -37.3,
     -33.9
    ],
    "v": [
     0,
     -39.5,
     -3.1
    ],
    "gr": false,
    "g": false,
    "ph": 3,
    "j": 1
   }
  ]
 },
 "ok": true,
 "errorCount": 0
}
[run] done: wait=ok console_errors=0 warnings=0
