[run] http://127.0.0.1:50772/index.html?autotest=1&mapfile=tools/out/audit/design-depth/aerie_proto.js&bots=7&script=idle&scenario=tools/out/audit/design-depth/sim2.js&duration=75&diff=hard&quality=low
[log] [autotest] finished {"ok":true,"errors":0,"fps":95.9}
[result] {
 "done": true,
 "started": true,
 "t": 75.03,
 "frames": 5645,
 "fps": {
  "avg": 95.9,
  "min": 4,
  "max": 188.7
 },
 "errors": [],
 "map": "aerie",
 "player": {
  "distance": 51.7,
  "maxSpeed": 5.85,
  "minY": -36.93496693435953,
  "maxY": 5.410466160951748,
  "states": {
   "onGround": true,
   "airborne": true
  },
  "shots": 0,
  "kills": 0,
  "deaths": 1,
  "damageDealt": 0,
  "damageTaken": 0
 },
 "bots": [
  {
   "name": "Servo",
   "alive": true,
   "kills": 4,
   "deaths": 6,
   "health": 55,
   "weapon": "rocket",
   "state": "engage",
   "distance": 332.1,
   "pos": [
    -1.5,
    0,
    -29
   ]
  },
  {
   "name": "Tesla",
   "alive": false,
   "kills": 6,
   "deaths": 7,
   "health": 0,
   "weapon": "sniper",
   "state": "retreat",
   "distance": 352.6,
   "pos": [
    -1.7,
    0,
    42.6
   ]
  },
  {
   "name": "Glitch",
   "alive": true,
   "kills": 8,
   "deaths": 6,
   "health": 41,
   "weapon": "rifle",
   "state": "engage",
   "distance": 337.4,
   "pos": [
    -22.6,
    0,
    -22.6
   ]
  },
  {
   "name": "Flux",
   "alive": true,
   "kills": 7,
   "deaths": 5,
   "health": 71,
   "weapon": "pistol",
   "state": "engage",
   "distance": 359.1,
   "pos": [
    -23.3,
    0.3,
    1.8
   ]
  },
  {
   "name": "Byte",
   "alive": true,
   "kills": 3,
   "deaths": 7,
   "health": 20,
   "weapon": "rocket",
   "state": "engage",
   "distance": 398.8,
   "pos": [
    -4.9,
    0.5,
    29.6
   ]
  },
  {
   "name": "Piston",
   "alive": true,
   "kills": 4,
   "deaths": 4,
   "health": 100,
   "weapon": "rifle",
   "state": "engage",
   "distance": 193.8,
   "pos": [
    0.6,
    0,
    43.8
   ]
  },
  {
   "name": "Axle",
   "alive": true,
   "kills": 4,
   "deaths": 5,
   "health": 100,
   "weapon": "pistol",
   "state": "engage",
   "distance": 352.9,
   "pos": [
    43.3,
    0,
    -9.3
   ]
  }
 ],
 "events": {
  "damage": 216,
  "death": 41,
  "spawn": 48,
  "pickup": 12,
  "fire": 969
 },
 "renderer": {
  "calls": 305,
  "triangles": 50370,
  "geometries": 207,
  "textures": 93,
  "programs": 74
 },
 "custom": {
  "deaths": {
   "pistol": 9,
   "rifle": 21,
   "rocket": 3,
   "fall": 3,
   "sniper": 4,
   "shotgun": 1
  },
  "falls": [
   {
    "victim": "Byte",
    "attacker": null,
    "t": 31.1,
    "tail": [
     {
      "t": 29.76,
      "p": [
       -15.7,
       -1.7,
       24
      ],
      "v": [
       -2.9,
       -11.7,
       -9.6
      ],
      "s": "engage",
      "g": false,
      "dodge": false,
      "hp": 100,
      "w": "pistol"
     },
     {
      "t": 29.83,
      "p": [
       -15.9,
       -2.6,
       23.3
      ],
      "v": [
       -2.9,
       -13.4,
       -9.3
      ],
      "s": "engage",
      "g": false,
      "dodge": false,
      "hp": 100,
      "w": "pistol"
     },
     {
      "t": 29.93,
      "p": [
       -16.1,
       -3.7,
       22.7
      ],
      "v": [
       -2.8,
       -15.3,
       -7.1
      ],
      "s": "engage",
      "g": false,
      "dodge": false,
      "hp": 100,
      "w": "pistol"
     },
     {
      "t": 30.06,
      "p": [
       -16.5,
       -6.2,
       21.7
      ],
      "v": [
       -2.9,
       -18.7,
       -7
      ],
      "s": "engage",
      "g": false,
      "dodge": false,
      "hp": 100,
      "w": "pistol"
     },
     {
      "t": 30.14,
      "p": [
       -16.8,
       -7.9,
       21.1
      ],
      "v": [
       -2.9,
       -20.7,
       -7
      ],
      "s": "engage",
      "g": false,
      "dodge": false,
      "hp": 100,
      "w": "pistol"
     },
     {
      "t": 30.21,
      "p": [
       -17,
       -9.5,
       20.6
      ],
      "v": [
       -2.9,
       -22.5,
       -7.1
      ],
      "s": "engage",
      "g": false,
      "dodge": false,
      "hp": 100,
      "w": "pistol"
     },
     {
      "t": 30.32,
      "p": [
       -17.3,
       -12.1,
       19.8
      ],
      "v": [
       -2.9,
       -25.1,
       -7.1
      ],
      "s": "engage",
      "g": false,
      "dodge": false,
      "hp": 100,
      "w": "pistol"
     },
     {
      "t": 30.39,
      "p": [
       -17.5,
       -13.8,
       19.4
      ],
      "v": [
       -2.9,
       -26.7,
       -7.1
      ],
      "s": "engage",
      "g": false,
      "dodge": false,
      "hp": 100,
      "w": "pistol"
     },
     {
      "t": 30.45,
      "p": [
       -17.7,
       -15.8,
       18.9
      ],
      "v": [
       -2.9,
       -28.4,
       -7.1
      ],
      "s": "engage",
      "g": false,
      "dodge": false,
      "hp": 100,
      "w": "pistol"
     },
     {
      "t": 30.51,
      "p": [
       -17.9,
       -17.4,
       18.5
      ],
      "v": [
       -2.9,
       -29.7,
       -7.1
      ],
      "s": "engage",
      "g": false,
      "dodge": false,
      "hp": 100,
      "w": "pistol"
     },
     {
      "t": 30.61,
      "p": [
       -18.1,
       -20.3,
       17.8
      ],
      "v": [
       -2.9,
       -31.9,
       -7.1
      ],
      "s": "engage",
      "g": false,
      "dodge": false,
      "hp": 100,
      "w": "pistol"
     },
     {
      "t": 30.72,
      "p": [
       -18.4,
       -23.7,
       17.1
      ],
      "v": [
       -2.9,
       -34.4,
       -7.1
      ],
      "s": "engage",
      "g": false,
      "dodge": false,
      "hp": 100,
      "w": "pistol"
     },
     {
      "t": 30.8,
      "p": [
       -18.7,
       -26.7,
       16.5
      ],
      "v": [
       -2.9,
       -36.4,
       -7.1
      ],
      "s": "engage",
      "g": false,
      "dodge": false,
      "hp": 100,
      "w": "pistol"
     },
     {
      "t": 30.88,
      "p": [
       -18.9,
       -29.9,
       15.9
      ],
      "v": [
       -2.2,
       -38.5,
       -7.6
      ],
      "s": "engage",
      "g": false,
      "dodge": false,
      "hp": 100,
      "w": "pistol"
     },
     {
      "t": 30.99,
      "p": [
       -19,
       -34.3,
       14.9
      ],
      "v": [
       0.3,
       -41.1,
       -9.3
      ],
      "s": "engage",
      "g": false,
      "dodge": false,
      "hp": 100,
      "w": "pistol"
     }
    ]
   },
   {
    "victim": "Player",
    "attacker": null,
    "t": 40,
    "tail": []
   },
   {
    "victim": "Byte",
    "attacker": null,
    "t": 69.6,
    "tail": [
     {
      "t": 68.57,
      "p": [
       23,
       -5.2,
       14.4
      ],
      "v": [
       -7.7,
       -17.5,
       1.8
      ],
      "s": "engage",
      "g": false,
      "dodge": false,
      "hp": 100,
      "w": "rifle"
     },
     {
      "t": 68.64,
      "p": [
       22.5,
       -6.4,
       14.6
      ],
      "v": [
       -7.7,
       -19.1,
       1.8
      ],
      "s": "engage",
      "g": false,
      "dodge": false,
      "hp": 100,
      "w": "rifle"
     },
     {
      "t": 68.69,
      "p": [
       22,
       -7.5,
       14.7
      ],
      "v": [
       -7.7,
       -20.4,
       1.8
      ],
      "s": "engage",
      "g": false,
      "dodge": false,
      "hp": 100,
      "w": "rifle"
     },
     {
      "t": 68.76,
      "p": [
       21.6,
       -8.8,
       14.8
      ],
      "v": [
       -7.7,
       -21.8,
       1.8
      ],
      "s": "engage",
      "g": false,
      "dodge": false,
      "hp": 100,
      "w": "pistol"
     },
     {
      "t": 68.84,
      "p": [
       21,
       -10.6,
       14.9
      ],
      "v": [
       -7.7,
       -23.7,
       1.8
      ],
      "s": "engage",
      "g": false,
      "dodge": false,
      "hp": 100,
      "w": "pistol"
     },
     {
      "t": 68.9,
      "p": [
       20.4,
       -12.2,
       15
      ],
      "v": [
       -7.7,
       -25.3,
       1.8
      ],
      "s": "engage",
      "g": false,
      "dodge": false,
      "hp": 100,
      "w": "pistol"
     },
     {
      "t": 68.96,
      "p": [
       20,
       -13.8,
       15.1
      ],
      "v": [
       -7.7,
       -26.8,
       1.8
      ],
      "s": "engage",
      "g": false,
      "dodge": false,
      "hp": 100,
      "w": "pistol"
     },
     {
      "t": 69.02,
      "p": [
       19.5,
       -15.5,
       15.2
      ],
      "v": [
       -7.7,
       -28.2,
       1.8
      ],
      "s": "engage",
      "g": false,
      "dodge": false,
      "hp": 100,
      "w": "pistol"
     },
     {
      "t": 69.13,
      "p": [
       18.6,
       -18.8,
       15.5
      ],
      "v": [
       -7.7,
       -30.9,
       1.8
      ],
      "s": "engage",
      "g": false,
      "dodge": false,
      "hp": 100,
      "w": "pistol"
     },
     {
      "t": 69.22,
      "p": [
       18,
       -21.3,
       15.6
      ],
      "v": [
       -7.7,
       -32.8,
       1.8
      ],
      "s": "engage",
      "g": false,
      "dodge": false,
      "hp": 100,
      "w": "pistol"
     },
     {
      "t": 69.3,
      "p": [
       17.5,
       -23.8,
       15.7
      ],
      "v": [
       -7.7,
       -34.5,
       1.8
      ],
      "s": "engage",
      "g": false,
      "dodge": false,
      "hp": 100,
      "w": "pistol"
     },
     {
      "t": 69.38,
      "p": [
       16.7,
       -27.2,
       15.9
      ],
      "v": [
       -7.7,
       -36.8,
       1.8
      ],
      "s": "engage",
      "g": false,
      "dodge": false,
      "hp": 100,
      "w": "pistol"
     },
     {
      "t": 69.46,
      "p": [
       16.2,
       -30,
       16
      ],
      "v": [
       -7.7,
       -38.6,
       1.8
      ],
      "s": "engage",
      "g": false,
      "dodge": false,
      "hp": 100,
      "w": "pistol"
     },
     {
      "t": 69.53,
      "p": [
       15.6,
       -32.9,
       16.2
      ],
      "v": [
       -7.7,
       -40.3,
       1.8
      ],
      "s": "engage",
      "g": false,
      "dodge": false,
      "hp": 100,
      "w": "pistol"
     },
     {
      "t": 69.6,
      "p": [
       15,
       -35.9,
       16.3
      ],
      "v": [
       -7.7,
       -42.1,
       1.8
      ],
      "s": "engage",
      "g": false,
      "dodge": false,
      "hp": 100,
      "w": "pistol"
     }
    ]
   }
  ],
  "total": 41
 },
 "ok": true,
 "errorCount": 0
}
[run] done: wait=ok console_errors=0 warnings=0
