[run] http://127.0.0.1:50395/index.html?autotest=1&mapfile=tools/out/audit/design-depth/aerie_proto2.js&bots=7&script=idle&scenario=tools/out/audit/design-depth/sim2.js&duration=75&diff=hard&quality=low
[log] [autotest] finished {"ok":true,"errors":0,"fps":102.2}
[result] {
 "done": true,
 "started": true,
 "t": 75.18,
 "frames": 5911,
 "fps": {
  "avg": 102.2,
  "min": 4,
  "max": 333.3
 },
 "errors": [],
 "map": "aerie2",
 "player": {
  "distance": 0,
  "maxSpeed": 0,
  "minY": 9.2,
  "maxY": 9.2,
  "states": {
   "onGround": true
  },
  "shots": 0,
  "kills": 0,
  "deaths": 0,
  "damageDealt": 0,
  "damageTaken": 0
 },
 "bots": [
  {
   "name": "Diode",
   "alive": true,
   "kills": 3,
   "deaths": 4,
   "health": 57,
   "weapon": "pistol",
   "state": "engage",
   "distance": 205,
   "pos": [
    -1.7,
    0.4,
    -32.9
   ]
  },
  {
   "name": "Voltage",
   "alive": true,
   "kills": 6,
   "deaths": 5,
   "health": 100,
   "weapon": "rifle",
   "state": "chase",
   "distance": 338.1,
   "pos": [
    39.3,
    0,
    8.8
   ]
  },
  {
   "name": "Cog",
   "alive": true,
   "kills": 6,
   "deaths": 6,
   "health": 100,
   "weapon": "shotgun",
   "state": "engage",
   "distance": 220.3,
   "pos": [
    -0.8,
    5,
    49.5
   ]
  },
  {
   "name": "Gasket",
   "alive": true,
   "kills": 7,
   "deaths": 6,
   "health": 100,
   "weapon": "rocket",
   "state": "roam",
   "distance": 308.9,
   "pos": [
    51,
    5,
    0
   ]
  },
  {
   "name": "Glitch",
   "alive": true,
   "kills": 1,
   "deaths": 3,
   "health": 100,
   "weapon": "sniper",
   "state": "engage",
   "distance": 176.7,
   "pos": [
    -31.1,
    0,
    1.9
   ]
  },
  {
   "name": "Byte",
   "alive": true,
   "kills": 4,
   "deaths": 5,
   "health": 93,
   "weapon": "rifle",
   "state": "engage",
   "distance": 394.6,
   "pos": [
    -3.4,
    0,
    37
   ]
  },
  {
   "name": "Servo",
   "alive": true,
   "kills": 2,
   "deaths": 4,
   "health": 100,
   "weapon": "rifle",
   "state": "roam",
   "distance": 285.2,
   "pos": [
    38,
    0,
    8
   ]
  }
 ],
 "events": {
  "damage": 154,
  "death": 33,
  "spawn": 41,
  "pickup": 13,
  "fire": 543
 },
 "renderer": {
  "calls": 260,
  "triangles": 51800,
  "geometries": 215,
  "textures": 101,
  "programs": 74
 },
 "custom": {
  "deaths": {
   "pistol": 11,
   "shotgun": 1,
   "rocket": 3,
   "rifle": 11,
   "sniper": 4,
   "fall": 2,
   "grenade": 1
  },
  "falls": [
   {
    "victim": "Byte",
    "attacker": "Gasket",
    "t": 34.6,
    "tail": [
     {
      "t": 33.66,
      "p": [
       -3.9,
       -6.7,
       28.4
      ],
      "v": [
       9.6,
       -21,
       -4.4
      ],
      "s": "retreat",
      "g": false,
      "dodge": false,
      "hp": 19,
      "w": "pistol"
     },
     {
      "t": 33.72,
      "p": [
       -3.3,
       -8.1,
       28.1
      ],
      "v": [
       9.9,
       -22.6,
       -4.9
      ],
      "s": "retreat",
      "g": false,
      "dodge": false,
      "hp": 19,
      "w": "pistol"
     },
     {
      "t": 33.77,
      "p": [
       -2.8,
       -9.3,
       27.8
      ],
      "v": [
       9.9,
       -23.7,
       -4.9
      ],
      "s": "retreat",
      "g": false,
      "dodge": false,
      "hp": 19,
      "w": "pistol"
     },
     {
      "t": 33.83,
      "p": [
       -2.2,
       -10.6,
       27.6
      ],
      "v": [
       9.9,
       -25,
       -4.9
      ],
      "s": "retreat",
      "g": false,
      "dodge": false,
      "hp": 19,
      "w": "pistol"
     },
     {
      "t": 33.88,
      "p": [
       -1.6,
       -12.2,
       27.3
      ],
      "v": [
       10,
       -26.5,
       -5.1
      ],
      "s": "retreat",
      "g": false,
      "dodge": false,
      "hp": 19,
      "w": "pistol"
     },
     {
      "t": 33.94,
      "p": [
       -1.2,
       -13.5,
       27
      ],
      "v": [
       10,
       -27.7,
       -5.1
      ],
      "s": "retreat",
      "g": false,
      "dodge": false,
      "hp": 19,
      "w": "pistol"
     },
     {
      "t": 33.99,
      "p": [
       -0.6,
       -15,
       26.7
      ],
      "v": [
       10,
       -29,
       -5.1
      ],
      "s": "retreat",
      "g": false,
      "dodge": false,
      "hp": 19,
      "w": "pistol"
     },
     {
      "t": 34.04,
      "p": [
       -0.1,
       -16.5,
       26.5
      ],
      "v": [
       10,
       -30.1,
       -5.1
      ],
      "s": "retreat",
      "g": false,
      "dodge": false,
      "hp": 19,
      "w": "pistol"
     },
     {
      "t": 34.11,
      "p": [
       0.5,
       -18.6,
       26.2
      ],
      "v": [
       10.1,
       -31.7,
       -5.2
      ],
      "s": "retreat",
      "g": false,
      "dodge": false,
      "hp": 19,
      "w": "pistol"
     },
     {
      "t": 34.17,
      "p": [
       1.2,
       -20.7,
       25.8
      ],
      "v": [
       10.1,
       -33.3,
       -5.2
      ],
      "s": "retreat",
      "g": false,
      "dodge": false,
      "hp": 19,
      "w": "pistol"
     },
     {
      "t": 34.25,
      "p": [
       1.9,
       -23,
       25.5
      ],
      "v": [
       10.1,
       -34.9,
       -5.2
      ],
      "s": "retreat",
      "g": false,
      "dodge": false,
      "hp": 19,
      "w": "pistol"
     },
     {
      "t": 34.33,
      "p": [
       2.7,
       -26.1,
       25
      ],
      "v": [
       10.2,
       -37,
       -5.4
      ],
      "s": "retreat",
      "g": false,
      "dodge": false,
      "hp": 19,
      "w": "pistol"
     },
     {
      "t": 34.38,
      "p": [
       3.4,
       -28.4,
       24.7
      ],
      "v": [
       10.2,
       -38.4,
       -5.4
      ],
      "s": "retreat",
      "g": false,
      "dodge": false,
      "hp": 19,
      "w": "pistol"
     },
     {
      "t": 34.46,
      "p": [
       4.1,
       -31.2,
       24.3
      ],
      "v": [
       10.2,
       -40.2,
       -5.4
      ],
      "s": "retreat",
      "g": false,
      "dodge": false,
      "hp": 19,
      "w": "pistol"
     },
     {
      "t": 34.51,
      "p": [
       4.6,
       -33.5,
       24
      ],
      "v": [
       10.2,
       -41.5,
       -5.4
      ],
      "s": "retreat",
      "g": false,
      "dodge": false,
      "hp": 19,
      "w": "pistol"
     }
    ]
   },
   {
    "victim": "Servo",
    "attacker": null,
    "t": 61.1,
    "tail": [
     {
      "t": 60.07,
      "p": [
       17.5,
       -6.3,
       23
      ],
      "v": [
       5.3,
       -18.9,
       -6.7
      ],
      "s": "engage",
      "g": false,
      "dodge": false,
      "hp": 100,
      "w": "rocket"
     },
     {
      "t": 60.19,
      "p": [
       18.1,
       -8.7,
       22.3
      ],
      "v": [
       5.3,
       -21.7,
       -6.7
      ],
      "s": "engage",
      "g": false,
      "dodge": false,
      "hp": 100,
      "w": "rocket"
     },
     {
      "t": 60.24,
      "p": [
       18.3,
       -9.8,
       21.9
      ],
      "v": [
       5.3,
       -22.9,
       -6.7
      ],
      "s": "engage",
      "g": false,
      "dodge": false,
      "hp": 100,
      "w": "rocket"
     },
     {
      "t": 60.29,
      "p": [
       18.7,
       -11.2,
       21.5
      ],
      "v": [
       5.3,
       -24.3,
       -6.7
      ],
      "s": "engage",
      "g": false,
      "dodge": false,
      "hp": 100,
      "w": "rocket"
     },
     {
      "t": 60.38,
      "p": [
       19,
       -12.7,
       21.1
      ],
      "v": [
       5.3,
       -25.7,
       -6.7
      ],
      "s": "engage",
      "g": false,
      "dodge": false,
      "hp": 100,
      "w": "rocket"
     },
     {
      "t": 60.44,
      "p": [
       19.4,
       -15,
       20.5
      ],
      "v": [
       5.3,
       -27.8,
       -6.7
      ],
      "s": "engage",
      "g": false,
      "dodge": false,
      "hp": 100,
      "w": "rocket"
     },
     {
      "t": 60.51,
      "p": [
       19.8,
       -17.1,
       20.1
      ],
      "v": [
       5.3,
       -29.5,
       -6.7
      ],
      "s": "engage",
      "g": false,
      "dodge": false,
      "hp": 100,
      "w": "rocket"
     },
     {
      "t": 60.59,
      "p": [
       20.2,
       -19.3,
       19.6
      ],
      "v": [
       5.3,
       -31.3,
       -6.7
      ],
      "s": "chase",
      "g": false,
      "dodge": false,
      "hp": 100,
      "w": "rocket"
     },
     {
      "t": 60.64,
      "p": [
       20.5,
       -21.1,
       19.2
      ],
      "v": [
       5.3,
       -32.6,
       -6.7
      ],
      "s": "chase",
      "g": false,
      "dodge": false,
      "hp": 100,
      "w": "rocket"
     },
     {
      "t": 60.71,
      "p": [
       20.8,
       -23.3,
       18.8
      ],
      "v": [
       5.3,
       -34.2,
       -6.7
      ],
      "s": "chase",
      "g": false,
      "dodge": false,
      "hp": 100,
      "w": "rocket"
     },
     {
      "t": 60.82,
      "p": [
       21.2,
       -25.9,
       18.3
      ],
      "v": [
       5.4,
       -35.9,
       -6.7
      ],
      "s": "chase",
      "g": false,
      "dodge": false,
      "hp": 100,
      "w": "rocket"
     },
     {
      "t": 60.86,
      "p": [
       21.7,
       -29,
       17.7
      ],
      "v": [
       5.4,
       -38,
       -6.7
      ],
      "s": "chase",
      "g": false,
      "dodge": false,
      "hp": 100,
      "w": "rocket"
     },
     {
      "t": 60.91,
      "p": [
       21.9,
       -30.7,
       17.4
      ],
      "v": [
       5.4,
       -39,
       -6.7
      ],
      "s": "chase",
      "g": false,
      "dodge": false,
      "hp": 100,
      "w": "rocket"
     },
     {
      "t": 60.97,
      "p": [
       22.2,
       -33.1,
       17
      ],
      "v": [
       5.4,
       -40.4,
       -6.7
      ],
      "s": "chase",
      "g": false,
      "dodge": false,
      "hp": 100,
      "w": "rocket"
     },
     {
      "t": 61.04,
      "p": [
       22.6,
       -35.9,
       16.5
      ],
      "v": [
       5.6,
       -42,
       -6.8
      ],
      "s": "chase",
      "g": false,
      "dodge": false,
      "hp": 100,
      "w": "rocket"
     }
    ]
   }
  ],
  "total": 33
 },
 "ok": true,
 "errorCount": 0
}
[run] done: wait=ok console_errors=0 warnings=0
