[run] http://127.0.0.1:65333/index.html?autotest=1&mapfile=tools/out/audit/design-depth/aerie_proto3.js&bots=7&script=idle&scenario=tools/out/audit/design-depth/sim3.js&duration=75&diff=hard&quality=low
[log] [autotest] finished {"ok":true,"errors":0,"fps":115.1}
[result] {
 "done": true,
 "started": true,
 "t": 75.02,
 "frames": 6929,
 "fps": {
  "avg": 115.1,
  "min": 4,
  "max": 416.7
 },
 "errors": [],
 "map": "aerie3",
 "player": {
  "distance": 25.6,
  "maxSpeed": 5.18,
  "minY": 0,
  "maxY": 15.747515246530151,
  "states": {
   "onGround": true,
   "airborne": true
  },
  "shots": 0,
  "kills": 0,
  "deaths": 0,
  "damageDealt": 0,
  "damageTaken": 0
 },
 "bots": [
  {
   "name": "Axle",
   "alive": true,
   "kills": 5,
   "deaths": 3,
   "health": 100,
   "weapon": "rifle",
   "state": "engage",
   "distance": 211.3,
   "pos": [
    40.2,
    0,
    -2.4
   ]
  },
  {
   "name": "Torque",
   "alive": true,
   "kills": 5,
   "deaths": 5,
   "health": 35,
   "weapon": "pistol",
   "state": "chase",
   "distance": 388,
   "pos": [
    -11.6,
    0,
    10.5
   ]
  },
  {
   "name": "Tesla",
   "alive": true,
   "kills": 6,
   "deaths": 5,
   "health": 35,
   "weapon": "shotgun",
   "state": "engage",
   "distance": 454,
   "pos": [
    -2,
    0,
    -19.7
   ]
  },
  {
   "name": "Rivet",
   "alive": false,
   "kills": 2,
   "deaths": 4,
   "health": 0,
   "weapon": "shotgun",
   "state": "engage",
   "distance": 433,
   "pos": [
    3.8,
    0,
    -13.7
   ]
  },
  {
   "name": "Nimbus",
   "alive": true,
   "kills": 4,
   "deaths": 3,
   "health": 60,
   "weapon": "sniper",
   "state": "engage",
   "distance": 415.8,
   "pos": [
    14,
    0,
    2.9
   ]
  },
  {
   "name": "Relay",
   "alive": true,
   "kills": 6,
   "deaths": 5,
   "health": 52,
   "weapon": "rocket",
   "state": "engage",
   "distance": 371,
   "pos": [
    -17.8,
    0.3,
    1
   ]
  },
  {
   "name": "Gasket",
   "alive": true,
   "kills": 1,
   "deaths": 6,
   "health": 100,
   "weapon": "pistol",
   "state": "chase",
   "distance": 456.5,
   "pos": [
    10,
    -7,
    -24.4
   ]
  }
 ],
 "events": {
  "damage": 127,
  "death": 31,
  "spawn": 38,
  "pickup": 16,
  "fire": 417
 },
 "renderer": {
  "calls": 200,
  "triangles": 51014,
  "geometries": 215,
  "textures": 101,
  "programs": 74
 },
 "custom": {
  "deaths": {
   "rocket": 4,
   "pistol": 16,
   "rifle": 4,
   "grenade": 1,
   "fall": 2,
   "sniper": 3,
   "shotgun": 1
  },
  "falls": [
   {
    "victim": "Rivet",
    "attacker": null,
    "t": 19.7,
    "tail": [
     {
      "t": 18.88,
      "p": [
       19.7,
       -15.4,
       -16.8
      ],
      "v": [
       1.1,
       -19.9,
       2.5
      ],
      "s": "chase",
      "g": false,
      "dodge": false,
      "hp": 64,
      "w": "pistol"
     },
     {
      "t": 18.95,
      "p": [
       19.7,
       -17,
       -16.6
      ],
      "v": [
       -0.9,
       -21.7,
       2.4
      ],
      "s": "chase",
      "g": false,
      "dodge": false,
      "hp": 64,
      "w": "pistol"
     },
     {
      "t": 19,
      "p": [
       19.6,
       -18.2,
       -16.4
      ],
      "v": [
       -2.4,
       -23,
       2.4
      ],
      "s": "chase",
      "g": false,
      "dodge": false,
      "hp": 64,
      "w": "pistol"
     },
     {
      "t": 19.07,
      "p": [
       19.3,
       -19.8,
       -16.3
      ],
      "v": [
       -4.3,
       -24.6,
       2.3
      ],
      "s": "chase",
      "g": false,
      "dodge": false,
      "hp": 64,
      "w": "pistol"
     },
     {
      "t": 19.13,
      "p": [
       19.1,
       -21.2,
       -16.2
      ],
      "v": [
       -5.8,
       -25.9,
       2.3
      ],
      "s": "chase",
      "g": false,
      "dodge": false,
      "hp": 64,
      "w": "pistol"
     },
     {
      "t": 19.16,
      "p": [
       18.8,
       -22.3,
       -16.1
      ],
      "v": [
       -7,
       -26.9,
       2.2
      ],
      "s": "chase",
      "g": false,
      "dodge": false,
      "hp": 64,
      "w": "pistol"
     },
     {
      "t": 19.22,
      "p": [
       18.4,
       -23.6,
       -16
      ],
      "v": [
       -8,
       -28.1,
       2.1
      ],
      "s": "chase",
      "g": false,
      "dodge": false,
      "hp": 64,
      "w": "pistol"
     },
     {
      "t": 19.26,
      "p": [
       18,
       -25.2,
       -15.9
      ],
      "v": [
       -8,
       -29.4,
       2.1
      ],
      "s": "chase",
      "g": false,
      "dodge": false,
      "hp": 64,
      "w": "pistol"
     },
     {
      "t": 19.32,
      "p": [
       17.5,
       -26.9,
       -15.7
      ],
      "v": [
       -8,
       -30.7,
       2.1
      ],
      "s": "chase",
      "g": false,
      "dodge": false,
      "hp": 64,
      "w": "pistol"
     },
     {
      "t": 19.37,
      "p": [
       17.1,
       -28.4,
       -15.6
      ],
      "v": [
       -8.2,
       -31.9,
       2.1
      ],
      "s": "chase",
      "g": false,
      "dodge": false,
      "hp": 64,
      "w": "pistol"
     },
     {
      "t": 19.42,
      "p": [
       16.7,
       -29.9,
       -15.5
      ],
      "v": [
       -8.7,
       -33,
       2.7
      ],
      "s": "engage",
      "g": false,
      "dodge": false,
      "hp": 64,
      "w": "pistol"
     },
     {
      "t": 19.46,
      "p": [
       16.4,
       -31.4,
       -15.4
      ],
      "v": [
       -8.7,
       -34,
       2.7
      ],
      "s": "engage",
      "g": false,
      "dodge": false,
      "hp": 64,
      "w": "pistol"
     },
     {
      "t": 19.5,
      "p": [
       16,
       -32.6,
       -15.3
      ],
      "v": [
       -8.7,
       -34.9,
       2.7
      ],
      "s": "engage",
      "g": false,
      "dodge": false,
      "hp": 64,
      "w": "pistol"
     },
     {
      "t": 19.55,
      "p": [
       15.6,
       -34.4,
       -15.2
      ],
      "v": [
       -8.7,
       -36.1,
       2.7
      ],
      "s": "engage",
      "g": false,
      "dodge": false,
      "hp": 64,
      "w": "pistol"
     },
     {
      "t": 19.6,
      "p": [
       15.2,
       -36.1,
       -15
      ],
      "v": [
       -8.7,
       -37.2,
       2.7
      ],
      "s": "engage",
      "g": false,
      "dodge": false,
      "hp": 64,
      "w": "pistol"
     }
    ]
   },
   {
    "victim": "Tesla",
    "attacker": "Nimbus",
    "t": 36.2,
    "tail": [
     {
      "t": 35.28,
      "p": [
       8.6,
       -8.9,
       17.9
      ],
      "v": [
       9.7,
       -22,
       -3.4
      ],
      "s": "chase",
      "g": false,
      "dodge": false,
      "hp": 80,
      "w": "pistol"
     },
     {
      "t": 35.34,
      "p": [
       9.3,
       -10.6,
       17.7
      ],
      "v": [
       9.7,
       -23.7,
       -3.4
      ],
      "s": "chase",
      "g": false,
      "dodge": false,
      "hp": 80,
      "w": "pistol"
     },
     {
      "t": 35.41,
      "p": [
       9.9,
       -11.9,
       17.5
      ],
      "v": [
       9.7,
       -25,
       -3.4
      ],
      "s": "chase",
      "g": false,
      "dodge": false,
      "hp": 80,
      "w": "pistol"
     },
     {
      "t": 35.45,
      "p": [
       10.4,
       -13.3,
       17.3
      ],
      "v": [
       9.8,
       -26.3,
       -3.7
      ],
      "s": "chase",
      "g": false,
      "dodge": false,
      "hp": 80,
      "w": "pistol"
     },
     {
      "t": 35.53,
      "p": [
       11,
       -15.1,
       17
      ],
      "v": [
       9.9,
       -27.9,
       -3.9
      ],
      "s": "chase",
      "g": false,
      "dodge": false,
      "hp": 80,
      "w": "pistol"
     },
     {
      "t": 35.57,
      "p": [
       11.5,
       -16.5,
       16.8
      ],
      "v": [
       9.9,
       -29.1,
       -3.9
      ],
      "s": "chase",
      "g": false,
      "dodge": false,
      "hp": 80,
      "w": "pistol"
     },
     {
      "t": 35.62,
      "p": [
       12,
       -18,
       16.7
      ],
      "v": [
       9.9,
       -30.3,
       -3.9
      ],
      "s": "chase",
      "g": false,
      "dodge": false,
      "hp": 80,
      "w": "pistol"
     },
     {
      "t": 35.68,
      "p": [
       12.6,
       -19.9,
       16.4
      ],
      "v": [
       10,
       -31.7,
       -4.2
      ],
      "s": "chase",
      "g": false,
      "dodge": false,
      "hp": 80,
      "w": "pistol"
     },
     {
      "t": 35.74,
      "p": [
       13.2,
       -21.8,
       16.1
      ],
      "v": [
       10.2,
       -33.2,
       -4.7
      ],
      "s": "chase",
      "g": false,
      "dodge": false,
      "hp": 80,
      "w": "pistol"
     },
     {
      "t": 35.8,
      "p": [
       13.8,
       -23.9,
       15.9
      ],
      "v": [
       10.2,
       -34.6,
       -4.7
      ],
      "s": "chase",
      "g": false,
      "dodge": false,
      "hp": 80,
      "w": "pistol"
     },
     {
      "t": 35.88,
      "p": [
       14.5,
       -26,
       15.6
      ],
      "v": [
       10.2,
       -36.1,
       -4.7
      ],
      "s": "chase",
      "g": false,
      "dodge": false,
      "hp": 80,
      "w": "pistol"
     },
     {
      "t": 35.92,
      "p": [
       15.1,
       -28.3,
       15.3
      ],
      "v": [
       10.3,
       -37.5,
       -5.3
      ],
      "s": "chase",
      "g": false,
      "dodge": false,
      "hp": 80,
      "w": "pistol"
     },
     {
      "t": 35.97,
      "p": [
       15.6,
       -30.1,
       15
      ],
      "v": [
       10.4,
       -38.7,
       -5.8
      ],
      "s": "chase",
      "g": false,
      "dodge": false,
      "hp": 80,
      "w": "pistol"
     },
     {
      "t": 36.02,
      "p": [
       16.1,
       -32,
       14.7
      ],
      "v": [
       10.4,
       -39.9,
       -5.8
      ],
      "s": "chase",
      "g": false,
      "dodge": false,
      "hp": 80,
      "w": "pistol"
     },
     {
      "t": 36.09,
      "p": [
       16.8,
       -34.8,
       14.3
      ],
      "v": [
       10.4,
       -41.5,
       -5.8
      ],
      "s": "chase",
      "g": false,
      "dodge": false,
      "hp": 80,
      "w": "pistol"
     }
    ]
   }
  ],
  "total": 31,
  "netSecs": 43.01780000000001,
  "botSecs": 448.10680000000013
 },
 "ok": true,
 "errorCount": 0
}
[run] done: wait=ok console_errors=0 warnings=0
