[run] http://127.0.0.1:53720/index.html?autotest=1&mapfile=tools/out/audit/design-depth/aerie_proto3.js&bots=7&script=idle&scenario=tools/out/audit/design-depth/sim3.js&duration=75&diff=hard&quality=low
[log] [autotest] finished {"ok":true,"errors":0,"fps":97.4}
[result] {
 "done": true,
 "started": true,
 "t": 75.04,
 "frames": 5623,
 "fps": {
  "avg": 97.4,
  "min": 4,
  "max": 243.9
 },
 "errors": [],
 "map": "aerie3",
 "player": {
  "distance": 23.8,
  "maxSpeed": 6.49,
  "minY": -7,
  "maxY": 6.056658858115529,
  "states": {
   "onGround": true,
   "airborne": true
  },
  "shots": 0,
  "kills": 0,
  "deaths": 0,
  "damageDealt": 0,
  "damageTaken": 0
 },
 "bots": [
  {
   "name": "Servo",
   "alive": true,
   "kills": 2,
   "deaths": 5,
   "health": 100,
   "weapon": "shotgun",
   "state": "collect",
   "distance": 437.8,
   "pos": [
    0,
    5,
    50.9
   ]
  },
  {
   "name": "Byte",
   "alive": true,
   "kills": 2,
   "deaths": 7,
   "health": 100,
   "weapon": "pistol",
   "state": "engage",
   "distance": 360.7,
   "pos": [
    15,
    0,
    -29.4
   ]
  },
  {
   "name": "Glitch",
   "alive": true,
   "kills": 5,
   "deaths": 4,
   "health": 100,
   "weapon": "pistol",
   "state": "engage",
   "distance": 407.1,
   "pos": [
    -15.6,
    0,
    -28.4
   ]
  },
  {
   "name": "Voltage",
   "alive": true,
   "kills": 4,
   "deaths": 6,
   "health": 10,
   "weapon": "sniper",
   "state": "retreat",
   "distance": 354.6,
   "pos": [
    -1.9,
    0,
    29.3
   ]
  },
  {
   "name": "Torque",
   "alive": true,
   "kills": 6,
   "deaths": 3,
   "health": 74,
   "weapon": "sniper",
   "state": "engage",
   "distance": 356,
   "pos": [
    30.7,
    0,
    3
   ]
  },
  {
   "name": "Relay",
   "alive": true,
   "kills": 5,
   "deaths": 4,
   "health": 100,
   "weapon": "rifle",
   "state": "engage",
   "distance": 272.4,
   "pos": [
    1.4,
    4.6,
    -2.9
   ]
  },
  {
   "name": "Tesla",
   "alive": true,
   "kills": 2,
   "deaths": 3,
   "health": 100,
   "weapon": "rifle",
   "state": "engage",
   "distance": 210.8,
   "pos": [
    -46.4,
    5,
    2.7
   ]
  }
 ],
 "events": {
  "damage": 173,
  "death": 32,
  "spawn": 40,
  "pickup": 14,
  "fire": 449
 },
 "renderer": {
  "calls": 193,
  "triangles": 49972,
  "geometries": 215,
  "textures": 101,
  "programs": 74
 },
 "custom": {
  "deaths": {
   "rifle": 14,
   "shotgun": 2,
   "pistol": 10,
   "sniper": 2,
   "fall": 2,
   "rocket": 1,
   "grenade": 1
  },
  "falls": [
   {
    "victim": "Glitch",
    "attacker": null,
    "t": 49.4,
    "tail": [
     {
      "t": 48.16,
      "p": [
       -18.4,
       -3.9,
       -7.4
      ],
      "v": [
       -0.1,
       -13.5,
       -8
      ],
      "s": "engage",
      "g": false,
      "dodge": false,
      "hp": 100,
      "w": "rifle"
     },
     {
      "t": 48.27,
      "p": [
       -18.4,
       -5.5,
       -8.4
      ],
      "v": [
       0.9,
       -16.1,
       -9.3
      ],
      "s": "engage",
      "g": false,
      "dodge": false,
      "hp": 100,
      "w": "rifle"
     },
     {
      "t": 48.42,
      "p": [
       -18,
       -8.3,
       -9.9
      ],
      "v": [
       3,
       -19.8,
       -10.5
      ],
      "s": "engage",
      "g": false,
      "dodge": false,
      "hp": 100,
      "w": "rifle"
     },
     {
      "t": 48.54,
      "p": [
       -17.7,
       -10.9,
       -11.2
      ],
      "v": [
       3,
       -22.7,
       -10.5
      ],
      "s": "chase",
      "g": false,
      "dodge": false,
      "hp": 100,
      "w": "rifle"
     },
     {
      "t": 48.63,
      "p": [
       -17.4,
       -13.1,
       -12.1
      ],
      "v": [
       3,
       -24.9,
       -10.5
      ],
      "s": "chase",
      "g": false,
      "dodge": false,
      "hp": 100,
      "w": "rifle"
     },
     {
      "t": 48.68,
      "p": [
       -17.2,
       -14.7,
       -12.8
      ],
      "v": [
       3,
       -26.3,
       -10.5
      ],
      "s": "chase",
      "g": false,
      "dodge": false,
      "hp": 100,
      "w": "rifle"
     },
     {
      "t": 48.76,
      "p": [
       -17,
       -16.5,
       -13.5
      ],
      "v": [
       3,
       -27.9,
       -10.5
      ],
      "s": "chase",
      "g": false,
      "dodge": false,
      "hp": 100,
      "w": "rifle"
     },
     {
      "t": 48.81,
      "p": [
       -16.9,
       -18.1,
       -14.1
      ],
      "v": [
       3,
       -29.2,
       -10.5
      ],
      "s": "chase",
      "g": false,
      "dodge": false,
      "hp": 100,
      "w": "rifle"
     },
     {
      "t": 48.86,
      "p": [
       -16.7,
       -19.5,
       -14.6
      ],
      "v": [
       3,
       -30.4,
       -10.5
      ],
      "s": "chase",
      "g": false,
      "dodge": false,
      "hp": 100,
      "w": "rifle"
     },
     {
      "t": 48.91,
      "p": [
       -16.5,
       -21.2,
       -15.1
      ],
      "v": [
       3,
       -31.7,
       -10.5
      ],
      "s": "chase",
      "g": false,
      "dodge": false,
      "hp": 100,
      "w": "rifle"
     },
     {
      "t": 48.98,
      "p": [
       -16.3,
       -23.4,
       -15.8
      ],
      "v": [
       3,
       -33.3,
       -10.5
      ],
      "s": "chase",
      "g": false,
      "dodge": false,
      "hp": 100,
      "w": "rifle"
     },
     {
      "t": 49.1,
      "p": [
       -16,
       -27,
       -16.9
      ],
      "v": [
       3,
       -35.8,
       -10.5
      ],
      "s": "chase",
      "g": false,
      "dodge": false,
      "hp": 100,
      "w": "rifle"
     },
     {
      "t": 49.17,
      "p": [
       -15.8,
       -30.4,
       -17.9
      ],
      "v": [
       3,
       -38,
       -10.5
      ],
      "s": "chase",
      "g": false,
      "dodge": false,
      "hp": 100,
      "w": "rifle"
     },
     {
      "t": 49.24,
      "p": [
       -15.6,
       -32.9,
       -18.6
      ],
      "v": [
       3,
       -39.6,
       -10.5
      ],
      "s": "chase",
      "g": false,
      "dodge": false,
      "hp": 100,
      "w": "rifle"
     },
     {
      "t": 49.3,
      "p": [
       -15.5,
       -34.6,
       -19
      ],
      "v": [
       3,
       -40.6,
       -10.5
      ],
      "s": "chase",
      "g": false,
      "dodge": false,
      "hp": 100,
      "w": "rifle"
     }
    ]
   },
   {
    "victim": "Servo",
    "attacker": null,
    "t": 72.3,
    "tail": [
     {
      "t": 70.81,
      "p": [
       20.3,
       -0.3,
       3.6
      ],
      "v": [
       0.2,
       -8.6,
       8.5
      ],
      "s": "engage",
      "g": false,
      "dodge": false,
      "hp": 100,
      "w": "rocket"
     },
     {
      "t": 70.89,
      "p": [
       20.3,
       -1.2,
       4.2
      ],
      "v": [
       -0.5,
       -10.6,
       6.2
      ],
      "s": "engage",
      "g": false,
      "dodge": false,
      "hp": 100,
      "w": "rocket"
     },
     {
      "t": 71,
      "p": [
       20.1,
       -2.5,
       4.7
      ],
      "v": [
       -2,
       -13.2,
       3.6
      ],
      "s": "engage",
      "g": false,
      "dodge": false,
      "hp": 100,
      "w": "rocket"
     },
     {
      "t": 71.07,
      "p": [
       20,
       -3.5,
       4.9
      ],
      "v": [
       -2,
       -14.8,
       4.1
      ],
      "s": "engage",
      "g": false,
      "dodge": false,
      "hp": 100,
      "w": "rocket"
     },
     {
      "t": 71.17,
      "p": [
       19.8,
       -5,
       5.4
      ],
      "v": [
       -1.7,
       -17.2,
       5.1
      ],
      "s": "engage",
      "g": false,
      "dodge": false,
      "hp": 100,
      "w": "rocket"
     },
     {
      "t": 71.25,
      "p": [
       19.7,
       -6.5,
       5.9
      ],
      "v": [
       -1.9,
       -19.1,
       6.6
      ],
      "s": "engage",
      "g": false,
      "dodge": false,
      "hp": 100,
      "w": "rocket"
     },
     {
      "t": 71.37,
      "p": [
       19.4,
       -9.1,
       6.8
      ],
      "v": [
       -2,
       -22.1,
       7.3
      ],
      "s": "engage",
      "g": false,
      "dodge": false,
      "hp": 100,
      "w": "rocket"
     },
     {
      "t": 71.55,
      "p": [
       19.2,
       -12.5,
       7.8
      ],
      "v": [
       -2,
       -25.5,
       7.3
      ],
      "s": "engage",
      "g": false,
      "dodge": false,
      "hp": 100,
      "w": "rocket"
     },
     {
      "t": 71.66,
      "p": [
       18.9,
       -16.5,
       8.8
      ],
      "v": [
       -2,
       -28.9,
       7.3
      ],
      "s": "engage",
      "g": false,
      "dodge": false,
      "hp": 100,
      "w": "rocket"
     },
     {
      "t": 71.75,
      "p": [
       18.7,
       -19.3,
       9.5
      ],
      "v": [
       -2,
       -31.1,
       7.3
      ],
      "s": "engage",
      "g": false,
      "dodge": false,
      "hp": 100,
      "w": "rocket"
     },
     {
      "t": 71.86,
      "p": [
       18.5,
       -22.4,
       10.2
      ],
      "v": [
       -2,
       -33.5,
       7.3
      ],
      "s": "engage",
      "g": false,
      "dodge": false,
      "hp": 100,
      "w": "rocket"
     },
     {
      "t": 71.93,
      "p": [
       18.3,
       -25.1,
       10.8
      ],
      "v": [
       -2,
       -35.3,
       7.3
      ],
      "s": "engage",
      "g": false,
      "dodge": false,
      "hp": 100,
      "w": "rocket"
     },
     {
      "t": 72.05,
      "p": [
       18.2,
       -28.7,
       11.5
      ],
      "v": [
       -2.3,
       -37.7,
       7.5
      ],
      "s": "engage",
      "g": false,
      "dodge": false,
      "hp": 100,
      "w": "rocket"
     },
     {
      "t": 72.1,
      "p": [
       17.9,
       -31.8,
       12.1
      ],
      "v": [
       -3.6,
       -39.6,
       8.3
      ],
      "s": "engage",
      "g": false,
      "dodge": false,
      "hp": 100,
      "w": "rocket"
     },
     {
      "t": 72.19,
      "p": [
       17.6,
       -35.2,
       12.8
      ],
      "v": [
       -3.6,
       -41.6,
       8.3
      ],
      "s": "engage",
      "g": false,
      "dodge": false,
      "hp": 100,
      "w": "rocket"
     }
    ]
   }
  ],
  "total": 32,
  "netSecs": 18,
  "botSecs": 445.25620000000015
 },
 "ok": true,
 "errorCount": 0
}
[run] done: wait=ok console_errors=0 warnings=0
