[run] http://127.0.0.1:51538/index.html?autotest=1&mapfile=tools/out/audit/design-depth/void_map.js&bots=0&script=idle&scenario=tools/out/audit/design-depth/speed.js&duration=9&quality=low
[warning] [world] map 'voidtest' has 1 warning(s):
 - only 4 spawn point(s): 14-18 recommended
[log] [autotest] finished {"ok":true,"errors":0,"fps":140.8}
[result] {
 "done": true,
 "started": true,
 "t": 9.45,
 "frames": 1104,
 "fps": {
  "avg": 140.8,
  "min": 4,
  "max": 344.8
 },
 "errors": [],
 "map": "voidtest",
 "player": {
  "distance": 52.12657231662639,
  "maxSpeed": 9.6,
  "minY": -12.782315907428645,
  "maxY": 0,
  "states": {
   "onGround": true,
   "isSprinting": true,
   "isCrouching": true,
   "airborne": true
  },
  "shots": 32,
  "kills": 0,
  "deaths": 1,
  "damageDealt": 0,
  "damageTaken": 0
 },
 "bots": [],
 "events": {
  "damage": 0,
  "death": 1,
  "spawn": 1,
  "pickup": 0,
  "fire": 32
 },
 "renderer": {
  "calls": 39,
  "triangles": 5486,
  "geometries": 56,
  "textures": 41,
  "programs": 42
 },
 "custom": {
  "log": [
   {
    "t": 0.1,
    "sp": 0,
    "spr": false,
    "sl": false,
    "crouch": false,
    "g": true,
    "x": -19
   },
   {
    "t": 0.2,
    "sp": 0,
    "spr": false,
    "sl": false,
    "crouch": false,
    "g": true,
    "x": -19
   },
   {
    "t": 0.3,
    "sp": 0,
    "spr": false,
    "sl": false,
    "crouch": false,
    "g": true,
    "x": -19
   },
   {
    "t": 0.4,
    "sp": 0,
    "spr": false,
    "sl": false,
    "crouch": false,
    "g": true,
    "x": -19
   },
   {
    "t": 0.5,
    "sp": 0,
    "spr": false,
    "sl": false,
    "crouch": false,
    "g": true,
    "x": -19
   },
   {
    "t": 0.6,
    "sp": 7.6,
    "spr": true,
    "sl": false,
    "crouch": false,
    "g": true,
    "x": -18.6
   },
   {
    "t": 0.7,
    "sp": 9.6,
    "spr": true,
    "sl": false,
    "crouch": false,
    "g": true,
    "x": -17.6
   },
   {
    "t": 0.8,
    "sp": 9.6,
    "spr": true,
    "sl": false,
    "crouch": false,
    "g": true,
    "x": -16.7
   },
   {
    "t": 0.9,
    "sp": 9.6,
    "spr": true,
    "sl": false,
    "crouch": false,
    "g": true,
    "x": -15.7
   },
   {
    "t": 1,
    "sp": 9.6,
    "spr": true,
    "sl": false,
    "crouch": false,
    "g": true,
    "x": -14.7
   },
   {
    "t": 1.1,
    "sp": 6.2,
    "spr": false,
    "sl": false,
    "crouch": false,
    "g": true,
    "x": -14.2
   },
   {
    "t": 1.2,
    "sp": 6.2,
    "spr": false,
    "sl": false,
    "crouch": false,
    "g": true,
    "x": -13.5
   },
   {
    "t": 1.3,
    "sp": 6.2,
    "spr": false,
    "sl": false,
    "crouch": false,
    "g": true,
    "x": -12.8
   },
   {
    "t": 1.4,
    "sp": 6.2,
    "spr": false,
    "sl": false,
    "crouch": false,
    "g": true,
    "x": -12.1
   },
   {
    "t": 1.5,
    "sp": 6.2,
    "spr": false,
    "sl": false,
    "crouch": false,
    "g": true,
    "x": -11.5
   },
   {
    "t": 1.6,
    "sp": 6.2,
    "spr": false,
    "sl": false,
    "crouch": false,
    "g": true,
    "x": -10.9
   },
   {
    "t": 1.7,
    "sp": 6.2,
    "spr": false,
    "sl": false,
    "crouch": false,
    "g": true,
    "x": -10.3
   },
   {
    "t": 1.8,
    "sp": 6.2,
    "spr": false,
    "sl": false,
    "crouch": false,
    "g": true,
    "x": -9.7
   },
   {
    "t": 1.9,
    "sp": 6.2,
    "spr": false,
    "sl": false,
    "crouch": false,
    "g": true,
    "x": -9
   },
   {
    "t": 2,
    "sp": 3.2,
    "spr": false,
    "sl": false,
    "crouch": true,
    "g": true,
    "x": -8.6
   },
   {
    "t": 2.1,
    "sp": 3.2,
    "spr": false,
    "sl": false,
    "crouch": true,
    "g": true,
    "x": -8.3
   },
   {
    "t": 2.2,
    "sp": 3.2,
    "spr": false,
    "sl": false,
    "crouch": true,
    "g": true,
    "x": -7.9
   },
   {
    "t": 2.3,
    "sp": 3.2,
    "spr": false,
    "sl": false,
    "crouch": true,
    "g": true,
    "x": -7.6
   },
   {
    "t": 2.4,
    "sp": 3.2,
    "spr": false,
    "sl": false,
    "crouch": true,
    "g": true,
    "x": -7.3
   },
   {
    "t": 2.5,
    "sp": 3.2,
    "spr": false,
    "sl": false,
    "crouch": true,
    "g": true,
    "x": -7
   },
   {
    "t": 2.6,
    "sp": 3.2,
    "spr": false,
    "sl": false,
    "crouch": true,
    "g": true,
    "x": -6.7
   },
   {
    "t": 2.7,
    "sp": 3.2,
    "spr": false,
    "sl": false,
    "crouch": true,
    "g": true,
    "x": -6.3
   },
   {
    "t": 2.8,
    "sp": 3.2,
    "spr": false,
    "sl": false,
    "crouch": true,
    "g": true,
    "x": -6
   },
   {
    "t": 2.9,
    "sp": 3.2,
    "spr": false,
    "sl": false,
    "crouch": true,
    "g": true,
    "x": -5.7
   },
   {
    "t": 3,
    "sp": 3.2,
    "spr": false,
    "sl": false,
    "crouch": true,
    "g": true,
    "x": -5.4
   },
   {
    "t": 3.1,
    "sp": 3.2,
    "spr": false,
    "sl": false,
    "crouch": true,
    "g": true,
    "x": -5.1
   },
   {
    "t": 3.2,
    "sp": 3.2,
    "spr": false,
    "sl": false,
    "crouch": true,
    "g": true,
    "x": -4.7
   },
   {
    "t": 3.3,
    "sp": 3.2,
    "spr": false,
    "sl": false,
    "crouch": true,
    "g": true,
    "x": -4.4
   },
   {
    "t": 3.4,
    "sp": 3.2,
    "spr": false,
    "sl": false,
    "crouch": true,
    "g": true,
    "x": -4.1
   },
   {
    "t": 3.5,
    "sp": 3.2,
    "spr": false,
    "sl": false,
    "crouch": true,
    "g": true,
    "x": -3.8
   },
   {
    "t": 3.6,
    "sp": 3.2,
    "spr": false,
    "sl": false,
    "crouch": true,
    "g": true,
    "x": -3.5
   },
   {
    "t": 3.7,
    "sp": 3.2,
    "spr": false,
    "sl": false,
    "crouch": true,
    "g": true,
    "x": -3.1
   },
   {
    "t": 3.8,
    "sp": 3.2,
    "spr": false,
    "sl": false,
    "crouch": true,
    "g": true,
    "x": -2.8
   },
   {
    "t": 3.9,
    "sp": 3.2,
    "spr": false,
    "sl": false,
    "crouch": true,
    "g": true,
    "x": -2.5
   },
   {
    "t": 4,
    "sp": 3.2,
    "spr": false,
    "sl": false,
    "crouch": true,
    "g": true,
    "x": -2.2
   },
   {
    "t": 4.1,
    "sp": 3.2,
    "spr": false,
    "sl": false,
    "crouch": true,
    "g": true,
    "x": -1.9
   },
   {
    "t": 4.2,
    "sp": 3.2,
    "spr": false,
    "sl": false,
    "crouch": true,
    "g": true,
    "x": -1.5
   },
   {
    "t": 4.3,
    "sp": 3.2,
    "spr": false,
    "sl": false,
    "crouch": true,
    "g": true,
    "x": -1.2
   },
   {
    "t": 4.4,
    "sp": 3.2,
    "spr": false,
    "sl": false,
    "crouch": true,
    "g": true,
    "x": -0.9
   },
   {
    "t": 4.5,
    "sp": 3.2,
    "spr": false,
    "sl": false,
    "crouch": true,
    "g": true,
    "x": -0.6
   },
   {
    "t": 4.6,
    "sp": 3.2,
    "spr": false,
    "sl": false,
    "crouch": true,
    "g": true,
    "x": -0.3
   },
   {
    "t": 4.7,
    "sp": 3.2,
    "spr": false,
    "sl": false,
    "crouch": true,
    "g": true,
    "x": 0
   },
   {
    "t": 4.8,
    "sp": 3.2,
    "spr": false,
    "sl": false,
    "crouch": true,
    "g": true,
    "x": 0.4
   },
   {
    "t": 4.9,
    "sp": 3.2,
    "spr": false,
    "sl": false,
    "crouch": true,
    "g": true,
    "x": 0.7
   },
   {
    "t": 5,
    "sp": 3.2,
    "spr": false,
    "sl": false,
    "crouch": true,
    "g": true,
    "x": 1
   },
   {
    "t": 5.1,
    "sp": 6.2,
    "spr": false,
    "sl": false,
    "crouch": false,
    "g": true,
    "x": 1.5
   },
   {
    "t": 5.2,
    "sp": 6.2,
    "spr": false,
    "sl": false,
    "crouch": false,
    "g": true,
    "x": 2.1
   },
   {
    "t": 5.3,
    "sp": 6.2,
    "spr": false,
    "sl": false,
    "crouch": false,
    "g": true,
    "x": 2.8
   },
   {
    "t": 5.4,
    "sp": 6.2,
    "spr": false,
    "sl": false,
    "crouch": false,
    "g": true,
    "x": 3.4
   },
   {
    "t": 5.5,
    "sp": 6.2,
    "spr": false,
    "sl": false,
    "crouch": false,
    "g": true,
    "x": 4
   },
   {
    "t": 5.6,
    "sp": 6.2,
    "spr": false,
    "sl": false,
    "crouch": false,
    "g": true,
    "x": 4.6
   },
   {
    "t": 5.7,
    "sp": 6.2,
    "spr": false,
    "sl": false,
    "crouch": false,
    "g": true,
    "x": 5.2
   },
   {
    "t": 5.8,
    "sp": 6.2,
    "spr": false,
    "sl": false,
    "crouch": false,
    "g": true,
    "x": 5.9
   },
   {
    "t": 5.9,
    "sp": 6.2,
    "spr": false,
    "sl": false,
    "crouch": false,
    "g": true,
    "x": 6.5
   },
   {
    "t": 6,
    "sp": 6.2,
    "spr": false,
    "sl": false,
    "crouch": false,
    "g": true,
    "x": 7.1
   },
   {
    "t": 6.1,
    "sp": 6.2,
    "spr": false,
    "sl": false,
    "crouch": false,
    "g": true,
    "x": 7.7
   },
   {
    "t": 6.2,
    "sp": 6.2,
    "spr": false,
    "sl": false,
    "crouch": false,
    "g": true,
    "x": 8.4
   },
   {
    "t": 6.3,
    "sp": 6.2,
    "spr": false,
    "sl": false,
    "crouch": false,
    "g": true,
    "x": 8.9
   },
   {
    "t": 6.4,
    "sp": 6.2,
    "spr": false,
    "sl": false,
    "crouch": false,
    "g": true,
    "x": 9.6
   },
   {
    "t": 6.5,
    "sp": 6.2,
    "spr": false,
    "sl": false,
    "crouch": false,
    "g": true,
    "x": 10.2
   },
   {
    "t": 6.6,
    "sp": 6.2,
    "spr": false,
    "sl": false,
    "crouch": false,
    "g": true,
    "x": 10.8
   },
   {
    "t": 6.7,
    "sp": 6.2,
    "spr": false,
    "sl": false,
    "crouch": false,
    "g": true,
    "x": 11.5
   },
   {
    "t": 6.8,
    "sp": 6.2,
    "spr": false,
    "sl": false,
    "crouch": false,
    "g": true,
    "x": 12.1
   },
   {
    "t": 6.9,
    "sp": 6.2,
    "spr": false,
    "sl": false,
    "crouch": false,
    "g": true,
    "x": 12.7
   },
   {
    "t": 7,
    "sp": 6.2,
    "spr": false,
    "sl": false,
    "crouch": false,
    "g": true,
    "x": 13.3
   },
   {
    "t": 7.1,
    "sp": 6.2,
    "spr": false,
    "sl": false,
    "crouch": false,
    "g": true,
    "x": 13.9
   },
   {
    "t": 7.2,
    "sp": 6.2,
    "spr": false,
    "sl": false,
    "crouch": false,
    "g": true,
    "x": 14.3
   },
   {
    "t": 7.3,
    "sp": 6.2,
    "spr": false,
    "sl": false,
    "crouch": false,
    "g": true,
    "x": 15.2
   },
   {
    "t": 7.4,
    "sp": 6.2,
    "spr": false,
    "sl": false,
    "crouch": false,
    "g": true,
    "x": 15.7
   },
   {
    "t": 7.5,
    "sp": 6.2,
    "spr": false,
    "sl": false,
    "crouch": false,
    "g": true,
    "x": 16.4
   },
   {
    "t": 7.6,
    "sp": 6.2,
    "spr": false,
    "sl": false,
    "crouch": false,
    "g": true,
    "x": 17
   },
   {
    "t": 7.7,
    "sp": 6.2,
    "spr": false,
    "sl": false,
    "crouch": false,
    "g": true,
    "x": 17.6
   },
   {
    "t": 7.8,
    "sp": 6.2,
    "spr": false,
    "sl": false,
    "crouch": false,
    "g": true,
    "x": 18.3
   },
   {
    "t": 7.9,
    "sp": 6.2,
    "spr": false,
    "sl": false,
    "crouch": false,
    "g": true,
    "x": 18.9
   },
   {
    "t": 8,
    "sp": 6.2,
    "spr": false,
    "sl": false,
    "crouch": false,
    "g": true,
    "x": 19.5
   },
   {
    "t": 8.1,
    "sp": 3.2,
    "spr": false,
    "sl": false,
    "crouch": false,
    "g": true,
    "x": 19.9
   },
   {
    "t": 8.2,
    "sp": 1.1,
    "spr": false,
    "sl": false,
    "crouch": false,
    "g": true,
    "x": 20.2
   },
   {
    "t": 8.3,
    "sp": 1.2,
    "spr": false,
    "sl": false,
    "crouch": false,
    "g": false,
    "x": 20.3
   },
   {
    "t": 8.4,
    "sp": 1.2,
    "spr": false,
    "sl": false,
    "crouch": false,
    "g": false,
    "x": 20.5
   },
   {
    "t": 8.5,
    "sp": 1.2,
    "spr": false,
    "sl": false,
    "crouch": false,
    "g": false,
    "x": 20.6
   },
   {
    "t": 8.6,
    "sp": 1.2,
    "spr": false,
    "sl": false,
    "crouch": false,
    "g": false,
    "x": 20.7
   },
   {
    "t": 8.7,
    "sp": 1.2,
    "spr": false,
    "sl": false,
    "crouch": false,
    "g": false,
    "x": 20.8
   },
   {
    "t": 8.8,
    "sp": 1.2,
    "spr": false,
    "sl": false,
    "crouch": false,
    "g": false,
    "x": 20.9
   },
   {
    "t": 8.9,
    "sp": 1.2,
    "spr": false,
    "sl": false,
    "crouch": false,
    "g": false,
    "x": 21.1
   },
   {
    "t": 9,
    "sp": 1.2,
    "spr": false,
    "sl": false,
    "crouch": false,
    "g": false,
    "x": 21.2
   },
   {
    "t": 9.1,
    "sp": 1.2,
    "spr": false,
    "sl": false,
    "crouch": false,
    "g": false,
    "x": 21.3
   },
   {
    "t": 9.2,
    "sp": 1.2,
    "spr": false,
    "sl": false,
    "crouch": false,
    "g": false,
    "x": 21.4
   },
   {
    "t": 9.3,
    "sp": 0,
    "spr": false,
    "sl": false,
    "crouch": false,
    "g": false,
    "x": 21.5
   },
   {
    "t": 9.4,
    "sp": 0,
    "spr": false,
    "sl": false,
    "crouch": false,
    "g": false,
    "x": 21.7
   }
  ],
  "summary": {
   "maxSpeed": 9.6,
   "slideSpeedMax": 0,
   "slideSecs": 0,
   "slideAbove10": 0
  }
 },
 "ok": true,
 "errorCount": 0
}
[run] done: wait=ok console_errors=0 warnings=1
