[run] http://127.0.0.1:60156/index.html?autotest=1&mapfile=tools/out/audit/design-depth/void_map.js&bots=0&script=idle&scenario=tools/out/audit/design-depth/speed.js&duration=9&quality=low
[warning] [world] map 'voidtest' has 1 warning(s):
 - only 4 spawn point(s): 14-18 recommended
[log] [autotest] finished {"ok":true,"errors":0,"fps":136.3}
[result] {
 "done": true,
 "started": true,
 "t": 9.07,
 "frames": 1013,
 "fps": {
  "avg": 136.3,
  "min": 4,
  "max": 217.4
 },
 "errors": [],
 "map": "voidtest",
 "player": {
  "distance": 54.3,
  "maxSpeed": 11.92,
  "minY": -12.996666666666654,
  "maxY": 0,
  "states": {
   "onGround": true,
   "isSprinting": true,
   "isCrouching": true,
   "isSliding": true,
   "airborne": true
  },
  "shots": 32,
  "kills": 0,
  "deaths": 1,
  "damageDealt": 0,
  "damageTaken": 0
 },
 "bots": [],
 "events": {
  "damage": 0,
  "death": 1,
  "spawn": 1,
  "pickup": 0,
  "fire": 32
 },
 "renderer": {
  "calls": 1,
  "triangles": 1840,
  "geometries": 56,
  "textures": 41,
  "programs": 41
 },
 "custom": {
  "log": [
   {
    "t": 0.1,
    "sp": 0,
    "spr": false,
    "sl": false,
    "crouch": false,
    "g": true,
    "x": -19
   },
   {
    "t": 0.2,
    "sp": 0,
    "spr": false,
    "sl": false,
    "crouch": false,
    "g": true,
    "x": -19
   },
   {
    "t": 0.3,
    "sp": 0,
    "spr": false,
    "sl": false,
    "crouch": false,
    "g": true,
    "x": -19
   },
   {
    "t": 0.4,
    "sp": 0,
    "spr": false,
    "sl": false,
    "crouch": false,
    "g": true,
    "x": -19
   },
   {
    "t": 0.5,
    "sp": 0,
    "spr": false,
    "sl": false,
    "crouch": false,
    "g": true,
    "x": -19
   },
   {
    "t": 0.6,
    "sp": 7.6,
    "spr": true,
    "sl": false,
    "crouch": false,
    "g": true,
    "x": -18.6
   },
   {
    "t": 0.7,
    "sp": 9.6,
    "spr": true,
    "sl": false,
    "crouch": false,
    "g": true,
    "x": -17.7
   },
   {
    "t": 0.8,
    "sp": 9.6,
    "spr": true,
    "sl": false,
    "crouch": false,
    "g": true,
    "x": -16.7
   },
   {
    "t": 0.9,
    "sp": 9.6,
    "spr": true,
    "sl": false,
    "crouch": false,
    "g": true,
    "x": -15.7
   },
   {
    "t": 1,
    "sp": 9.6,
    "spr": true,
    "sl": false,
    "crouch": false,
    "g": true,
    "x": -14.7
   },
   {
    "t": 1.1,
    "sp": 9.6,
    "spr": true,
    "sl": false,
    "crouch": false,
    "g": true,
    "x": -13.8
   },
   {
    "t": 1.2,
    "sp": 9.6,
    "spr": true,
    "sl": false,
    "crouch": false,
    "g": true,
    "x": -12.8
   },
   {
    "t": 1.3,
    "sp": 9.6,
    "spr": true,
    "sl": false,
    "crouch": false,
    "g": true,
    "x": -11.9
   },
   {
    "t": 1.4,
    "sp": 9.6,
    "spr": true,
    "sl": false,
    "crouch": false,
    "g": true,
    "x": -10.9
   },
   {
    "t": 1.5,
    "sp": 9.6,
    "spr": true,
    "sl": false,
    "crouch": false,
    "g": true,
    "x": -9.9
   },
   {
    "t": 1.6,
    "sp": 9.6,
    "spr": true,
    "sl": false,
    "crouch": false,
    "g": true,
    "x": -9.2
   },
   {
    "t": 1.7,
    "sp": 9.6,
    "spr": true,
    "sl": false,
    "crouch": false,
    "g": true,
    "x": -8
   },
   {
    "t": 1.8,
    "sp": 9.6,
    "spr": true,
    "sl": false,
    "crouch": false,
    "g": true,
    "x": -7.1
   },
   {
    "t": 1.9,
    "sp": 9.6,
    "spr": true,
    "sl": false,
    "crouch": false,
    "g": true,
    "x": -6.2
   },
   {
    "t": 2,
    "sp": 11,
    "spr": false,
    "sl": true,
    "crouch": true,
    "g": true,
    "x": -4.9
   },
   {
    "t": 2.1,
    "sp": 10,
    "spr": false,
    "sl": true,
    "crouch": true,
    "g": true,
    "x": -3.9
   },
   {
    "t": 2.2,
    "sp": 9.2,
    "spr": false,
    "sl": true,
    "crouch": true,
    "g": true,
    "x": -2.9
   },
   {
    "t": 2.3,
    "sp": 8.4,
    "spr": false,
    "sl": true,
    "crouch": true,
    "g": true,
    "x": -2.1
   },
   {
    "t": 2.4,
    "sp": 7.7,
    "spr": false,
    "sl": true,
    "crouch": true,
    "g": true,
    "x": -1.3
   },
   {
    "t": 2.5,
    "sp": 7,
    "spr": false,
    "sl": true,
    "crouch": true,
    "g": true,
    "x": -0.5
   },
   {
    "t": 2.6,
    "sp": 6.4,
    "spr": false,
    "sl": true,
    "crouch": true,
    "g": true,
    "x": 0.1
   },
   {
    "t": 2.7,
    "sp": 5.8,
    "spr": false,
    "sl": true,
    "crouch": true,
    "g": true,
    "x": 0.7
   },
   {
    "t": 2.8,
    "sp": 5.3,
    "spr": false,
    "sl": true,
    "crouch": true,
    "g": true,
    "x": 1.3
   },
   {
    "t": 2.9,
    "sp": 4.9,
    "spr": false,
    "sl": true,
    "crouch": true,
    "g": true,
    "x": 1.8
   },
   {
    "t": 3,
    "sp": 4.5,
    "spr": false,
    "sl": true,
    "crouch": true,
    "g": true,
    "x": 2.2
   },
   {
    "t": 3.1,
    "sp": 4.2,
    "spr": false,
    "sl": true,
    "crouch": true,
    "g": true,
    "x": 2.6
   },
   {
    "t": 3.2,
    "sp": 3.8,
    "spr": false,
    "sl": true,
    "crouch": true,
    "g": true,
    "x": 3
   },
   {
    "t": 3.3,
    "sp": 3.2,
    "spr": false,
    "sl": false,
    "crouch": true,
    "g": true,
    "x": 3.4
   },
   {
    "t": 3.4,
    "sp": 3.2,
    "spr": false,
    "sl": false,
    "crouch": true,
    "g": true,
    "x": 3.7
   },
   {
    "t": 3.5,
    "sp": 3.2,
    "spr": false,
    "sl": false,
    "crouch": true,
    "g": true,
    "x": 4
   },
   {
    "t": 3.6,
    "sp": 3.2,
    "spr": false,
    "sl": false,
    "crouch": true,
    "g": true,
    "x": 4.3
   },
   {
    "t": 3.7,
    "sp": 3.2,
    "spr": false,
    "sl": false,
    "crouch": true,
    "g": true,
    "x": 4.7
   },
   {
    "t": 3.8,
    "sp": 3.2,
    "spr": false,
    "sl": false,
    "crouch": true,
    "g": true,
    "x": 5
   },
   {
    "t": 3.9,
    "sp": 3.2,
    "spr": false,
    "sl": false,
    "crouch": true,
    "g": true,
    "x": 5.3
   },
   {
    "t": 4,
    "sp": 3.2,
    "spr": false,
    "sl": false,
    "crouch": true,
    "g": true,
    "x": 5.6
   },
   {
    "t": 4.1,
    "sp": 3.2,
    "spr": false,
    "sl": false,
    "crouch": true,
    "g": true,
    "x": 6
   },
   {
    "t": 4.2,
    "sp": 3.2,
    "spr": false,
    "sl": false,
    "crouch": true,
    "g": true,
    "x": 6.3
   },
   {
    "t": 4.3,
    "sp": 3.2,
    "spr": false,
    "sl": false,
    "crouch": true,
    "g": true,
    "x": 6.6
   },
   {
    "t": 4.4,
    "sp": 3.2,
    "spr": false,
    "sl": false,
    "crouch": true,
    "g": true,
    "x": 6.9
   },
   {
    "t": 4.5,
    "sp": 3.2,
    "spr": false,
    "sl": false,
    "crouch": true,
    "g": true,
    "x": 7.3
   },
   {
    "t": 4.6,
    "sp": 6.2,
    "spr": false,
    "sl": false,
    "crouch": false,
    "g": true,
    "x": 7.7
   },
   {
    "t": 4.7,
    "sp": 6.2,
    "spr": false,
    "sl": false,
    "crouch": false,
    "g": true,
    "x": 8.4
   },
   {
    "t": 4.8,
    "sp": 6.2,
    "spr": false,
    "sl": false,
    "crouch": false,
    "g": true,
    "x": 9
   },
   {
    "t": 4.9,
    "sp": 6.2,
    "spr": false,
    "sl": false,
    "crouch": false,
    "g": true,
    "x": 9.6
   },
   {
    "t": 5,
    "sp": 6.2,
    "spr": false,
    "sl": false,
    "crouch": false,
    "g": true,
    "x": 10.3
   },
   {
    "t": 5.1,
    "sp": 6.2,
    "spr": false,
    "sl": false,
    "crouch": false,
    "g": true,
    "x": 10.9
   },
   {
    "t": 5.2,
    "sp": 6.2,
    "spr": false,
    "sl": false,
    "crouch": false,
    "g": true,
    "x": 11.5
   },
   {
    "t": 5.3,
    "sp": 6.2,
    "spr": false,
    "sl": false,
    "crouch": false,
    "g": true,
    "x": 12.1
   },
   {
    "t": 5.4,
    "sp": 6.2,
    "spr": false,
    "sl": false,
    "crouch": false,
    "g": true,
    "x": 12.7
   },
   {
    "t": 5.5,
    "sp": 6.2,
    "spr": false,
    "sl": false,
    "crouch": false,
    "g": true,
    "x": 13.4
   },
   {
    "t": 5.6,
    "sp": 6.2,
    "spr": false,
    "sl": false,
    "crouch": false,
    "g": true,
    "x": 13.9
   },
   {
    "t": 5.7,
    "sp": 6.2,
    "spr": false,
    "sl": false,
    "crouch": false,
    "g": true,
    "x": 14.6
   },
   {
    "t": 5.8,
    "sp": 6.2,
    "spr": false,
    "sl": false,
    "crouch": false,
    "g": true,
    "x": 15.2
   },
   {
    "t": 5.9,
    "sp": 6.2,
    "spr": false,
    "sl": false,
    "crouch": false,
    "g": true,
    "x": 15.8
   },
   {
    "t": 6,
    "sp": 6.2,
    "spr": false,
    "sl": false,
    "crouch": false,
    "g": true,
    "x": 16.3
   },
   {
    "t": 6.1,
    "sp": 6.2,
    "spr": false,
    "sl": false,
    "crouch": false,
    "g": true,
    "x": 17
   },
   {
    "t": 6.2,
    "sp": 6.2,
    "spr": false,
    "sl": false,
    "crouch": false,
    "g": true,
    "x": 17.7
   },
   {
    "t": 6.3,
    "sp": 6.2,
    "spr": false,
    "sl": false,
    "crouch": false,
    "g": true,
    "x": 18.3
   },
   {
    "t": 6.4,
    "sp": 6.2,
    "spr": false,
    "sl": false,
    "crouch": false,
    "g": true,
    "x": 18.9
   },
   {
    "t": 6.5,
    "sp": 6.2,
    "spr": false,
    "sl": false,
    "crouch": false,
    "g": true,
    "x": 19.6
   },
   {
    "t": 6.6,
    "sp": 6.2,
    "spr": false,
    "sl": false,
    "crouch": false,
    "g": true,
    "x": 20.2
   },
   {
    "t": 6.7,
    "sp": 6.2,
    "spr": false,
    "sl": false,
    "crouch": false,
    "g": false,
    "x": 20.8
   },
   {
    "t": 6.8,
    "sp": 6.2,
    "spr": false,
    "sl": false,
    "crouch": false,
    "g": false,
    "x": 21.5
   },
   {
    "t": 6.9,
    "sp": 6.2,
    "spr": false,
    "sl": false,
    "crouch": false,
    "g": false,
    "x": 22.1
   },
   {
    "t": 7,
    "sp": 6.2,
    "spr": false,
    "sl": false,
    "crouch": false,
    "g": false,
    "x": 22.7
   },
   {
    "t": 7.1,
    "sp": 6.2,
    "spr": false,
    "sl": false,
    "crouch": false,
    "g": false,
    "x": 23.3
   },
   {
    "t": 7.2,
    "sp": 6.2,
    "spr": false,
    "sl": false,
    "crouch": false,
    "g": false,
    "x": 23.9
   },
   {
    "t": 7.3,
    "sp": 6.2,
    "spr": false,
    "sl": false,
    "crouch": false,
    "g": false,
    "x": 24.6
   },
   {
    "t": 7.4,
    "sp": 6.2,
    "spr": false,
    "sl": false,
    "crouch": false,
    "g": false,
    "x": 25.2
   },
   {
    "t": 7.5,
    "sp": 6.2,
    "spr": false,
    "sl": false,
    "crouch": false,
    "g": false,
    "x": 25.7
   },
   {
    "t": 7.6,
    "sp": 6.2,
    "spr": false,
    "sl": false,
    "crouch": false,
    "g": false,
    "x": 26.4
   },
   {
    "t": 7.7,
    "sp": 0,
    "spr": false,
    "sl": false,
    "crouch": false,
    "g": false,
    "x": 26.8
   },
   {
    "t": 7.8,
    "sp": 0,
    "spr": false,
    "sl": false,
    "crouch": false,
    "g": false,
    "x": 27.6
   },
   {
    "t": 7.9,
    "sp": 0,
    "spr": false,
    "sl": false,
    "crouch": false,
    "g": false,
    "x": 28
   },
   {
    "t": 8,
    "sp": 0,
    "spr": false,
    "sl": false,
    "crouch": false,
    "g": false,
    "x": 28.8
   },
   {
    "t": 8.1,
    "sp": 0,
    "spr": false,
    "sl": false,
    "crouch": false,
    "g": false,
    "x": 29.5
   },
   {
    "t": 8.2,
    "sp": 0,
    "spr": false,
    "sl": false,
    "crouch": false,
    "g": false,
    "x": 30
   },
   {
    "t": 8.3,
    "sp": 0,
    "spr": false,
    "sl": false,
    "crouch": false,
    "g": false,
    "x": 30.7
   },
   {
    "t": 8.4,
    "sp": 0,
    "spr": false,
    "sl": false,
    "crouch": false,
    "g": false,
    "x": 31.3
   },
   {
    "t": 8.5,
    "sp": 0,
    "spr": false,
    "sl": false,
    "crouch": false,
    "g": false,
    "x": 32
   },
   {
    "t": 8.6,
    "sp": 0,
    "spr": false,
    "sl": false,
    "crouch": false,
    "g": false,
    "x": 32.5
   },
   {
    "t": 8.7,
    "sp": 0,
    "spr": false,
    "sl": false,
    "crouch": false,
    "g": false,
    "x": 33.2
   },
   {
    "t": 8.8,
    "sp": 0,
    "spr": false,
    "sl": false,
    "crouch": false,
    "g": false,
    "x": 33.8
   },
   {
    "t": 8.9,
    "sp": 0,
    "spr": false,
    "sl": false,
    "crouch": false,
    "g": false,
    "x": 34.5
   },
   {
    "t": 9,
    "sp": 0,
    "spr": false,
    "sl": false,
    "crouch": false,
    "g": false,
    "x": 35
   }
  ],
  "summary": {
   "maxSpeed": 11,
   "slideSpeedMax": 11,
   "slideSecs": 1.3,
   "slideAbove10": 0.2
  }
 },
 "ok": true,
 "errorCount": 0
}
[run] done: wait=ok console_errors=0 warnings=1
