[run] http://127.0.0.1:54726/index.html?autotest=1&mapfile=tools/out/audit/design-depth/aerie_proto.js&bots=1&script=idle&scenario=tools/out/audit/design-depth/splat.js&duration=6&quality=low
[log] [autotest] finished {"ok":true,"errors":0,"fps":91.6}
[result] {
 "done": true,
 "started": true,
 "t": 6.03,
 "frames": 368,
 "fps": {
  "avg": 91.6,
  "min": 4,
  "max": 204.1
 },
 "errors": [],
 "map": "aerie",
 "player": {
  "distance": 11.709253521888268,
  "maxSpeed": 20,
  "minY": 0,
  "maxY": 5,
  "states": {
   "onGround": true,
   "airborne": true
  },
  "shots": 0,
  "kills": 0,
  "deaths": 0,
  "damageDealt": 0,
  "damageTaken": 0
 },
 "bots": [
  {
   "name": "Tesla",
   "alive": true,
   "kills": 0,
   "deaths": 0,
   "health": 89,
   "weapon": "rocket",
   "state": "engage",
   "distance": 34,
   "pos": [
    -7.1,
    0,
    7.3
   ]
  }
 ],
 "events": {
  "damage": 1,
  "death": 0,
  "spawn": 2,
  "pickup": 1,
  "fire": 2
 },
 "renderer": {
  "calls": 93,
  "triangles": 29812,
  "geometries": 178,
  "textures": 82,
  "programs": 73
 },
 "custom": {
  "bot": [
   {
    "t": 0,
    "sp": 20,
    "x": 4,
    "y": 0,
    "g": false
   },
   {
    "t": 0.13,
    "sp": 20.05385440464357,
    "x": 6.09,
    "y": 0.29,
    "g": false
   },
   {
    "t": 0.243,
    "sp": 19.29210575308775,
    "x": 8.91,
    "y": 0.23,
    "g": false
   },
   {
    "t": 0.273,
    "sp": 7.3819549633223875,
    "x": 9.3,
    "y": 0.17,
    "g": false
   },
   {
    "t": 0.316,
    "sp": 8.331098318808163,
    "x": 9.27,
    "y": 0.01,
    "g": false
   },
   {
    "t": 0.358,
    "sp": 8.094256509097553,
    "x": 9.25,
    "y": 0,
    "g": true
   },
   {
    "t": 0.412,
    "sp": 7.379050469139651,
    "x": 9.08,
    "y": 0,
    "g": true
   },
   {
    "t": 0.479,
    "sp": 7.238931326944401,
    "x": 8.87,
    "y": 0,
    "g": true
   },
   {
    "t": 0.552,
    "sp": 7.202275881640357,
    "x": 8.59,
    "y": 0,
    "g": true
   },
   {
    "t": 0.601,
    "sp": 7.197986411796895,
    "x": 8.37,
    "y": 0,
    "g": true
   },
   {
    "t": 0.667,
    "sp": 7.314669863498047,
    "x": 8.1,
    "y": 0,
    "g": true
   },
   {
    "t": 0.709,
    "sp": 7.417687909830674,
    "x": 7.83,
    "y": 0,
    "g": true
   },
   {
    "t": 0.74,
    "sp": 7.455142791562302,
    "x": 7.68,
    "y": 0,
    "g": true
   },
   {
    "t": 0.794,
    "sp": 7.492625877249944,
    "x": 7.47,
    "y": 0,
    "g": true
   },
   {
    "t": 0.825,
    "sp": 7.517675325214553,
    "x": 7.24,
    "y": 0,
    "g": true
   },
   {
    "t": 0.897,
    "sp": 7.539044783124531,
    "x": 6.9,
    "y": 0,
    "g": true
   },
   {
    "t": 0.952,
    "sp": 7.549122196832773,
    "x": 6.58,
    "y": 0,
    "g": true
   },
   {
    "t": 1.012,
    "sp": 7.552670655155088,
    "x": 6.39,
    "y": 0,
    "g": true
   },
   {
    "t": 1.055,
    "sp": 7.555954911690543,
    "x": 6.1,
    "y": 0,
    "g": true
   },
   {
    "t": 1.133,
    "sp": 7.558168758724145,
    "x": 5.71,
    "y": 0,
    "g": true
   },
   {
    "t": 1.158,
    "sp": 7.558849520347227,
    "x": 5.49,
    "y": 0,
    "g": true
   },
   {
    "t": 1.206,
    "sp": 7.559228015922465,
    "x": 5.29,
    "y": 0,
    "g": true
   },
   {
    "t": 1.261,
    "sp": 7.559626610334709,
    "x": 4.94,
    "y": 0,
    "g": true
   },
   {
    "t": 1.291,
    "sp": 7.559732386254196,
    "x": 4.77,
    "y": 0,
    "g": true
   },
   {
    "t": 1.333,
    "sp": 6.684542959947236,
    "x": 4.57,
    "y": 0,
    "g": true
   },
   {
    "t": 1.358,
    "sp": 6.619115697705685,
    "x": 4.37,
    "y": 0,
    "g": true
   },
   {
    "t": 1.394,
    "sp": 6.448189565926324,
    "x": 4.15,
    "y": 0,
    "g": true
   },
   {
    "t": 1.418,
    "sp": 6.376193496989398,
    "x": 4,
    "y": 0,
    "g": true
   },
   {
    "t": 1.461,
    "sp": 6.482865177521436,
    "x": 3.82,
    "y": 0,
    "g": true
   },
   {
    "t": 1.491,
    "sp": 6.604870181581835,
    "x": 3.71,
    "y": 0,
    "g": true
   },
   {
    "t": 1.515,
    "sp": 6.848768219504966,
    "x": 3.55,
    "y": 0,
    "g": true
   },
   {
    "t": 1.576,
    "sp": 7.15795197825144,
    "x": 3.33,
    "y": 0,
    "g": true
   },
   {
    "t": 1.6,
    "sp": 7.248254373982512,
    "x": 3.24,
    "y": 0,
    "g": true
   }
  ],
  "player": [
   {
    "t": 0,
    "sp": 20,
    "x": 4,
    "y": 0,
    "g": false
   },
   {
    "t": 0.086,
    "sp": 20,
    "x": 6,
    "y": 0.32,
    "g": false
   },
   {
    "t": 0.153,
    "sp": 20,
    "x": 7.17,
    "y": 0.4,
    "g": false
   },
   {
    "t": 0.195,
    "sp": 20,
    "x": 8,
    "y": 0.4,
    "g": false
   },
   {
    "t": 0.262,
    "sp": 20,
    "x": 9,
    "y": 0.35,
    "g": false
   },
   {
    "t": 0.359,
    "sp": 0,
    "x": 9.3,
    "y": 0.13,
    "g": false
   },
   {
    "t": 0.456,
    "sp": 0,
    "x": 9.3,
    "y": 0,
    "g": true
   },
   {
    "t": 0.486,
    "sp": 0,
    "x": 9.3,
    "y": 0,
    "g": true
   },
   {
    "t": 0.529,
    "sp": 0,
    "x": 9.3,
    "y": 0,
    "g": true
   },
   {
    "t": 0.577,
    "sp": 0,
    "x": 9.3,
    "y": 0,
    "g": true
   },
   {
    "t": 0.674,
    "sp": 0,
    "x": 9.3,
    "y": 0,
    "g": true
   },
   {
    "t": 0.716,
    "sp": 0,
    "x": 9.3,
    "y": 0,
    "g": true
   },
   {
    "t": 0.759,
    "sp": 0,
    "x": 9.3,
    "y": 0,
    "g": true
   },
   {
    "t": 0.813,
    "sp": 0,
    "x": 9.3,
    "y": 0,
    "g": true
   },
   {
    "t": 0.874,
    "sp": 0,
    "x": 9.3,
    "y": 0,
    "g": true
   },
   {
    "t": 0.935,
    "sp": 0,
    "x": 9.3,
    "y": 0,
    "g": true
   },
   {
    "t": 0.977,
    "sp": 0,
    "x": 9.3,
    "y": 0,
    "g": true
   },
   {
    "t": 1.032,
    "sp": 0,
    "x": 9.3,
    "y": 0,
    "g": true
   },
   {
    "t": 1.094,
    "sp": 0,
    "x": 9.3,
    "y": 0,
    "g": true
   },
   {
    "t": 1.13,
    "sp": 0,
    "x": 9.3,
    "y": 0,
    "g": true
   },
   {
    "t": 1.215,
    "sp": 0,
    "x": 9.3,
    "y": 0,
    "g": true
   },
   {
    "t": 1.258,
    "sp": 0,
    "x": 9.3,
    "y": 0,
    "g": true
   },
   {
    "t": 1.282,
    "sp": 0,
    "x": 9.3,
    "y": 0,
    "g": true
   },
   {
    "t": 1.324,
    "sp": 0,
    "x": 9.3,
    "y": 0,
    "g": true
   },
   {
    "t": 1.391,
    "sp": 0,
    "x": 9.3,
    "y": 0,
    "g": true
   },
   {
    "t": 1.427,
    "sp": 0,
    "x": 9.3,
    "y": 0,
    "g": true
   },
   {
    "t": 1.476,
    "sp": 0,
    "x": 9.3,
    "y": 0,
    "g": true
   },
   {
    "t": 1.549,
    "sp": 0,
    "x": 9.3,
    "y": 0,
    "g": true
   },
   {
    "t": 1.603,
    "sp": 0,
    "x": 9.3,
    "y": 0,
    "g": true
   }
  ],
  "botSummary": {
   "peak": 20.3,
   "maxOneFrameDrop": 12,
   "at": 8,
   "tAt": 0.261,
   "xAt": 9.3,
   "n": 98
  },
  "playerSummary": {
   "peak": 20,
   "maxOneFrameDrop": 20,
   "at": 13,
   "tAt": 0.274,
   "xAt": 9.3,
   "n": 85
  }
 },
 "ok": true,
 "errorCount": 0
}
[run] done: wait=ok console_errors=0 warnings=0
