[run] http://127.0.0.1:59434/index.html?autotest=1&map=ruins&bots=12&duration=120&scenario=tools/out/audit/review-world/botpads.js&script=idle&god=1&diff=easy
[warning] [world] map 'ruins' has 9 warning(s):
 - spawn #4 at [-9, 0, 31]: floor is at y=0.70 (snapped)
 - spawn #4 at [-9,0.7,31] is inside or too close to solid geometry (depth 0.65)
 - spawn #9 at [0, 0, 49]: floor is at y=0.78 (snapped)
 - spawn #14 at [-49,9,-18] is inside or too close to solid geometry (depth 0.40)
 - spawn #16 at [10, 4.5, -10]: floor is at y=5.70 (snapped)
 - pickup (health) at [42, 4.5, 4]: floor is at y=5.16 (snapped)
 - pickup (ammo) at [-11, 4.5, -11]: floor is at y=4.78 (snapped)
 - 777 solids (budget ~700)
 - bots cannot reach: spawn #4 (isolated area), pickup #11 (ammo, isolated area), pickup #13 (ammo) - add ramps/stairs (bots cannot grapple or wall-run)
[result] {
 "done": true,
 "started": true,
 "t": 120.1,
 "frames": 3587,
 "fps": {
  "avg": 33.6,
  "min": 4,
  "max": 181.8
 },
 "errors": [],
 "map": "ruins",
 "player": {
  "distance": 142.1,
  "maxSpeed": 15.84,
  "minY": 0,
  "maxY": 9.07755402987043,
  "states": {
   "onGround": true,
   "airborne": true
  },
  "shots": 0,
  "kills": 0,
  "deaths": 0,
  "damageDealt": 0,
  "damageTaken": 0
 },
 "bots": [
  {
   "name": "Torque",
   "alive": false,
   "kills": 2,
   "deaths": 6,
   "health": 0,
   "weapon": "pistol",
   "state": "retreat",
   "distance": 508.4,
   "pos": [
    29.9,
    0.3,
    -2.7
   ]
  },
  {
   "name": "Rivet",
   "alive": true,
   "kills": 2,
   "deaths": 3,
   "health": 94,
   "weapon": "rocket",
   "state": "chase",
   "distance": 464.5,
   "pos": [
    17.6,
    0,
    9.6
   ]
  },
  {
   "name": "Piston",
   "alive": true,
   "kills": 4,
   "deaths": 4,
   "health": 4,
   "weapon": "rifle",
   "state": "retreat",
   "distance": 477.6,
   "pos": [
    -7.4,
    1.1,
    48.7
   ]
  },
  {
   "name": "Axle",
   "alive": true,
   "kills": 7,
   "deaths": 5,
   "health": 100,
   "weapon": "sniper",
   "state": "engage",
   "distance": 464,
   "pos": [
    -43.9,
    4.5,
    -18.2
   ]
  },
  {
   "name": "Tesla",
   "alive": true,
   "kills": 6,
   "deaths": 4,
   "health": 89,
   "weapon": "pistol",
   "state": "engage",
   "distance": 494.1,
   "pos": [
    -29.8,
    -0.4,
    17
   ]
  },
  {
   "name": "Voltage",
   "alive": true,
   "kills": 3,
   "deaths": 3,
   "health": 100,
   "weapon": "rifle",
   "state": "engage",
   "distance": 614.5,
   "pos": [
    1.2,
    0.2,
    -22.4
   ]
  },
  {
   "name": "Cog",
   "alive": true,
   "kills": 3,
   "deaths": 4,
   "health": 60,
   "weapon": "pistol",
   "state": "chase",
   "distance": 512.2,
   "pos": [
    23.3,
    0,
    -15
   ]
  },
  {
   "name": "Flux",
   "alive": true,
   "kills": 5,
   "deaths": 4,
   "health": 100,
   "weapon": "pistol",
   "state": "chase",
   "distance": 550.3,
   "pos": [
    -39.6,
    2.2,
    31.2
   ]
  },
  {
   "name": "Gasket",
   "alive": true,
   "kills": 6,
   "deaths": 5,
   "health": 100,
   "weapon": "rifle",
   "state": "engage",
   "distance": 444.7,
   "pos": [
    -7.5,
    0.7,
    30.8
   ]
  },
  {
   "name": "Nimbus",
   "alive": false,
   "kills": 1,
   "deaths": 5,
   "health": 0,
   "weapon": "pistol",
   "state": "engage",
   "distance": 548,
   "pos": [
    30.6,
    0.1,
    3.6
   ]
  },
  {
   "name": "Sprocket",
   "alive": true,
   "kills": 4,
   "deaths": 5,
   "health": 100,
   "weapon": "rocket",
   "state": "engage",
   "distance": 591.9,
   "pos": [
    17.9,
    0,
    48.5
   ]
  },
  {
   "name": "Byte",
   "alive": true,
   "kills": 8,
   "deaths": 5,
   "health": 79,
   "weapon": "rifle",
   "state": "engage",
   "distance": 499.9,
   "pos": [
    -10.9,
    0,
    24.1
   ]
  }
 ],
 "events": {
  "damage": 403,
  "death": 53,
  "spawn": 64,
  "pickup": 19,
  "fire": 1042
 },
 "renderer": {
  "calls": 624,
  "triangles": 131280,
  "geometries": 220,
  "textures": 130,
  "programs": 100
 },
 "custom": {
  "byPad": {
   "pad3": {
    "n": 12,
    "ok": 0,
    "died": 0,
    "res": [
     [
      15.1,
      -8.9
     ],
     [
      17.3,
      -9
     ],
     [
      11.8,
      -9
     ],
     [
      10.9,
      -9
     ],
     [
      6,
      0
     ],
     [
      6.3,
      0
     ],
     [
      9.1,
      1
     ],
     [
      5.3,
      0
     ],
     [
      9.5,
      -9
     ],
     [
      6.7,
      0
     ],
     [
      5.5,
      0
     ],
     [
      18.9,
      -8.9
     ]
    ]
   },
   "pad1": {
    "n": 16,
    "ok": 6,
    "died": 1,
    "res": [
     [
      2.3,
      0
     ],
     [
      11.7,
      -4.5
     ],
     [
      1.4,
      0
     ],
     [
      0.8,
      0
     ],
     [
      10.9,
      -4.3
     ],
     [
      13,
      -4.2
     ],
     [
      1.3,
      0
     ],
     [
      3.6,
      0
     ],
     [
      11.2,
      -4.2
     ],
     [
      14.5,
      -3.1
     ],
     [
      8.8,
      -1.1
     ],
     [
      15.1,
      -3
     ],
     [
      1.7,
      0
     ],
     [
      1.6,
      0
     ],
     [
      10,
      -4.5
     ]
    ]
   },
   "pad0": {
    "n": 2,
    "ok": 1,
    "died": 0,
    "res": [
     [
      0.7,
      0
     ],
     [
      3,
      0
     ]
    ]
   }
  },
  "launches": 30
 },
 "ok": true,
 "errorCount": 0
}
[run] done: wait=ok console_errors=0 warnings=1
