[run] http://127.0.0.1:54214/index.html?autotest=1&map=foundry&bots=4&duration=6&scenario=tools/out/audit/review-world/flow.js&script=idle
[warning] [world] map 'foundry' has 1 warning(s):
 - 800 solids (budget ~700)
[warning] [world] map 'skyline' has 8 warning(s):
 - spawn #0 at [-28,0,-14] is inside or too close to solid geometry (depth 0.19)
 - spawn #1 at [34, 0, -14]: floor is at y=1.10 (snapped)
 - spawn #1 at [34,1.1,-14] is inside or too close to solid geometry (depth 0.35)
 - spawn #2 at [-34, 0, 14]: floor is at y=1.10 (snapped)
 - spawn #3 at [28, 0, 14]: floor is at y=1.10 (snapped)
 - pickup (ammo) at [33, 12.8, 24]: floor is at y=13.15 (snapped)
 - 1452 solids (budget ~700)
 - bots cannot reach: spawn #15 (isolated area), spawn #17 (isolated area), pickup #1 (weapon:sniper, isolated area), pickup #4 (armor, isolated area) - add ramps/stairs (bots cannot grapple or wall-run)
[warning] [world] map 'ruins' has 9 warning(s):
 - spawn #4 at [-9, 0, 31]: floor is at y=0.70 (snapped)
 - spawn #4 at [-9,0.7,31] is inside or too close to solid geometry (depth 0.65)
 - spawn #9 at [0, 0, 49]: floor is at y=0.78 (snapped)
 - spawn #14 at [-49,9,-18] is inside or too close to solid geometry (depth 0.40)
 - spawn #16 at [10, 4.5, -10]: floor is at y=5.70 (snapped)
 - pickup (health) at [42, 4.5, 4]: floor is at y=5.16 (snapped)
 - pickup (ammo) at [-11, 4.5, -11]: floor is at y=4.78 (snapped)
 - 777 solids (budget ~700)
 - bots cannot reach: spawn #4 (isolated area), pickup #11 (ammo, isolated area), pickup #13 (ammo) - add ramps/stairs (bots cannot grapple or wall-run)
[result] {
 "done": true,
 "started": true,
 "t": 6.24,
 "frames": 215,
 "fps": {
  "avg": 25.2,
  "min": 6.3,
  "max": 83.3
 },
 "errors": [],
 "map": "foundry",
 "player": {
  "distance": 0,
  "maxSpeed": 0,
  "minY": -4,
  "maxY": 9.6,
  "states": {
   "onGround": true
  },
  "shots": 0,
  "kills": 0,
  "deaths": 0,
  "damageDealt": 0,
  "damageTaken": 0
 },
 "bots": [
  {
   "name": "Sprocket",
   "alive": false,
   "kills": 0,
   "deaths": 1,
   "health": 0,
   "weapon": "rocket",
   "state": "chase",
   "distance": 28.2,
   "pos": [
    18.8,
    0.1,
    -41.2
   ]
  },
  {
   "name": "Cog",
   "alive": true,
   "kills": 0,
   "deaths": 0,
   "health": 100,
   "weapon": "pistol",
   "state": "engage",
   "distance": 38.9,
   "pos": [
    27.2,
    0,
    1.4
   ]
  },
  {
   "name": "Voltage",
   "alive": true,
   "kills": 0,
   "deaths": 0,
   "health": 100,
   "weapon": "rifle",
   "state": "collect",
   "distance": 42.6,
   "pos": [
    -42.1,
    1,
    1.7
   ]
  },
  {
   "name": "Servo",
   "alive": true,
   "kills": 1,
   "deaths": 0,
   "health": 100,
   "weapon": "rocket",
   "state": "collect",
   "distance": 28.1,
   "pos": [
    27.3,
    0,
    -31.5
   ]
  }
 ],
 "events": {
  "damage": 2,
  "death": 1,
  "spawn": 40,
  "pickup": 1,
  "fire": 3
 },
 "renderer": {
  "calls": 289,
  "triangles": 120492,
  "geometries": 218,
  "textures": 189,
  "programs": 103
 },
 "custom": {
  "steps": [
   {
    "lights": 10,
    "groups": 42,
    "meshes": 272,
    "mapGroups": 1,
    "geos": 175,
    "tex": 125,
    "children": 18,
    "mapId": "foundry",
    "pk": 15,
    "avail": 15,
    "pads": 4,
    "spawns": 18,
    "ents": 5,
    "bots": 4,
    "env": true,
    "navNodes": 10303,
    "state": "playing",
    "label": "initial"
   },
   {
    "lights": 10,
    "groups": 42,
    "meshes": 272,
    "mapGroups": 1,
    "geos": 175,
    "tex": 125,
    "children": 18,
    "mapId": "foundry",
    "pk": 15,
    "avail": 0,
    "pads": 4,
    "spawns": 18,
    "ents": 5,
    "bots": 4,
    "env": true,
    "navNodes": 10303,
    "state": "playing",
    "label": "after consuming all pickups"
   },
   {
    "lights": 10,
    "groups": 42,
    "meshes": 262,
    "mapGroups": 1,
    "geos": 188,
    "tex": 129,
    "children": 18,
    "mapId": "foundry",
    "pk": 15,
    "avail": 15,
    "pads": 4,
    "spawns": 18,
    "ents": 5,
    "bots": 4,
    "env": true,
    "navNodes": 10303,
    "state": "playing",
    "label": "restart same map"
   },
   {
    "lights": 10,
    "groups": 42,
    "meshes": 294,
    "mapGroups": 1,
    "geos": 202,
    "tex": 165,
    "children": 18,
    "mapId": "skyline",
    "pk": 15,
    "avail": 15,
    "pads": 4,
    "spawns": 18,
    "ents": 5,
    "bots": 4,
    "env": true,
    "navNodes": 7640,
    "state": "playing",
    "label": "switch skyline"
   },
   {
    "lights": 10,
    "groups": 43,
    "meshes": 267,
    "mapGroups": 1,
    "geos": 183,
    "tex": 184,
    "children": 18,
    "mapId": "ruins",
    "pk": 16,
    "avail": 16,
    "pads": 6,
    "spawns": 18,
    "ents": 5,
    "bots": 4,
    "env": true,
    "navNodes": 11543,
    "state": "playing",
    "label": "switch ruins"
   },
   {
    "lights": 10,
    "groups": 42,
    "meshes": 267,
    "mapGroups": 1,
    "geos": 184,
    "tex": 187,
    "children": 18,
    "mapId": "sandbox",
    "pk": 15,
    "avail": 14,
    "pads": 2,
    "spawns": 16,
    "ents": 5,
    "bots": 4,
    "env": true,
    "navNodes": 4091,
    "state": "playing",
    "label": "switch sandbox"
   },
   {
    "lights": 10,
    "groups": 42,
    "meshes": 274,
    "mapGroups": 1,
    "geos": 188,
    "tex": 187,
    "children": 18,
    "mapId": "foundry",
    "pk": 15,
    "avail": 15,
    "pads": 4,
    "spawns": 18,
    "ents": 5,
    "bots": 4,
    "env": true,
    "navNodes": 10303,
    "state": "playing",
    "label": "switch foundry"
   },
   {
    "lights": 10,
    "groups": 42,
    "meshes": 272,
    "mapGroups": 1,
    "geos": 188,
    "tex": 187,
    "children": 18,
    "mapId": "foundry",
    "pk": 15,
    "avail": 15,
    "pads": 4,
    "spawns": 18,
    "ents": 5,
    "bots": 4,
    "env": true,
    "navNodes": 10303,
    "state": "playing",
    "label": "restart foundry"
   },
   {
    "lights": 10,
    "groups": 34,
    "meshes": 164,
    "mapGroups": 1,
    "geos": 188,
    "tex": 187,
    "children": 14,
    "mapId": "foundry",
    "pk": 15,
    "avail": 15,
    "pads": 4,
    "spawns": 18,
    "ents": 0,
    "bots": 0,
    "env": true,
    "navNodes": 10303,
    "state": "menu",
    "label": "quitToMenu"
   },
   {
    "lights": 10,
    "groups": 42,
    "meshes": 274,
    "mapGroups": 1,
    "geos": 196,
    "tex": 188,
    "children": 18,
    "mapId": "foundry",
    "pk": 15,
    "avail": 15,
    "pads": 4,
    "spawns": 18,
    "ents": 5,
    "bots": 4,
    "env": true,
    "navNodes": 10303,
    "state": "playing",
    "label": "start foundry from menu"
   }
  ],
  "done": true
 },
 "ok": true,
 "errorCount": 0
}
[run] done: wait=ok console_errors=0 warnings=3
