[run] http://127.0.0.1:62066/index.html
[warning] [world] map 'foundry' has 1 warning(s):
 - 800 solids (budget ~700)
[warning] [world] map 'ruins' has 9 warning(s):
 - spawn #4 at [-9, 0, 31]: floor is at y=0.70 (snapped)
 - spawn #4 at [-9,0.7,31] is inside or too close to solid geometry (depth 0.65)
 - spawn #9 at [0, 0, 49]: floor is at y=0.78 (snapped)
 - spawn #14 at [-49,9,-18] is inside or too close to solid geometry (depth 0.40)
 - spawn #16 at [10, 4.5, -10]: floor is at y=5.70 (snapped)
 - pickup (health) at [42, 4.5, 4]: floor is at y=5.16 (snapped)
 - pickup (ammo) at [-11, 4.5, -11]: floor is at y=4.78 (snapped)
 - 777 solids (budget ~700)
 - bots cannot reach: spawn #4 (isolated area), pickup #11 (ammo, isolated area), pickup #13 (ammo) - add ramps/stairs (bots cannot grapple or wall-run)
[warning] [world] map 'skyline' has 8 warning(s):
 - spawn #0 at [-28,0,-14] is inside or too close to solid geometry (depth 0.19)
 - spawn #1 at [34, 0, -14]: floor is at y=1.10 (snapped)
 - spawn #1 at [34,1.1,-14] is inside or too close to solid geometry (depth 0.35)
 - spawn #2 at [-34, 0, 14]: floor is at y=1.10 (snapped)
 - spawn #3 at [28, 0, 14]: floor is at y=1.10 (snapped)
 - pickup (ammo) at [33, 12.8, 24]: floor is at y=13.15 (snapped)
 - 1452 solids (budget ~700)
 - bots cannot reach: spawn #15 (isolated area), spawn #17 (isolated area), pickup #1 (weapon:sniper, isolated area), pickup #4 (armor, isolated area) - add ramps/stairs (bots cannot grapple or wall-run)
[result] "{\"ruins\":{\"rows\":[{\"label\":\"spawn#4\",\"main\":false,\"fromMain\":false,\"toMain\":true,\"comp\":11509,\"scc\":97,\"pos\":[-9,0.7,31]},{\"label\":\"pickup#11:ammo\",\"main\":false,\"fromMain\":false,\"toMain\":false,\"comp\":4878,\"scc\":58,\"pos\":[-11,4.8,-11]},{\"label\":\"pickup#13:ammo\",\"node\":null}],\"stats\":{\"nodes\":11543,\"links\":81899,\"components\":26,\"largestComponent\":11490,\"buildMs\":306,\"traps\":0,\"strongComponents\":119,\"largestStrong\":10555,\"cells\":11664},\"warn\":[\"bots cannot reach: spawn #4 (isolated area), pickup #11 (ammo, isolated area), pickup #13 (ammo) - add ramps/stairs (bots cannot grapple or wall-run)\"]},\"skyline\":{\"rows\":[{\"label\":\"spawn#15\",\"main\":false,\"fromMain\":false,\"toMain\":true,\"comp\":7546,\"scc\":53,\"pos\":[-30,9.6,21]},{\"label\":\"spawn#17\",\"main\":false,\"fromMain\":false,\"toMain\":true,\"comp\":7546,\"scc\":9,\"pos\":[-24,16,-34]},{\"label\":\"pickup#1:weapon:sniper\",\"main\":false,\"fromMain\":false,\"toMain\":true,\"comp\":7546,\"scc\":9,\"pos\":[-35,16,-35]},{\"label\":\"pickup#4:armor\",\"main\":false,\"fromMain\":false,\"toMain\":true,\"comp\":7546,\"scc\":53,\"pos\":[-30,9.6,34.5]}],\"stats\":{\"nodes\":7640,\"links\":51057,\"components\":6,\"largestComponent\":7264,\"buildMs\":251,\"traps\":0,\"strongComponents\":80,\"largestStrong\":6174,\"cells\":8464},\"warn\":[\"bots cannot reach: spawn #15 (isolated area), spawn #17 (isolated area), pickup #1 (weapon:sniper, isolated area), pickup #4 (armor, isolated area) - add ramps/stairs (bots cannot grapple or wall-run)\"]},\"foundry\":{\"rows\":[],\"stats\":{\"nodes\":10303,\"links\":73261,\"components\":2,\"largestComponent\":10297,\"buildMs\":470,\"traps\":0,\"strongComponents\":91,\"largestStrong\":8266,\"cells\":9000},\"warn\":[]},\"sandbox\":{\"rows\":[],\"stats\":{\"nodes\":4091,\"links\":29699,\"components\":5,\"largestComponent\":4087,\"buildMs\":66,\"traps\":0,\"strongComponents\":26,\"largestStrong\":3885,\"cells\":4096},\"warn\":[]}}"
[run] done: wait=ok console_errors=0 warnings=3
