[run] http://127.0.0.1:62637/index.html?autotest=1&map=foundry&bots=0&duration=40&scenario=tools/out/audit/review-world/pads.js&god=1
[warning] [world] map 'foundry' has 1 warning(s):
 - 800 solids (budget ~700)
[result] {
 "done": true,
 "started": true,
 "t": 40.07,
 "frames": 1032,
 "fps": {
  "avg": 26.8,
  "min": 4,
  "max": 166.7
 },
 "errors": [],
 "map": "foundry",
 "player": {
  "distance": 70.3,
  "maxSpeed": 7.29,
  "minY": -4,
  "maxY": 12.918332986183453,
  "states": {
   "onGround": true,
   "airborne": true
  },
  "shots": 0,
  "kills": 0,
  "deaths": 0,
  "damageDealt": 0,
  "damageTaken": 0
 },
 "bots": [],
 "events": {
  "damage": 0,
  "death": 0,
  "spawn": 1,
  "pickup": 0,
  "fire": 0
 },
 "renderer": {
  "calls": 135,
  "triangles": 103048,
  "geometries": 121,
  "textures": 115,
  "programs": 94
 },
 "custom": {
  "pads": [
   {
    "i": 0,
    "pos": [
     -19,
     -4,
     24.5
    ],
    "target": [
     -19,
     5,
     16
    ],
    "land": [
     -19,
     5,
     16
    ],
    "errH": 0,
    "errY": 0,
    "apexRel": 11.9,
    "vel": [
     0,
     24,
     -5.67
    ],
    "air": 1.5,
    "onGround": true
   },
   {
    "i": 1,
    "pos": [
     19,
     -4,
     24.5
    ],
    "target": [
     19,
     5,
     16
    ],
    "land": [
     19,
     5,
     16.05
    ],
    "errH": 0.05,
    "errY": 0,
    "apexRel": 11.9,
    "vel": [
     0,
     24,
     -5.67
    ],
    "air": 1.48,
    "onGround": true
   },
   {
    "i": 2,
    "pos": [
     24,
     0,
     -33
    ],
    "target": [
     31.5,
     10,
     -36
    ],
    "land": [
     31.5,
     10,
     -36.06
    ],
    "errH": 0.06,
    "errY": 0,
    "apexRel": 12.9,
    "vel": [
     4.87,
     24.98,
     -1.95
    ],
    "air": 1.55,
    "onGround": true
   },
   {
    "i": 3,
    "pos": [
     38.5,
     5,
     -26.8
    ],
    "target": [
     43.8,
     10,
     -34.8
    ],
    "land": [
     43.91,
     10,
     -34.96
    ],
    "errH": 0.2,
    "errY": 0,
    "apexRel": 7.92,
    "vel": [
     4.03,
     19.6,
     -6.08
    ],
    "air": 1.34,
    "onGround": true
   }
  ],
  "count": 4,
  "finished": true
 },
 "ok": true,
 "errorCount": 0
}
[run] done: wait=ok console_errors=0 warnings=1
