[run] http://127.0.0.1:55700/index.html?autotest=1&map=ruins&bots=8&duration=40&scenario=tools/out/audit/review-world/perf.js&script=full
[warning] [world] map 'ruins' has 9 warning(s):
 - spawn #4 at [-9, 0, 31]: floor is at y=0.70 (snapped)
 - spawn #4 at [-9,0.7,31] is inside or too close to solid geometry (depth 0.65)
 - spawn #9 at [0, 0, 49]: floor is at y=0.78 (snapped)
 - spawn #14 at [-49,9,-18] is inside or too close to solid geometry (depth 0.40)
 - spawn #16 at [10, 4.5, -10]: floor is at y=5.70 (snapped)
 - pickup (health) at [42, 4.5, 4]: floor is at y=5.16 (snapped)
 - pickup (ammo) at [-11, 4.5, -11]: floor is at y=4.78 (snapped)
 - 777 solids (budget ~700)
 - bots cannot reach: spawn #4 (isolated area), pickup #11 (ammo, isolated area), pickup #13 (ammo) - add ramps/stairs (bots cannot grapple or wall-run)
[result] {
 "done": true,
 "started": true,
 "t": 40.05,
 "frames": 1170,
 "fps": {
  "avg": 32.5,
  "min": 4,
  "max": 169.5
 },
 "errors": [],
 "map": "ruins",
 "player": {
  "distance": 2.6,
  "maxSpeed": 11.01,
  "minY": 5.551115123125783e-17,
  "maxY": 9,
  "states": {
   "onGround": true,
   "airborne": true
  },
  "shots": 0,
  "kills": 0,
  "deaths": 1,
  "damageDealt": 0,
  "damageTaken": 153.55195652296555
 },
 "bots": [
  {
   "name": "Diode",
   "alive": true,
   "kills": 0,
   "deaths": 2,
   "health": 100,
   "weapon": "rifle",
   "state": "chase",
   "distance": 191.6,
   "pos": [
    40.3,
    1.7,
    33
   ]
  },
  {
   "name": "Cog",
   "alive": true,
   "kills": 0,
   "deaths": 3,
   "health": 100,
   "weapon": "pistol",
   "state": "chase",
   "distance": 194.9,
   "pos": [
    -41.2,
    4.5,
    1.5
   ]
  },
  {
   "name": "Rivet",
   "alive": true,
   "kills": 1,
   "deaths": 1,
   "health": 47,
   "weapon": "rocket",
   "state": "engage",
   "distance": 242.2,
   "pos": [
    21.9,
    0,
    -22.8
   ]
  },
  {
   "name": "Relay",
   "alive": true,
   "kills": 2,
   "deaths": 3,
   "health": 100,
   "weapon": "pistol",
   "state": "engage",
   "distance": 183.2,
   "pos": [
    -30.6,
    0,
    7.3
   ]
  },
  {
   "name": "Flux",
   "alive": true,
   "kills": 5,
   "deaths": 2,
   "health": 100,
   "weapon": "sniper",
   "state": "engage",
   "distance": 172.9,
   "pos": [
    -48,
    9,
    -16.4
   ]
  },
  {
   "name": "Nimbus",
   "alive": true,
   "kills": 2,
   "deaths": 1,
   "health": 11,
   "weapon": "sniper",
   "state": "engage",
   "distance": 236,
   "pos": [
    38.4,
    4.5,
    8.5
   ]
  },
  {
   "name": "Tesla",
   "alive": true,
   "kills": 2,
   "deaths": 2,
   "health": 44,
   "weapon": "sniper",
   "state": "engage",
   "distance": 196.7,
   "pos": [
    0.3,
    9,
    -44.5
   ]
  },
  {
   "name": "Torque",
   "alive": false,
   "kills": 1,
   "deaths": 2,
   "health": 0,
   "weapon": "pistol",
   "state": "retreat",
   "distance": 192,
   "pos": [
    -29.6,
    0,
    5.1
   ]
  }
 ],
 "events": {
  "damage": 90,
  "death": 17,
  "spawn": 26,
  "pickup": 5,
  "fire": 227
 },
 "renderer": {
  "calls": 480,
  "triangles": 115048,
  "geometries": 220,
  "textures": 126,
  "programs": 100
 },
 "custom": {
  "n": 1146,
  "t": 147.1000028848648,
  "max": 3.8000000715255737,
  "pk": 85.7000013589859,
  "pad": 47.10000193119049,
  "sky": 0,
  "avgMs": 0.1285,
  "pkAvg": 0.0748,
  "padAvg": 0.0411,
  "padLaunches": 0,
  "by": {
   "bot:health": 2,
   "bot:ammo": 1,
   "bot:grenades": 1,
   "bot:weapon": 1
  }
 },
 "ok": true,
 "errorCount": 0
}
[run] done: wait=ok console_errors=0 warnings=1
