[run] http://127.0.0.1:55796/index.html?autotest=1&map=skyline&bots=0&duration=2&script=idle
[warning] [world] map 'skyline' has 8 warning(s):
 - spawn #0 at [-28,0,-14] is inside or too close to solid geometry (depth 0.19)
 - spawn #1 at [34, 0, -14]: floor is at y=1.10 (snapped)
 - spawn #1 at [34,1.1,-14] is inside or too close to solid geometry (depth 0.35)
 - spawn #2 at [-34, 0, 14]: floor is at y=1.10 (snapped)
 - spawn #3 at [28, 0, 14]: floor is at y=1.10 (snapped)
 - pickup (ammo) at [33, 12.8, 24]: floor is at y=13.15 (snapped)
 - 1452 solids (budget ~700)
 - bots cannot reach: spawn #15 (isolated area), spawn #17 (isolated area), pickup #1 (weapon:sniper, isolated area), pickup #4 (armor, isolated area) - add ramps/stairs (bots cannot grapple or wall-run)
[result] {
 "map": "skyline",
 "total": 36840,
 "out": 0,
 "outPlay": 0,
 "outNear": 0,
 "outFar": 0,
 "outXY": 0,
 "worst": 0,
 "cam": {
  "l": -71.937687993774,
  "r": 71.937687993774,
  "t": 49.666322663033455,
  "b": -49.666322663033455,
  "n": 1,
  "f": 168.75257028840227
 },
 "size": 2048,
 "fit": {
  "extent": 143.875375987548,
  "range": 167.75257028840227
 },
 "bias": -0.00020939067672895393,
 "nb": 0.11942780233341388,
 "sunPos": [
  -69.53168541516241,
  47.742955928908614,
  37.440138300472064
 ],
 "sunDir": [
  -0.8339503888294594,
  0.32075014954979203,
  0.44905020936970885
 ],
 "bounds": [
  [
   -46,
   -4,
   -46
  ],
  [
   46,
   42,
   46
  ]
 ],
 "castShadow": true,
 "q": "high"
}
[run] done: wait=ok console_errors=0 warnings=1
