[run] http://127.0.0.1:54589/index.html?autotest=1&map=skyline&bots=0&duration=8&scenario=tools/out/audit/review-world/padtrace.js&god=1&pad=0
[warning] [world] map 'skyline' has 8 warning(s):
 - spawn #0 at [-28,0,-14] is inside or too close to solid geometry (depth 0.19)
 - spawn #1 at [34, 0, -14]: floor is at y=1.10 (snapped)
 - spawn #1 at [34,1.1,-14] is inside or too close to solid geometry (depth 0.35)
 - spawn #2 at [-34, 0, 14]: floor is at y=1.10 (snapped)
 - spawn #3 at [28, 0, 14]: floor is at y=1.10 (snapped)
 - pickup (ammo) at [33, 12.8, 24]: floor is at y=13.15 (snapped)
 - 1452 solids (budget ~700)
 - bots cannot reach: spawn #15 (isolated area), spawn #17 (isolated area), pickup #1 (weapon:sniper, isolated area), pickup #4 (armor, isolated area) - add ramps/stairs (bots cannot grapple or wall-run)
[log] [autotest] finished {"ok":true,"errors":0,"fps":32.4}
[result] {
 "done": true,
 "started": true,
 "t": 8.2,
 "frames": 286,
 "fps": {
  "avg": 32.4,
  "min": 4,
  "max": 84
 },
 "errors": [],
 "map": "skyline",
 "player": {
  "distance": 17.3,
  "maxSpeed": 6.24,
  "minY": 0.030000000000000027,
  "maxY": 12.852729270918612,
  "states": {
   "onGround": true,
   "airborne": true
  },
  "shots": 0,
  "kills": 0,
  "deaths": 0,
  "damageDealt": 0,
  "damageTaken": 0
 },
 "bots": [],
 "events": {
  "damage": 0,
  "death": 0,
  "spawn": 1,
  "pickup": 0,
  "fire": 0
 },
 "renderer": {
  "calls": 160,
  "triangles": 70394,
  "geometries": 135,
  "textures": 151,
  "programs": 97
 },
 "custom": {
  "trace": [
   [
    0,
    14.5,
    0.03,
    4,
    6.2,
    24.6,
    0,
    0
   ],
   [
    0.05,
    14.81,
    1.22,
    4,
    6.2,
    23.4,
    0,
    0
   ],
   [
    0.09,
    15.12,
    2.36,
    4,
    6.2,
    22.2,
    0,
    0
   ],
   [
    0.14,
    15.38,
    3.25,
    4,
    6.2,
    21.2,
    0,
    0
   ],
   [
    0.17,
    15.7,
    4.28,
    4,
    6.2,
    20,
    0,
    0
   ],
   [
    0.19,
    15.85,
    4.77,
    4,
    6.2,
    19.4,
    0,
    0
   ],
   [
    0.23,
    15.96,
    5.08,
    4,
    6.2,
    19,
    0,
    0
   ],
   [
    0.26,
    16.27,
    6,
    4,
    6.2,
    17.8,
    0,
    0
   ],
   [
    0.28,
    16.42,
    6.43,
    4,
    6.2,
    17.2,
    0,
    0
   ],
   [
    0.31,
    16.53,
    6.71,
    4,
    6.2,
    16.8,
    0,
    0
   ],
   [
    0.33,
    16.68,
    7.12,
    4,
    6.2,
    16.2,
    0,
    0
   ],
   [
    0.37,
    16.84,
    7.52,
    4,
    6.2,
    15.6,
    0,
    0
   ],
   [
    0.39,
    17.1,
    8.14,
    4,
    6.2,
    14.6,
    0,
    0
   ],
   [
    0.41,
    17.2,
    8.38,
    4,
    6.2,
    14.2,
    0,
    0
   ],
   [
    0.44,
    17.36,
    8.72,
    4,
    6.2,
    13.6,
    0,
    0
   ],
   [
    0.48,
    17.51,
    9.05,
    4,
    6.2,
    13,
    0,
    0
   ],
   [
    0.5,
    17.66,
    9.58,
    4,
    2.1,
    12.6,
    0,
    0
   ],
   [
    0.52,
    17.71,
    9.89,
    4,
    2.1,
    12,
    0,
    0
   ],
   [
    0.57,
    17.75,
    10.09,
    4,
    2.1,
    11.6,
    0,
    0
   ],
   [
    0.62,
    17.85,
    10.63,
    4,
    2.1,
    10.4,
    0,
    0
   ],
   [
    0.66,
    17.96,
    11.12,
    4,
    2.1,
    9.2,
    0,
    0
   ],
   [
    0.68,
    18.03,
    11.41,
    4,
    2.1,
    8.4,
    0,
    0
   ],
   [
    0.71,
    18.09,
    11.61,
    4,
    2.1,
    7.8,
    0,
    0
   ],
   [
    0.75,
    18.16,
    11.85,
    4,
    2.1,
    7,
    0,
    0
   ],
   [
    0.78,
    18.25,
    12.12,
    4,
    2.1,
    6,
    0,
    0
   ],
   [
    0.8,
    18.3,
    12.26,
    4,
    2.1,
    5.4,
    0,
    0
   ],
   [
    0.84,
    18.35,
    12.39,
    4,
    2.1,
    4.8,
    0,
    0
   ],
   [
    0.87,
    18.42,
    12.53,
    4,
    2.1,
    4,
    0,
    0
   ],
   [
    0.92,
    18.49,
    12.65,
    4,
    2.1,
    3.2,
    0,
    0
   ],
   [
    0.95,
    18.6,
    12.78,
    4,
    2.1,
    2,
    0,
    0
   ],
   [
    0.97,
    18.65,
    12.82,
    4,
    2.1,
    1.4,
    0,
    0
   ],
   [
    1.01,
    18.71,
    12.84,
    4,
    2.1,
    0.8,
    0,
    0
   ],
   [
    1.04,
    18.78,
    12.85,
    4,
    2.1,
    0,
    0,
    0
   ],
   [
    1.08,
    18.87,
    12.83,
    4,
    2.1,
    -1,
    0,
    0
   ],
   [
    1.12,
    18.94,
    12.78,
    4,
    2.1,
    -1.8,
    0,
    0
   ],
   [
    1.15,
    19.03,
    12.68,
    4,
    2.1,
    -2.8,
    0,
    0
   ],
   [
    1.2,
    19.08,
    12.6,
    4,
    2.1,
    -3.4,
    0,
    0
   ],
   [
    1.23,
    19.19,
    12.4,
    4,
    2.1,
    -4.6,
    0,
    0
   ],
   [
    1.27,
    19.28,
    12.18,
    4,
    2.1,
    -5.6,
    0,
    0
   ],
   [
    1.3,
    19.35,
    11.98,
    4,
    2.1,
    -6.4,
    0,
    0
   ],
   [
    1.35,
    19.42,
    11.75,
    4,
    2.1,
    -7.2,
    0,
    0
   ],
   [
    1.37,
    19.51,
    11.43,
    4,
    2.1,
    -8.2,
    0,
    0
   ],
   [
    1.4,
    19.56,
    11.21,
    4,
    2.1,
    -8.8,
    0,
    0
   ],
   [
    1.45,
    19.62,
    10.98,
    4,
    2.1,
    -9.4,
    0,
    0
   ],
   [
    1.47,
    19.72,
    10.48,
    4,
    2.1,
    -10.6,
    0,
    0
   ],
   [
    1.5,
    19.78,
    10.2,
    4,
    2.1,
    -11.2,
    0,
    0
   ],
   [
    1.53,
    19.83,
    9.92,
    4,
    2.1,
    -11.8,
    0,
    0
   ],
   [
    1.57,
    19.9,
    9.6,
    4,
    2.1,
    0,
    0,
    1
   ]
  ],
  "idx": 0,
  "finished": true,
  "pad": {
   "pos": [
    14.5,
    0.030000000000000027,
    4
   ],
   "target": [
    24,
    9.6,
    4
   ],
   "vel": [
    6.235746091495789,
    24.563387388550463,
    0
   ]
  }
 },
 "ok": true,
 "errorCount": 0
}
[run] done: wait=ok console_errors=0 warnings=1
