[run] http://127.0.0.1:54204/index.html?autotest=1&map=ruins&bots=0&duration=8&scenario=tools/out/audit/review-world/padtrace.js&god=1&pad=3
[warning] [world] map 'ruins' has 9 warning(s):
 - spawn #4 at [-9, 0, 31]: floor is at y=0.70 (snapped)
 - spawn #4 at [-9,0.7,31] is inside or too close to solid geometry (depth 0.65)
 - spawn #9 at [0, 0, 49]: floor is at y=0.78 (snapped)
 - spawn #14 at [-49,9,-18] is inside or too close to solid geometry (depth 0.40)
 - spawn #16 at [10, 4.5, -10]: floor is at y=5.70 (snapped)
 - pickup (health) at [42, 4.5, 4]: floor is at y=5.16 (snapped)
 - pickup (ammo) at [-11, 4.5, -11]: floor is at y=4.78 (snapped)
 - 777 solids (budget ~700)
 - bots cannot reach: spawn #4 (isolated area), pickup #11 (ammo, isolated area), pickup #13 (ammo) - add ramps/stairs (bots cannot grapple or wall-run)
[result] {
 "done": true,
 "started": true,
 "t": 8.07,
 "frames": 208,
 "fps": {
  "avg": 22.1,
  "min": 4,
  "max": 55.6
 },
 "errors": [],
 "map": "ruins",
 "player": {
  "distance": 25,
  "maxSpeed": 6.75,
  "minY": 0.050000000000000044,
  "maxY": 12.396639118442167,
  "states": {
   "onGround": true,
   "airborne": true
  },
  "shots": 0,
  "kills": 0,
  "deaths": 0,
  "damageDealt": 0,
  "damageTaken": 0
 },
 "bots": [],
 "events": {
  "damage": 0,
  "death": 0,
  "spawn": 1,
  "pickup": 0,
  "fire": 0
 },
 "renderer": {
  "calls": 126,
  "triangles": 71682,
  "geometries": 116,
  "textures": 99,
  "programs": 90
 },
 "custom": {
  "trace": [
   [
    0,
    0,
    0.1,
    -34.5,
    0,
    24.4,
    -6.7,
    0
   ],
   [
    0.05,
    0,
    1.28,
    -34.84,
    0,
    23.2,
    -6.7,
    0
   ],
   [
    0.09,
    0,
    2.41,
    -35.17,
    0,
    22,
    -6.7,
    0
   ],
   [
    0.1,
    0,
    3.13,
    -35.4,
    0,
    21.2,
    -6.7,
    0
   ],
   [
    0.15,
    0,
    3.47,
    -35.51,
    0,
    20.8,
    -6.7,
    0
   ],
   [
    0.2,
    0,
    4.48,
    -35.85,
    0,
    19.6,
    -6.7,
    0
   ],
   [
    0.25,
    0,
    5.42,
    -36.19,
    0,
    18.4,
    -6.7,
    0
   ],
   [
    0.28,
    0,
    6.17,
    -36.47,
    0,
    17.4,
    -6.7,
    0
   ],
   [
    0.31,
    0,
    6.73,
    -36.69,
    0,
    16.6,
    -6.7,
    0
   ],
   [
    0.35,
    0,
    7.13,
    -36.86,
    0,
    16,
    -6.7,
    0
   ],
   [
    0.39,
    0,
    7.78,
    -37,
    0,
    15,
    0,
    0
   ],
   [
    0.42,
    0,
    8.38,
    -37,
    0,
    14,
    0,
    0
   ],
   [
    0.47,
    0,
    8.83,
    -37,
    0,
    13.2,
    0,
    0
   ],
   [
    0.51,
    0,
    9.45,
    -37,
    0,
    12,
    0,
    0
   ],
   [
    0.55,
    0,
    9.92,
    -37,
    0,
    11,
    0,
    0
   ],
   [
    0.6,
    0,
    10.27,
    -37,
    0,
    10.2,
    0,
    0
   ],
   [
    0.64,
    0,
    10.75,
    -37,
    0,
    9,
    0,
    0
   ],
   [
    0.69,
    0,
    11.16,
    -37,
    0,
    7.8,
    0,
    0
   ],
   [
    0.74,
    0,
    11.46,
    -37,
    0,
    6.8,
    0,
    0
   ],
   [
    0.79,
    0,
    11.77,
    -37,
    0,
    5.6,
    0,
    0
   ],
   [
    0.84,
    0,
    12.01,
    -37,
    0,
    4.4,
    0,
    0
   ],
   [
    0.89,
    0,
    12.2,
    -37,
    0,
    3.2,
    0,
    0
   ],
   [
    0.93,
    0,
    12.32,
    -37,
    0,
    2,
    0,
    0
   ],
   [
    0.98,
    0,
    12.38,
    -37,
    0,
    1,
    0,
    0
   ],
   [
    1.01,
    0,
    12.4,
    -37,
    0,
    -0.2,
    0,
    0
   ],
   [
    1.06,
    0,
    12.37,
    -37,
    0,
    -1,
    0,
    0
   ],
   [
    1.1,
    0,
    12.29,
    -37,
    0,
    -2.2,
    0,
    0
   ],
   [
    1.15,
    0,
    12.2,
    -37,
    0,
    -3,
    0,
    0
   ],
   [
    1.2,
    0,
    12.01,
    -37,
    0,
    -4.2,
    0,
    0
   ],
   [
    1.24,
    0,
    11.77,
    -37,
    0,
    -5.4,
    0,
    0
   ],
   [
    1.29,
    0,
    11.52,
    -37,
    0,
    -6.4,
    0,
    0
   ],
   [
    1.34,
    0,
    11.16,
    -37,
    0,
    -7.6,
    0,
    0
   ],
   [
    1.39,
    0,
    10.75,
    -37,
    0,
    -8.8,
    0,
    0
   ],
   [
    1.44,
    0,
    10.27,
    -37,
    0,
    -10,
    0,
    0
   ],
   [
    1.49,
    0,
    9.74,
    -37,
    0,
    -11.2,
    0,
    0
   ],
   [
    1.54,
    0,
    9.14,
    -37,
    0,
    -12.4,
    0,
    0
   ],
   [
    1.59,
    0,
    8.49,
    -37,
    0,
    -13.6,
    0,
    0
   ],
   [
    1.64,
    0,
    7.77,
    -37,
    0,
    -14.8,
    0,
    0
   ],
   [
    1.69,
    0,
    7,
    -37,
    0,
    -16,
    0,
    0
   ],
   [
    1.74,
    0,
    6.16,
    -37,
    0,
    -17.2,
    0,
    0
   ],
   [
    1.77,
    0,
    5.27,
    -37,
    0,
    -18.4,
    0,
    0
   ],
   [
    1.82,
    0,
    4.64,
    -37,
    0,
    -19.2,
    0,
    0
   ],
   [
    1.87,
    0,
    3.64,
    -37,
    0,
    -20.4,
    0,
    0
   ],
   [
    1.92,
    0,
    2.59,
    -37,
    0,
    -21.6,
    0,
    0
   ],
   [
    1.97,
    0,
    1.47,
    -37,
    0,
    -22.8,
    0,
    0
   ],
   [
    2.02,
    0,
    0.3,
    -37,
    0,
    -24,
    0,
    0
   ],
   [
    2.07,
    0,
    0.05,
    -37,
    0,
    0,
    0,
    1
   ]
  ],
  "idx": 3,
  "finished": true,
  "pad": {
   "pos": [
    0,
    0.09999999999999987,
    -34.5
   ],
   "target": [
    0,
    9,
    -45
   ],
   "vel": [
    0,
    24.39672109116305,
    -6.7455065612723
   ]
  }
 },
 "ok": true,
 "errorCount": 0
}
[run] done: wait=ok console_errors=0 warnings=1
