[run] http://127.0.0.1:63380/tools/out/audit/review-assets/cut.html
[result] [
 "concrete.map cutX=0.21 cutY=0.23 seam=5.36/5.87 nb=25.68/25.88",
 "concrete.normalMap cutX=1.5 cutY=1.5 seam=44.45/44.44 nb=29.68/29.67",
 "concrete.roughnessMap cutX=0.9 cutY=1.08 seam=0.63/0.79 nb=0.7/0.73",
 "concrete_dark.map cutX=0.3 cutY=0.26 seam=5.26/4.51 nb=17.49/17.26",
 "concrete_dark.normalMap cutX=1.36 cutY=1.35 seam=38.82/37.6 nb=28.49/27.96",
 "concrete_dark.roughnessMap cutX=1.04 cutY=0.93 seam=0.93/0.61 nb=0.9/0.66",
 "concrete_floor.map cutX=1.1 cutY=0.99 seam=6.8/5.72 nb=6.19/5.78",
 "concrete_floor.normalMap cutX=0.33 cutY=0.33 seam=10.63/10.49 nb=32.32/32.02",
 "concrete_floor.roughnessMap cutX=1.06 cutY=0.89 seam=0.79/0.95 nb=0.75/1.07",
 "plaster.map cutX=0.95 cutY=0.97 seam=24.35/21.61 nb=25.74/22.34",
 "plaster.normalMap cutX=1.01 cutY=0.97 seam=10.82/8.62 nb=10.72/8.93",
 "plaster.roughnessMap cutX=1.05 cutY=0.96 seam=1.13/0.75 nb=1.08/0.78",
 "asphalt.map cutX=1.14 cutY=0.79 seam=19.93/16.42 nb=17.56/20.79",
 "asphalt.normalMap cutX=1.04 cutY=1.01 seam=27.29/27.88 nb=26.33/27.61",
 "asphalt.roughnessMap cutX=1.04 cutY=0.85 seam=2.95/3.05 nb=2.84/3.58",
 "brick.map cutX=0.89 cutY=0.91 seam=12.5/18.31 nb=14.12/20.03",
 "brick.normalMap cutX=0.7 cutY=0.61 seam=9.43/9.38 nb=13.57/15.35",
 "brick.roughnessMap cutX=0.08 cutY=0 seam=0.61/0 nb=7.55/10.38",
 "brick_dark.map cutX=0.85 cutY=0.85 seam=6.73/9.05 nb=7.96/10.58",
 "brick_dark.normalMap cutX=0.74 cutY=0.53 seam=9.57/9.4 nb=12.99/17.65",
 "brick_dark.roughnessMap cutX=0.04 cutY=0 seam=0.59/0 nb=14.25/31.03",
 "stone_blocks.map cutX=0.9 cutY=0.35 seam=5.54/2.65 nb=6.13/7.51",
 "stone_blocks.normalMap cutX=0.98 cutY=0.07 seam=1.07/0.21 nb=1.09/3.2",
 "stone_blocks.roughnessMap cutX=1.05 cutY=0 seam=1.12/0 nb=1.07/1.52",
 "stone_tiles.map cutX=1.02 cutY=0.33 seam=6.96/2.62 nb=6.83/8.02",
 "stone_tiles.normalMap cutX=1.79 cutY=0.21 seam=6.57/1.52 nb=3.67/7.08",
 "stone_tiles.roughnessMap cutX=3.29 cutY=0.08 seam=10.46/1.01 nb=3.19/11.89",
 "sandstone.map cutX=1.2 cutY=0.29 seam=9.39/4.89 nb=7.8/16.61",
 "sandstone.normalMap cutX=0.93 cutY=0.26 seam=3.18/1.5 nb=3.41/5.77",
 "sandstone.roughnessMap cutX=1.04 cutY=0.11 seam=1.15/0.17 nb=1.11/1.57",
 "sandstone_dark.map cutX=1.43 cutY=0.22 seam=5.79/0.9 nb=4.06/4.04",
 "sandstone_dark.normalMap cutX=1.3 cutY=0.08 seam=4.33/0.18 nb=3.33/2.42",
 "sandstone_dark.roughnessMap cutX=0.98 cutY=0 seam=1.09/0 nb=1.11/0.76",
 "tiles_white.map cutX=0.42 cutY=0.52 seam=6.67/6.89 nb=16.08/13.23",
 "tiles_white.normalMap cutX=0 cutY=0 seam=0.03/0.01 nb=13.75/12.63",
 "tiles_white.roughnessMap cutX=0 cutY=0 seam=0/0 nb=45.79/37.14",
 "marble.map cutX=0 cutY=0 seam=0/0 nb=0/0",
 "marble.normalMap cutX=1.87 cutY=1.86 seam=32.78/32.78 nb=17.57/17.58",
 "marble.roughnessMap cutX=0 cutY=0 seam=0/0 nb=0/0",
 "rock.map cutX=0.96 cutY=1.14 seam=6.77/12.26 nb=7.01/10.78",
 "rock.normalMap cutX=0.97 cutY=0.95 seam=12.79/16.86 nb=13.14/17.7",
 "rock.roughnessMap cutX=0.91 cutY=1.07 seam=0.73/0.84 nb=0.8/0.79",
 "metal_panel.map cutX=0.83 cutY=0.06 seam=2.57/1.12 nb=3.08/17.83",
 "metal_panel.normalMap cutX=0.97 cutY=0.03 seam=0.42/0.38 nb=0.43/13.71",
 "metal_panel.roughnessMap cutX=0.86 cutY=0 seam=1.1/0 nb=1.28/68.99",
 "metal_panel.metal cutX=0.4 cutY=1.01 seam=0.21/4.51 nb=0.54/4.45",
 "metal_dark.map cutX=0.06 cutY=0.07 seam=0.92/1.07 nb=15.92/15.52",
 "metal_dark.normalMap cutX=0.13 cutY=0.14 seam=3.31/3.5 nb=25.56/25.9",
 "metal_dark.roughnessMap cutX=0 cutY=0 seam=0/0 nb=80.19/80.31",
 "metal_dark.metal cutX=0.99 cutY=1.14 seam=3.52/4.5 nb=3.57/3.95",
 "metal_painted_yellow.map cutX=0.1 cutY=0.08 seam=1.71/1.26 nb=16.91/15.56",
 "metal_painted_yellow.normalMap cutX=0 cutY=0.01 seam=0/0.05 nb=10.67/10.44",
 "metal_painted_yellow.roughnessMap cutX=0 cutY=0 seam=0/0 nb=40.96/35.02",
 "metal_painted_yellow.metal cutX=0.84 cutY=0.94 seam=9.79/7.93 nb=11.62/8.42",
 "metal_rust.map cutX=0.96 cutY=0.98 seam=4.23/3.91 nb=4.39/4.01",
 "metal_rust.normalMap cutX=0.16 cutY=0.15 seam=2.67/2.43 nb=16.59/16.7",
 "metal_rust.roughnessMap cutX=0.99 cutY=0.92 seam=4.7/3.42 nb=4.74/3.72",
 "metal_rust.metal cutX=0.97 cutY=0.95 seam=4.15/3.23 nb=4.29/3.38",
 "metal_grate.map cutX=1.39 cutY=0.99 seam=17.03/4.75 nb=12.22/4.79",
 "metal_grate.normalMap cutX=1.13 cutY=0.95 seam=5.31/0.75 nb=4.7/0.79",
 "metal_grate.roughnessMap cutX=1.02 cutY=0.98 seam=1.54/1.66 nb=1.51/1.7",
 "metal_grate.alphaMap cutX=0 cutY=0 seam=0/0 nb=0/0",
 "metal_grate.metal cutX=1.62 cutY=0.98 seam=5.93/1.36 nb=3.67/1.4",
 "metal_corrugated.map cutX=1.09 cutY=1.03 seam=9.4/5.76 nb=8.63/5.57",
 "metal_corrugated.normalMap cutX=0.91 cutY=0.96 seam=4.19/1.94 nb=4.59/2.02",
 "metal_corrugated.roughnessMap cutX=1.37 cutY=1.23 seam=3.66/2.04 nb=2.67/1.66",
 "metal_corrugated.metal cutX=1.81 cutY=1.02 seam=3.21/0.14 nb=1.78/0.13",
 "container_red.map cutX=0.69 cutY=0.92 seam=3.37/2.51 nb=4.86/2.74",
 "container_red.normalMap cutX=0.98 cutY=0.97 seam=2.9/2.65 nb=2.96/2.74",
 "container_red.roughnessMap cutX=0.89 cutY=0.87 seam=2.45/1.83 nb=2.76/2.09",
 "container_red.metal cutX=0.78 cutY=0.54 seam=2.34/1 nb=3/1.84",
 "container_blue.map cutX=0.72 cutY=0.94 seam=4.44/3.12 nb=6.18/3.33",
 "container_blue.normalMap cutX=0.98 cutY=0.97 seam=2.9/2.65 nb=2.96/2.74",
 "container_blue.roughnessMap cutX=0.89 cutY=0.87 seam=2.45/1.83 nb=2.76/2.09",
 "container_blue.metal cutX=0.78 cutY=0.54 seam=2.34/1 nb=3/1.84",
 "container_green.map cutX=0.71 cutY=0.93 seam=3.54/2.49 nb=4.98/2.67",
 "container_green.normalMap cutX=0.98 cutY=0.97 seam=2.9/2.65 nb=2.96/2.74",
 "container_green.roughnessMap cutX=0.89 cutY=0.87 seam=2.45/1.83 nb=2.76/2.09",
 "container_green.metal cutX=0.78 cutY=0.54 seam=2.34/1 nb=3/1.84",
 "container_yellow.map cutX=0.73 cutY=0.91 seam=5.87/3.77 nb=8.04/4.13",
 "container_yellow.normalMap cutX=0.98 cutY=0.97 seam=2.9/2.65 nb=2.96/2.74",
 "container_yellow.roughnessMap cutX=0.89 cutY=0.87 seam=2.45/1.83 nb=2.76/2.09",
 "container_yellow.metal cutX=0.78 cutY=0.54 seam=2.34/1 nb=3/1.84",
 "container_white.map cutX=0.75 cutY=0.89 seam=9.58/5.53 nb=12.8/6.18",
 "container_white.normalMap cutX=0.98 cutY=0.97 seam=2.9/2.65 nb=2.96/2.74",
 "container_white.roughnessMap cutX=0.89 cutY=0.87 seam=2.45/1.83 nb=2.76/2.09",
 "container_white.metal cutX=0.78 cutY=0.54 seam=2.34/1 nb=3/1.84",
 "container_orange.map cutX=0.72 cutY=0.94 seam=5.29/3.15 nb=7.35/3.35",
 "container_orange.normalMap cutX=0.98 cutY=0.97 seam=2.9/2.65 nb=2.96/2.74",
 "container_orange.roughnessMap cutX=0.89 cutY=0.87 seam=2.45/1.83 nb=2.76/2.09",
 "container_orange.metal cutX=0.78 cutY=0.54 seam=2.34/1 nb=3/1.84",
 "hazard.map cutX=0.93 cutY=0.99 seam=13.04/13.86 nb=13.95/13.96",
 "hazard.normalMap cutX=1 cutY=0.99 seam=6.83/6.32 nb=6.8/6.36",
 "hazard.roughnessMap cutX=0.87 cutY=0.89 seam=2.23/2.29 nb=2.57/2.57",
 "hazard.metal cutX=0.78 cutY=0.72 seam=9.28/4.65 nb=11.94/6.48",
 "rubber.map cutX=0.81 cutY=0.98 seam=1.3/1.28 nb=1.6/1.31",
 "rubber.normalMap cutX=0.61 cutY=0.46 seam=4.01/2.72 nb=6.54/5.98",
 "rubber.roughnessMap cutX=0.94 cutY=0.89 seam=1.54/1.46 nb=1.64/1.64",
 "gold.map cutX=0.99 cutY=0.95 seam=4.9/5.32 nb=4.93/5.63",
 "gold.normalMap cutX=0.97 cutY=0.95 seam=0.95/1.03 nb=0.99/1.08",
 "gold.roughnessMap cutX=0.92 cutY=0.95 seam=2.05/2.28 nb=2.23/2.4",
 "gold.metal cutX=1.04 cutY=0.97 seam=0.64/0.69 nb=0.61/0.71",
 "wood_planks.map cutX=1.09 cutY=0.11 seam=5.17/2.29 nb=4.74/21.75",
 "wood_planks.normalMap cutX=1.74 cutY=0.08 seam=6.76/2.98 nb=3.88/39.57",
 "wood_planks.roughnessMap cutX=6.28 cutY=0 seam=7.4/0 nb=1.18/51.75",
 "crate.map cutX=0.78 cutY=1.02 seam=7.09/7.94 nb=9.04/7.77",
 "crate.normalMap cutX=0.95 cutY=0.96 seam=4.75/3.58 nb=4.98/3.72",
 "crate.roughnessMap cutX=1.08 cutY=1.12 seam=1.23/1.22 nb=1.14/1.1",
 "sand.map cutX=0.96 cutY=0.98 seam=9.62/11.65 nb=10.06/11.87",
 "sand.normalMap cutX=1.01 cutY=0.99 seam=8.1/9.56 nb=8.03/9.64",
 "sand.roughnessMap cutX=0 cutY=0 seam=0/0 nb=0/0",
 "dirt.map cutX=0.93 cutY=1 seam=5.85/6.09 nb=6.28/6.1",
 "dirt.normalMap cutX=1.01 cutY=0.97 seam=13.37/13.34 nb=13.29/13.73",
 "dirt.roughnessMap cutX=1.09 cutY=1.32 seam=0.19/0.16 nb=0.18/0.12",
 "grass.map cutX=0.76 cutY=1.01 seam=17.61/18.89 nb=23.16/18.64",
 "grass.normalMap cutX=1 cutY=0.99 seam=35.85/34.34 nb=35.95/34.67",
 "grass.roughnessMap cutX=0.78 cutY=1.07 seam=2.59/2.93 nb=3.31/2.74",
 "roof_gravel.map cutX=1.01 cutY=1.03 seam=18.51/17.8 nb=18.31/17.26",
 "roof_gravel.normalMap cutX=0.99 cutY=1.04 seam=20.17/21.11 nb=20.32/20.37",
 "roof_gravel.roughnessMap cutX=1.03 cutY=1.27 seam=1.45/1.48 nb=1.41/1.17",
 "water.map cutX=0.99 cutY=0.96 seam=0.51/0.38 nb=0.52/0.39",
 "water.normalMap cutX=1.04 cutY=0.96 seam=1.62/1.4 nb=1.56/1.46",
 "water.roughnessMap cutX=0.97 cutY=1.01 seam=0.54/0.55 nb=0.56/0.54",
 "glass_window.map cutX=0.19 cutY=0.17 seam=3.71/3.55 nb=20/20.87",
 "glass_window.normalMap cutX=11.28 cutY=9.6 seam=29.89/29.46 nb=2.65/3.07",
 "glass_window.roughnessMap cutX=1.05 cutY=0.94 seam=0.83/0.73 nb=0.79/0.78",
 "glass_window.emissiveMap cutX=0 cutY=0 seam=0/0 nb=0/0",
 "glass_window.metal cutX=0 cutY=0 seam=0/0 nb=0/0",
 "neon_blue.map cutX=0 cutY=0 seam=0/0 nb=15.09/15.09",
 "neon_blue.normalMap cutX=2.48 cutY=2.38 seam=15.55/16.25 nb=6.26/6.82",
 "neon_blue.roughnessMap cutX=1.1 cutY=1.1 seam=2.46/2.59 nb=2.24/2.36",
 "neon_blue.emissiveMap cutX=0.01 cutY=0.01 seam=0.35/0.34 nb=48.97/48.13",
 "neon_pink.map cutX=0 cutY=0 seam=0/0 nb=15.42/15.42",
 "neon_pink.normalMap cutX=2.48 cutY=2.38 seam=15.55/16.25 nb=6.26/6.82",
 "neon_pink.roughnessMap cutX=1.02 cutY=0.95 seam=2.36/2.33 nb=2.32/2.44",
 "neon_pink.emissiveMap cutX=0.01 cutY=0.01 seam=0.45/0.36 nb=49.72/48.48",
 "neon_orange.map cutX=0 cutY=0 seam=0/0 nb=14.77/14.77",
 "neon_orange.normalMap cutX=2.48 cutY=2.38 seam=15.55/16.25 nb=6.26/6.82",
 "neon_orange.roughnessMap cutX=1.02 cutY=1.01 seam=2.29/2.22 nb=2.25/2.2",
 "neon_orange.emissiveMap cutX=0.01 cutY=0.01 seam=0.4/0.4 nb=47.33/46.96",
 "neon_green.map cutX=0 cutY=0 seam=0/0 nb=14.44/14.44",
 "neon_green.normalMap cutX=2.48 cutY=2.38 seam=15.55/16.25 nb=6.26/6.82",
 "neon_green.roughnessMap cutX=0.95 cutY=0.93 seam=2.28/2.29 nb=2.4/2.46",
 "neon_green.emissiveMap cutX=0.01 cutY=0.01 seam=0.31/0.4 nb=46.87/45.85",
 "light_panel.map cutX=0 cutY=0 seam=0/0 nb=0/0",
 "light_panel.normalMap cutX=0 cutY=0 seam=0/0 nb=5.19/5.19",
 "light_panel.roughnessMap cutX=0.97 cutY=1 seam=8.33/8.77 nb=8.62/8.79",
 "light_panel.emissiveMap cutX=0 cutY=0 seam=0/0 nb=0/0",
 "dev_grid.map cutX=0 cutY=0 seam=0/0 nb=1.46/1.47",
 "dev_grid.normalMap cutX=1.34 cutY=1.34 seam=32.06/31.97 nb=23.89/23.82",
 "dev_grid.roughnessMap cutX=0 cutY=0 seam=0/0 nb=0/0"
]
[run] done: wait=ok console_errors=0 warnings=0
