[run] http://127.0.0.1:62733/index.html?autotest=1&map=foundry&bots=8&diff=hard&god=1&scenario=tools/out/audit/verify-core-2/alloc.js&duration=20
[warning] [world] map 'foundry' has 1 warning(s):
 - 800 solids (budget ~700)
[log] [autotest] finished {"ok":true,"errors":0,"fps":29.8}
[result] {
 "done": true,
 "started": true,
 "t": 20.09,
 "frames": 583,
 "fps": {
  "avg": 29.8,
  "min": 4,
  "max": 166.7
 },
 "errors": [],
 "map": "foundry",
 "player": {
  "distance": 40,
  "maxSpeed": 17.72,
  "minY": 0,
  "maxY": 6.779098725305597,
  "states": {
   "onGround": true,
   "airborne": true
  },
  "shots": 0,
  "kills": 0,
  "deaths": 0,
  "damageDealt": 0,
  "damageTaken": 0
 },
 "bots": [
  {
   "name": "Voltage",
   "alive": true,
   "kills": 0,
   "deaths": 1,
   "health": 100,
   "weapon": "rifle",
   "state": "engage",
   "distance": 112.2,
   "pos": [
    25.8,
    0,
    -14.4
   ]
  },
  {
   "name": "Rivet",
   "alive": true,
   "kills": 2,
   "deaths": 1,
   "health": 36,
   "weapon": "sniper",
   "state": "engage",
   "distance": 113.6,
   "pos": [
    -10.7,
    0,
    17.6
   ]
  },
  {
   "name": "Cog",
   "alive": true,
   "kills": 2,
   "deaths": 1,
   "health": 87,
   "weapon": "pistol",
   "state": "engage",
   "distance": 135,
   "pos": [
    1.3,
    0,
    4.7
   ]
  },
  {
   "name": "Diode",
   "alive": true,
   "kills": 0,
   "deaths": 1,
   "health": 100,
   "weapon": "rifle",
   "state": "chase",
   "distance": 116,
   "pos": [
    -43.6,
    0,
    -24.9
   ]
  },
  {
   "name": "Relay",
   "alive": true,
   "kills": 0,
   "deaths": 1,
   "health": 4,
   "weapon": "rocket",
   "state": "retreat",
   "distance": 120.3,
   "pos": [
    14.1,
    0,
    -0.9
   ]
  },
  {
   "name": "Sprocket",
   "alive": true,
   "kills": 1,
   "deaths": 1,
   "health": 100,
   "weapon": "rifle",
   "state": "engage",
   "distance": 118.3,
   "pos": [
    31,
    0,
    16.6
   ]
  },
  {
   "name": "Servo",
   "alive": true,
   "kills": 1,
   "deaths": 1,
   "health": 100,
   "weapon": "shotgun",
   "state": "chase",
   "distance": 103.2,
   "pos": [
    45.5,
    0,
    -21.7
   ]
  },
  {
   "name": "Flux",
   "alive": true,
   "kills": 2,
   "deaths": 1,
   "health": 100,
   "weapon": "rocket",
   "state": "engage",
   "distance": 101.8,
   "pos": [
    21.6,
    0,
    -37
   ]
  }
 ],
 "events": {
  "damage": 42,
  "death": 8,
  "spawn": 17,
  "pickup": 3,
  "fire": 167
 },
 "renderer": {
  "calls": 446,
  "triangles": 138746,
  "geometries": 211,
  "textures": 136,
  "programs": 103
 },
 "custom": {
  "frames": 548,
  "secs": 28.6,
  "allocMBperSec": 7.47,
  "gcDrops": 8,
  "gcDropsPerSec": 0.28,
  "maxFrameMs": 629.8,
  "avgFrameMs": 40.25,
  "heapMB": 156
 },
 "ok": true,
 "errorCount": 0
}
[run] done: wait=ok console_errors=0 warnings=1
