[run] http://127.0.0.1:51823/index.html?autotest=1&map=sandbox&bots=0&scenario=tools/out/audit/verify-core-2/octree.js&duration=6
[warning] [world] map 'foundry' has 1 warning(s):
 - 800 solids (budget ~700)
[warning] [world] map 'skyline' has 8 warning(s):
 - spawn #0 at [-28,0,-14] is inside or too close to solid geometry (depth 0.19)
 - spawn #1 at [34, 0, -14]: floor is at y=1.10 (snapped)
 - spawn #1 at [34,1.1,-14] is inside or too close to solid geometry (depth 0.35)
 - spawn #2 at [-34, 0, 14]: floor is at y=1.10 (snapped)
 - spawn #3 at [28, 0, 14]: floor is at y=1.10 (snapped)
 - pickup (ammo) at [33, 12.8, 24]: floor is at y=13.15 (snapped)
 - 1452 solids (budget ~700)
 - bots cannot reach: spawn #15 (isolated area), spawn #17 (isolated area), pickup #1 (weapon:sniper, isolated area), pickup #4 (armor, isolated area) - add ramps/stairs (bots cannot grapple or wall-run)
[warning] [world] map 'ruins' has 9 warning(s):
 - spawn #4 at [-9, 0, 31]: floor is at y=0.70 (snapped)
 - spawn #4 at [-9,0.7,31] is inside or too close to solid geometry (depth 0.65)
 - spawn #9 at [0, 0, 49]: floor is at y=0.78 (snapped)
 - spawn #14 at [-49,9,-18] is inside or too close to solid geometry (depth 0.40)
 - spawn #16 at [10, 4.5, -10]: floor is at y=5.70 (snapped)
 - pickup (health) at [42, 4.5, 4]: floor is at y=5.16 (snapped)
 - pickup (ammo) at [-11, 4.5, -11]: floor is at y=4.78 (snapped)
 - 777 solids (budget ~700)
 - bots cannot reach: spawn #4 (isolated area), pickup #11 (ammo, isolated area), pickup #13 (ammo) - add ramps/stairs (bots cannot grapple or wall-run)
[log] [autotest] finished {"ok":true,"errors":0,"fps":37.8}
[result] {
 "done": true,
 "started": true,
 "t": 6.06,
 "frames": 263,
 "fps": {
  "avg": 37.8,
  "min": 4,
  "max": 172.4
 },
 "errors": [],
 "map": "sandbox",
 "player": {
  "distance": 0,
  "maxSpeed": 0,
  "minY": 0,
  "maxY": 0,
  "states": {
   "onGround": true
  },
  "shots": 0,
  "kills": 0,
  "deaths": 0,
  "damageDealt": 0,
  "damageTaken": 0
 },
 "bots": [],
 "events": {
  "damage": 0,
  "death": 0,
  "spawn": 5,
  "pickup": 0,
  "fire": 0
 },
 "renderer": {
  "calls": 131,
  "triangles": 36536,
  "geometries": 117,
  "textures": 172,
  "programs": 96
 },
 "custom": {
  "maps": {
   "foundry": {
    "triangleCount": 8852,
    "recorded": 8852,
    "inTree": 8840,
    "missing": 12,
    "missingNormals": {
     "1,0,0": 6,
     "0,0,1": 6
    },
    "boxMin": [
     -51.01,
     -6.01,
     -46.01
    ],
    "boxMax": [
     51,
     36,
     46
    ]
   },
   "skyline": {
    "triangleCount": 6304,
    "recorded": 6304,
    "inTree": 6296,
    "missing": 8,
    "missingNormals": {
     "1,0,0": 6,
     "0,0,1": 2
    },
    "boxMin": [
     -49.01,
     -3.01,
     -49.01
    ],
    "boxMax": [
     49,
     42,
     49
    ]
   },
   "ruins": {
    "triangleCount": 9522,
    "recorded": 9522,
    "inTree": 9506,
    "missing": 16,
    "missingNormals": {
     "1,0,0": 16
    },
    "boxMin": [
     -54.01,
     -10.01,
     -54.01
    ],
    "boxMax": [
     54,
     46,
     56.72458160115836
    ]
   },
   "sandbox": {
    "triangleCount": 1628,
    "recorded": 1628,
    "inTree": 1616,
    "missing": 12,
    "missingNormals": {
     "1,0,0": 6,
     "0,0,1": 6
    },
    "boxMin": [
     -33.01,
     -6.01,
     -33.01
    ],
    "boxMax": [
     33,
     30,
     33
    ]
   }
  },
  "synthetic": {
   "trials": 1500,
   "fails": {
    "towerTop": 186,
    "wallMaxX": 1045,
    "wallMinX": 0,
    "wallMaxZ": 1027,
    "wallMinZ": 0
   }
  }
 },
 "ok": true,
 "errorCount": 0
}
[run] done: wait=ok console_errors=0 warnings=3
