[run] http://127.0.0.1:52808/index.html?autotest=1&map=foundry&bots=8&god=1&script=idle&scenario=tools/out/audit/verify-assets-2/ab.js&duration=40
[warning] [world] map 'foundry' has 1 warning(s):
 - 800 solids (budget ~700)
[error] [run] timed out after 90s waiting for: window.__TEST__ && window.__TEST__.done
[result] {
 "done": false,
 "started": true,
 "t": 38.85,
 "frames": 957,
 "fps": {
  "avg": 0,
  "min": 4,
  "max": 163.93442622979478
 },
 "errors": [],
 "map": "foundry",
 "player": {
  "distance": 6.259477422412983,
  "maxSpeed": 10.913934350551289,
  "minY": 0,
  "maxY": 2.155270262124981,
  "states": {
   "onGround": true,
   "airborne": true
  },
  "shots": 0,
  "kills": 0,
  "deaths": 0,
  "damageDealt": 0,
  "damageTaken": 0
 },
 "bots": [],
 "events": {
  "damage": 74,
  "death": 13,
  "spawn": 21,
  "pickup": 8,
  "fire": 286
 },
 "renderer": {},
 "custom": {
  "log": [
   {
    "pass": "world",
    "lsv": 26,
    "fog": true,
    "prog": 88
   },
   {
    "pass": "view",
    "lsv": 27,
    "fog": false,
    "prog": 94
   },
   {
    "pass": "other",
    "lsv": 27,
    "fog": false,
    "prog": 94
   },
   {
    "pass": "other",
    "lsv": 27,
    "fog": false,
    "prog": 94
   },
   {
    "pass": "other",
    "lsv": 27,
    "fog": false,
    "prog": 94
   },
   {
    "pass": "other",
    "lsv": 27,
    "fog": false,
    "prog": 94
   }
  ],
  "A": [
   7.399999976158142,
   11,
   10.599999904632568,
   11.100000023841858,
   9.100000023841858,
   12.299999952316284,
   8.699999928474426,
   11.699999928474426,
   10.100000023841858,
   12.599999904632568,
   27.100000023841858,
   9.800000071525574,
   13.100000023841858,
   8.5,
   10.699999928474426,
   19.199999928474426,
   12.5,
   9.300000071525574,
   11.399999976158142,
   12.399999976158142,
   11.5,
   21.399999976158142,
   30.899999976158142,
   25.299999952316284,
   11.199999928474426,
   22.90000009536743,
   19.09999990463257,
   15.600000023841858,
   18.100000023841858,
   10.300000071525574,
   10.299999952316284,
   11.399999976158142,
   16.699999928474426,
   12.699999928474426,
   17,
   12.600000023841858,
   15.299999952316284,
   11,
   12,
   10.300000071525574,
   13.700000047683716,
   12.600000023841858,
   9.699999928474426,
   13.300000071525574,
   11.299999952316284,
   15.199999928474426,
   8.200000047683716,
   7.299999952316284,
   12.5,
   7.899999976158142,
   9.600000023841858,
   8.600000023841858,
   9.5,
   9.700000047683716,
   7.900000095367432,
   9.300000071525574,
   11.200000047683716,
   7.399999976158142,
   10.599999904632568,
   10.899999976158142,
   9.200000047683716,
   10.399999976158142,
   8.800000071525574,
   14.199999928474426,
   7.899999976158142,
   13,
   12.399999976158142,
   11.900000095367432,
   10.299999952316284,
   6.399999976158142,
   15.199999928474426,
   11.5,
   18.200000047683716,
   13.200000047683716,
   8.600000023841858,
   13.200000047683716,
   15.299999952316284,
   9.899999976158142,
   8.199999928474426,
   12.200000047683716,
   8.299999952316284,
   37.199999928474426,
   14.100000023841858,
   11.399999976158142,
   10.699999928474426,
   9.299999952316284,
   30,
   9.899999976158142,
   9.799999952316284,
   16.5,
   79.70000004768372,
   13.299999952316284,
   15.700000047683716,
   7.899999976158142,
   21.899999976158142,
   123.60000002384186,
   12.599999904632568,
   8.200000047683716,
   13,
   37.299999952316284,
   10.699999928474426,
   11.299999952316284,
   10.799999952316284,
   11.799999952316284,
   8,
   18.899999976158142,
   15.5,
   13.399999976158142,
   10.600000023841858,
   10.899999976158142,
   10.899999976158142,
   11.600000023841858,
   11.800000071525574,
   12.100000023841858,
   13.600000023841858,
   9.299999952316284,
   10.200000047683716,
   13.700000047683716,
   14.199999928474426,
   11.100000023841858,
   17.800000071525574,
   11.299999952316284,
   7.599999904632568,
   12.100000023841858,
   8.5,
   12.300000071525574,
   9.100000023841858,
   9.700000047683716,
   8.200000047683716,
   12,
   16.5,
   12.899999976158142,
   9.600000023841858,
   15,
   7.599999904632568,
   10.899999976158142,
   6.300000071525574,
   8.700000047683716,
   10.299999952316284,
   8.200000047683716,
   15.100000023841858,
   13.799999952316284,
   9.199999928474426,
   11.399999976158142,
   11.100000023841858,
   21.299999952316284,
   17,
   24.899999976158142,
   34.5,
   8.600000023841858,
   6.699999928474426,
   6.099999904632568,
   18.100000023841858,
   13.799999952316284,
   11.200000047683716,
   14.200000047683716,
   11.800000071525574,
   8.100000023841858,
   17.5,
   10.699999928474426,
   14.399999976158142,
   16.40000009536743,
   14.799999952316284,
   12.300000071525574,
   15.5,
   6.699999928474426,
   11.100000023841858,
   9.199999928474426,
   13.300000071525574,
   16,
   11.700000047683716,
   9.5,
   57.39999997615814,
   11.700000047683716,
   8.200000047683716,
   17.5,
   9.399999976158142,
   11.799999952316284,
   31.5,
   19.799999952316284,
   36.59999990463257,
   8.600000023841858,
   10.199999928474426,
   8.5,
   17.5,
   18.300000071525574,
   19.200000047683716,
   6.900000095367432,
   18.59999990463257,
   8.299999952316284,
   16,
   11.600000023841858,
   26.700000047683716,
   8.799999952316284,
   11.400000095367432,
   17.399999976158142,
   6,
   19.299999952316284,
   11.5,
   9.399999976158142,
   9.800000071525574,
   11.899999976158142,
   15.099999904632568,
   15.199999928474426,
   13.399999976158142,
   12.600000023841858,
   12.5,
   9.600000023841858,
   17.100000023841858,
   10,
   18.200000047683716,
   8.100000023841858,
   14.299999952316284,
   9.700000047683716,
   23.100000023841858,
   9.399999976158142,
   8.600000023841858,
   9.200000047683716,
   9.800000071525574,
   22.200000047683716,
   9.199999928474426,
   9.900000095367432,
   8.399999976158142,
   9.899999976158142,
   11.600000023841858,
   57.5,
   10.5,
   9.799999952316284,
   9.299999952316284,
   12.100000023841858,
   10.099999904632568,
   16.700000047683716,
   15.5,
   12.800000071525574,
   17.5,
   21.899999976158142,
   11,
   7.299999952316284,
   11.100000023841858,
   11,
   14.399999976158142,
   10.299999952316284,
   9.800000071525574,
   10.200000047683716,
   9.399999976158142,
   12.5,
   17.299999952316284,
   10.400000095367432,
   10.299999952316284,
   10.699999928474426,
   14.899999976158142,
   14.800000071525574,
   9.199999928474426,
   25.799999952316284,
   10.600000023841858,
   16.699999928474426,
   10.399999976158142,
   12.399999976158142,
   14.100000023841858,
   7.900000095367432,
   10.399999976158142,
   8.599999904632568,
   9.299999952316284,
   12.699999928474426,
   8.699999928474426,
   13.100000023841858,
   9.399999976158142,
   13.699999928474426,
   12.200000047683716,
   9,
   9.5,
   11.400000095367432,
   13.100000023841858,
   15.800000071525574,
   9.5,
   15.799999952316284,
   10.299999952316284,
   11.100000023841858,
   9.599999904632568,
   15.099999904632568,
   9.200000047683716,
   13.099999904632568,
   7.800000071525574,
   10.5,
   8.200000047683716,
   10.199999928474426,
   8.899999976158142,
   11,
   8.299999952316284,
   12.899999976158142,
   11.899999976158142,
   8.5,
   9.399999976158142,
   14.300000071525574,
   12.700000047683716,
   9.799999952316284,
   12.799999952316284,
   13.599999904632568,
   11.700000047683716,
   11.200000047683716,
   16.600000023841858,
   9.799999952316284,
   13.5,
   9.5,
   9.299999952316284,
   13.799999952316284,
   10,
   9,
   9.100000023841858,
   11,
   8.100000023841858,
   12.399999976158142,
   22.799999952316284,
   8.399999976158142,
   8.599999904632568,
   13,
   12,
   8.200000047683716,
   9.599999904632568,
   11.100000023841858,
   13.200000047683716,
   8.799999952316284,
   15.5,
   8.699999928474426,
   8.399999976158142,
   14.600000023841858,
   15.599999904632568,
   6.800000071525574,
   7.700000047683716,
   9.600000023841858,
   8.700000047683716,
   10.799999952316284,
   8.399999976158142,
   12.5,
   5.800000071525574,
   7.200000047683716,
   11.5,
   12.899999976158142,
   12.100000023841858,
   11.600000023841858,
   8.800000071525574,
   11.700000047683716,
   11.5,
   8.899999976158142,
   8.299999952316284,
   8.800000071525574,
   19,
   8.399999976158142,
   10.399999976158142,
   10.900000095367432,
   11.399999976158142,
   8.100000023841858,
   13.600000023841858,
   11.5,
   11.299999952316284,
   12,
   18.300000071525574,
   14.699999928474426,
   9,
   12.699999928474426,
   8.099999904632568,
   11.100000023841858,
   8.200000047683716,
   17,
   11.800000071525574,
   27.199999928474426,
   22.09999990463257,
   10.5,
   9.799999952316284,
   10.600000023841858,
   13.5,
   17.299999952316284,
   13.300000071525574,
   14.200000047683716,
   9.5,
   8.199999928474426,
   8.699999928474426,
   7.799999952316284,
   9,
   8.900000095367432,
   11,
   10,
   8,
   14.600000023841858,
   8.600000023841858,
   8.800000071525574,
   10.100000023841858,
   8.5,
   7.300000071525574,
   7.600000023841858,
   8.399999976158142,
   8.799999952316284,
   9.199999928474426,
   7,
   8,
   18,
   6.899999976158142,
   10.200000047683716,
   6.300000071525574,
   6.800000071525574,
   8.800000071525574,
   8.099999904632568,
   7.599999904632568,
   15.5,
   10,
   10.200000047683716,
   8.299999952316284,
   12.799999952316284,
   17.40000009536743,
   7.300000071525574,
   8.199999928474426,
   15.800000071525574,
   16.299999952316284,
   7.899999976158142,
   7,
   9.300000071525574,
   8.899999976158142,
   8,
   11.700000047683716,
   9.700000047683716,
   47.39999997615814,
   8.5,
   11.300000071525574,
   18.100000023841858,
   8.5,
   8.299999952316284,
   11,
   10,
   8.699999928474426,
   9.5
  ],
  "B": [
   48.699999928474426,
   15.799999952316284,
   9,
   13.300000071525574,
   12.100000023841858,
   10,
   8.899999976158142,
   23.100000023841858,
   12.5,
   10.300000071525574,
   11.100000023841858,
   23.5,
   16.899999976158142,
   15.199999928474426,
   12.199999928474426,
   15.5,
   12.199999928474426,
   9.600000023841858,
   12.600000023841858,
   9.600000023841858,
   9.800000071525574,
   8,
   8.900000095367432,
   7.300000071525574,
   10.400000095367432,
   12.199999928474426,
   10.5,
   10.599999904632568,
   11.600000023841858,
   13.399999976158142,
   8.399999976158142,
   11.900000095367432,
   13.700000047683716,
   13.299999952316284,
   11,
   13.300000071525574,
   9.799999952316284,
   9,
   10.300000071525574,
   12.200000047683716,
   9.200000047683716,
   17.100000023841858,
   9.600000023841858,
   11.200000047683716,
   15.799999952316284,
   8.5,
   17.5,
   11.200000047683716,
   13.300000071525574,
   9.600000023841858,
   10.899999976158142,
   11.5,
   10.100000023841858,
   8.299999952316284,
   8.900000095367432,
   9.700000047683716,
   11.899999976158142,
   7.399999976158142,
   10.100000023841858,
   13.199999928474426,
   9.899999976158142,
   8.399999976158142,
   193.29999995231628,
   12.800000071525574,
   20.399999976158142,
   13.100000023841858,
   9.100000023841858,
   12.200000047683716,
   29.59999990463257,
   16.600000023841858,
   9.299999952316284,
   9.400000095367432,
   16.399999976158142,
   8.100000023841858,
   9.400000095367432,
   11.700000047683716,
   13.899999976158142,
   9.200000047683716,
   16.799999952316284,
   9.399999976158142,
   9,
   30.799999952316284,
   7.699999928474426,
   8.300000071525574,
   9.5,
   9.899999976158142,
   12.200000047683716,
   5.799999952316284,
   14,
   9.100000023841858,
   13.100000023841858,
   17.700000047683716,
   8.900000095367432,
   11.700000047683716,
   10.299999952316284,
   9.399999976158142,
   10,
   8.5,
   11.200000047683716,
   31.200000047683716,
   9.599999904632568,
   14.699999928474426,
   16.299999952316284,
   8.600000023841858,
   9.899999976158142,
   13.399999976158142,
   9,
   9.799999952316284,
   19,
   12.700000047683716,
   12.200000047683716,
   15.100000023841858,
   9.399999976158142,
   10.5,
   13.899999976158142,
   13.100000023841858,
   10.200000047683716,
   14.099999904632568,
   13.299999952316284,
   41.5,
   30.600000023841858,
   16.59999990463257,
   13.5,
   20.299999952316284,
   9.800000071525574,
   12.299999952316284,
   10.100000023841858,
   8,
   7.300000071525574,
   7.100000023841858,
   8.5,
   10.299999952316284,
   12.199999928474426,
   10.599999904632568,
   17.299999952316284,
   17.800000071525574,
   13.399999976158142,
   14.300000071525574,
   12.600000023841858,
   19.799999952316284,
   11.700000047683716,
   11,
   9.399999976158142,
   13.199999928474426,
   11.200000047683716,
   10.600000023841858,
   17.90000009536743,
   10.799999952316284,
   13.400000095367432,
   10.399999976158142,
   10.699999928474426,
   12.899999976158142,
   8.700000047683716,
   13,
   17.199999928474426,
   11.799999952316284,
   10.100000023841858,
   8,
   13.599999904632568,
   12.700000047683716,
   16,
   12.299999952316284,
   8.699999928474426,
   11.299999952316284,
   6,
   10.199999928474426,
   8.799999952316284,
   10,
   9.100000023841858,
   7.700000047683716,
   6.300000071525574,
   9.5,
   12.100000023841858,
   8.100000023841858,
   11.800000071525574,
   9,
   8.799999952316284,
   9.5,
   12.099999904632568,
   6.799999952316284,
   8.600000023841858,
   7.299999952316284,
   48.700000047683716,
   16.199999928474426,
   16.600000023841858,
   13.200000047683716,
   15.100000023841858,
   9.300000071525574,
   13.299999952316284,
   11.799999952316284,
   17,
   17,
   11.900000095367432,
   29.799999952316284,
   9.600000023841858,
   61.39999997615814,
   11.5,
   11,
   11.700000047683716,
   15.100000023841858,
   78.89999997615814,
   42.799999952316284,
   14.799999952316284,
   9.899999976158142,
   18.100000023841858,
   10.399999976158142,
   9.399999976158142,
   6.299999952316284,
   11.299999952316284,
   10.700000047683716,
   30.100000023841858,
   9.800000071525574,
   12.899999976158142,
   13.300000071525574,
   17.100000023841858,
   17.200000047683716,
   13.399999976158142,
   21.09999990463257,
   13.899999976158142,
   7.899999976158142,
   13,
   14.899999976158142,
   8.199999928474426,
   13.5,
   13.800000071525574,
   35.10000002384186,
   15.700000047683716,
   19.100000023841858,
   7.199999928474426,
   7.200000047683716,
   7.699999928474426,
   12.5,
   6.5,
   8,
   12.899999976158142,
   12.5,
   10.699999928474426,
   23,
   30.600000023841858,
   24.899999976158142,
   47.700000047683716,
   250.39999997615814,
   16.300000071525574,
   9.299999952316284,
   8.199999928474426,
   9.399999976158142,
   12.399999976158142,
   11,
   7.899999976158142,
   10.600000023841858,
   8,
   9.100000023841858,
   11.199999928474426,
   10,
   14.300000071525574,
   8.300000071525574,
   10.700000047683716,
   11.600000023841858,
   8.200000047683716,
   16.299999952316284,
   8.600000023841858,
   10.799999952316284,
   8,
   10.600000023841858,
   6.700000047683716,
   10,
   12,
   10.100000023841858,
   10.5,
   11.399999976158142,
   24.90000009536743,
   21.799999952316284,
   9.600000023841858,
   13.600000023841858,
   10.600000023841858,
   7.5,
   9.600000023841858,
   8.299999952316284,
   12.300000071525574,
   7.799999952316284,
   10.200000047683716,
   10,
   7,
   9.399999976158142,
   8.399999976158142,
   9.699999928474426,
   7.899999976158142,
   13,
   8.700000047683716,
   9,
   12.400000095367432,
   11.100000023841858,
   12,
   9.100000023841858,
   30.399999976158142,
   9.699999928474426,
   10.300000071525574,
   7.799999952316284,
   10.400000095367432,
   7.299999952316284,
   9.100000023841858,
   11.899999976158142,
   10.100000023841858,
   9.5,
   12.700000047683716,
   11.199999928474426,
   10.299999952316284,
   10.700000047683716,
   10.799999952316284,
   7.299999952316284,
   9.399999976158142,
   10.799999952316284,
   5.799999952316284,
   15.100000023841858,
   11.600000023841858,
   10.899999976158142,
   9.099999904632568,
   7.100000023841858,
   7.100000023841858,
   7.200000047683716,
   8.199999928474426,
   6.5,
   10.5,
   9,
   13,
   10.199999928474426,
   10.5,
   9.299999952316284,
   9,
   27.399999976158142,
   7.5,
   12.399999976158142,
   20,
   9.199999928474426,
   9.700000047683716,
   11.200000047683716,
   8.100000023841858,
   9.099999904632568,
   6.899999976158142,
   8.5,
   5.5,
   14,
   12.299999952316284,
   8.800000071525574,
   11.100000023841858,
   10.299999952316284,
   10.799999952316284,
   16.299999952316284,
   7.5,
   8.899999976158142,
   7.100000023841858,
   8.399999976158142,
   8.600000023841858,
   12.600000023841858,
   10.099999904632568,
   10.100000023841858,
   7.300000071525574,
   5.800000071525574,
   10.299999952316284,
   11.799999952316284,
   11.600000023841858,
   10.300000071525574,
   8.700000047683716,
   7.399999976158142,
   15.900000095367432,
   8.100000023841858,
   9.100000023841858,
   9,
   8.600000023841858,
   8.5,
   9.199999928474426,
   10.299999952316284,
   11.299999952316284,
   6.899999976158142,
   8.899999976158142,
   12.399999976158142,
   8.900000095367432,
   12.100000023841858,
   11,
   8.5,
   11,
   13.100000023841858,
   32.300000071525574,
   49,
   7.100000023841858,
   10.5,
   6.200000047683716,
   10,
   11.599999904632568,
   21,
   10.5,
   9.700000047683716,
   7.599999904632568,
   8.699999928474426,
   15.600000023841858,
   10.5,
   13.200000047683716,
   14.400000095367432,
   23.5,
   7,
   8.199999928474426,
   10.900000095367432,
   15.100000023841858,
   14.899999976158142,
   14.700000047683716,
   17.299999952316284,
   11.5,
   14.200000047683716,
   17.700000047683716,
   10.5,
   18.600000023841858,
   10.200000047683716,
   9.299999952316284,
   31.699999928474426,
   7.5,
   8.699999928474426,
   8.300000071525574,
   14.600000023841858,
   15,
   10.100000023841858,
   10.199999928474426,
   8.800000071525574,
   8.199999928474426,
   7.5,
   9.899999976158142,
   9.399999976158142,
   21.700000047683716,
   8,
   9.300000071525574,
   12.899999976158142,
   9.700000047683716,
   16.700000047683716,
   16.399999976158142,
   16.899999976158142,
   12.5
  ]
 },
 "errorCount": 0
}
[run] done: wait=TIMEOUT console_errors=1 warnings=1
