[run] http://127.0.0.1:59523/index.html?autotest=1&map=ruins&bots=2&god=1&script=idle&scenario=tools/out/audit/verify-assets-2/env.js&duration=8
[warning] [world] map 'ruins' has 9 warning(s):
 - spawn #4 at [-9, 0, 31]: floor is at y=0.70 (snapped)
 - spawn #4 at [-9,0.7,31] is inside or too close to solid geometry (depth 0.65)
 - spawn #9 at [0, 0, 49]: floor is at y=0.78 (snapped)
 - spawn #14 at [-49,9,-18] is inside or too close to solid geometry (depth 0.40)
 - spawn #16 at [10, 4.5, -10]: floor is at y=5.70 (snapped)
 - pickup (health) at [42, 4.5, 4]: floor is at y=5.16 (snapped)
 - pickup (ammo) at [-11, 4.5, -11]: floor is at y=4.78 (snapped)
 - 777 solids (budget ~700)
 - bots cannot reach: spawn #4 (isolated area), pickup #11 (ammo, isolated area), pickup #13 (ammo) - add ramps/stairs (bots cannot grapple or wall-run)
[log] [autotest] finished {"ok":true,"errors":0,"fps":32}
[result] {
 "done": true,
 "started": true,
 "t": 8.04,
 "frames": 263,
 "fps": {
  "avg": 32,
  "min": 4,
  "max": 87
 },
 "errors": [],
 "map": "ruins",
 "player": {
  "distance": 0,
  "maxSpeed": 0,
  "minY": 0,
  "maxY": 0,
  "states": {
   "onGround": true
  },
  "shots": 0,
  "kills": 0,
  "deaths": 0,
  "damageDealt": 0,
  "damageTaken": 0
 },
 "bots": [
  {
   "name": "Relay",
   "alive": true,
   "kills": 0,
   "deaths": 0,
   "health": 59,
   "weapon": "rifle",
   "state": "engage",
   "distance": 56.8,
   "pos": [
    19.6,
    0,
    -17.4
   ]
  },
  {
   "name": "Voltage",
   "alive": true,
   "kills": 0,
   "deaths": 0,
   "health": 59,
   "weapon": "rifle",
   "state": "engage",
   "distance": 68.7,
   "pos": [
    9.3,
    0,
    -19.3
   ]
  }
 ],
 "events": {
  "damage": 7,
  "death": 0,
  "spawn": 3,
  "pickup": 0,
  "fire": 10
 },
 "renderer": {
  "calls": 243,
  "triangles": 85480,
  "geometries": 142,
  "textures": 106,
  "programs": 97
 },
 "custom": {
  "done": true,
  "sceneEnv": true,
  "sceneEnvIntensity": 0.55,
  "viewEnv": true,
  "viewEnvI": 0.55,
  "weapon": {
   "lens": {
    "matI": 2.2,
    "uniform": 0.55,
    "hasEnvMap": false,
    "propEnv": true
   },
   "lensDark": {
    "matI": 2.4,
    "uniform": 0.55,
    "hasEnvMap": false,
    "propEnv": true
   },
   "lensRuby": {
    "matI": 2.4,
    "uniform": "n/a",
    "hasEnvMap": false,
    "propEnv": false
   },
   "steel": {
    "matI": 1,
    "uniform": 0.55,
    "hasEnvMap": false,
    "propEnv": true
   }
  },
  "nonDefault": [
   {
    "name": "",
    "uniform": "n/a"
   },
   {
    "name": "",
    "uniform": "n/a"
   },
   {
    "name": "",
    "uniform": "n/a"
   },
   {
    "name": "",
    "uniform": "n/a"
   },
   {
    "name": "",
    "uniform": "n/a"
   },
   {
    "name": "",
    "uniform": "n/a"
   },
   {
    "name": "",
    "uniform": "n/a"
   },
   {
    "name": "",
    "uniform": "n/a"
   },
   {
    "name": "",
    "uniform": "n/a"
   },
   {
    "name": "",
    "uniform": "n/a"
   },
   {
    "name": "gold",
    "matI": 1.5,
    "uniform": 0.55
   },
   {
    "name": "",
    "uniform": "n/a"
   },
   {
    "name": "",
    "uniform": "n/a"
   },
   {
    "name": "",
    "uniform": "n/a"
   },
   {
    "name": "",
    "matI": 2.2,
    "uniform": 0.55
   },
   {
    "name": "",
    "uniform": "n/a"
   },
   {
    "name": "",
    "matI": 2.4,
    "uniform": 0.55
   },
   {
    "name": "",
    "uniform": "n/a"
   },
   {
    "name": "",
    "uniform": "n/a"
   },
   {
    "name": "",
    "uniform": "n/a"
   },
   {
    "name": "",
    "uniform": "n/a"
   }
  ]
 },
 "ok": true,
 "errorCount": 0
}
[run] done: wait=ok console_errors=0 warnings=1
