[run] http://127.0.0.1:64661/index.html?autotest=1&map=foundry&bots=8&god=1&script=idle&scenario=tools/out/audit/verify-assets-2/mb.js&duration=14
[warning] [world] map 'foundry' has 1 warning(s):
 - 800 solids (budget ~700)
[log] [autotest] finished {"ok":true,"errors":0,"fps":30.6}
[result] {
 "done": true,
 "started": true,
 "t": 14.02,
 "frames": 412,
 "fps": {
  "avg": 30.6,
  "min": 4,
  "max": 169.5
 },
 "errors": [],
 "map": "foundry",
 "player": {
  "distance": 31.3,
  "maxSpeed": 9.13,
  "minY": 0,
  "maxY": 8.825958846841157,
  "states": {
   "onGround": true,
   "airborne": true
  },
  "shots": 0,
  "kills": 0,
  "deaths": 0,
  "damageDealt": 0,
  "damageTaken": 0
 },
 "bots": [
  {
   "name": "Tesla",
   "alive": true,
   "kills": 0,
   "deaths": 1,
   "health": 100,
   "weapon": "sniper",
   "state": "chase",
   "distance": 82.6,
   "pos": [
    -34.6,
    0,
    -27.4
   ]
  },
  {
   "name": "Byte",
   "alive": false,
   "kills": 0,
   "deaths": 1,
   "health": 0,
   "weapon": "rifle",
   "state": "retreat",
   "distance": 80.6,
   "pos": [
    -34.4,
    0,
    -17.7
   ]
  },
  {
   "name": "Rivet",
   "alive": true,
   "kills": 0,
   "deaths": 1,
   "health": 100,
   "weapon": "rocket",
   "state": "chase",
   "distance": 70.9,
   "pos": [
    28.3,
    0,
    -11
   ]
  },
  {
   "name": "Diode",
   "alive": true,
   "kills": 0,
   "deaths": 0,
   "health": 100,
   "weapon": "rocket",
   "state": "chase",
   "distance": 92.9,
   "pos": [
    41.2,
    1,
    -3.8
   ]
  },
  {
   "name": "Voltage",
   "alive": true,
   "kills": 1,
   "deaths": 0,
   "health": 43,
   "weapon": "rifle",
   "state": "engage",
   "distance": 72,
   "pos": [
    -14,
    0,
    28.1
   ]
  },
  {
   "name": "Axle",
   "alive": true,
   "kills": 1,
   "deaths": 0,
   "health": 21,
   "weapon": "rifle",
   "state": "retreat",
   "distance": 88.8,
   "pos": [
    -20.3,
    0,
    -10.7
   ]
  },
  {
   "name": "Torque",
   "alive": false,
   "kills": 1,
   "deaths": 1,
   "health": 0,
   "weapon": "rocket",
   "state": "retreat",
   "distance": 57.8,
   "pos": [
    -8.3,
    0,
    13.5
   ]
  },
  {
   "name": "Nimbus",
   "alive": true,
   "kills": 1,
   "deaths": 0,
   "health": 40,
   "weapon": "pistol",
   "state": "engage",
   "distance": 84,
   "pos": [
    -35.5,
    -1.8,
    27.3
   ]
  }
 ],
 "events": {
  "damage": 46,
  "death": 4,
  "spawn": 11,
  "pickup": 3,
  "fire": 116
 },
 "renderer": {
  "calls": 491,
  "triangles": 144936,
  "geometries": 225,
  "textures": 142,
  "programs": 104
 },
 "custom": {
  "res": {
   "A": [
    11.02,
    9.977,
    9.93,
    9.155,
    10.543,
    9.555
   ],
   "B": [
    8.892,
    9.99,
    8.672,
    9.382,
    16.26,
    12.738
   ]
  },
  "calls": 402230,
  "meanA": 10.03,
  "meanB": 10.989,
  "diff": -0.959,
  "botWeaponMeshes": 108
 },
 "ok": true,
 "errorCount": 0
}
[run] done: wait=ok console_errors=0 warnings=1
