"custom": {
  "result": {
   "foundry": {
    "recorded": 8852,
    "missing": 12,
    "box": [
     -51.01,
     -6.01,
     -46.01,
     51,
     36,
     46
    ],
    "list": [
     {
      "n": [
       1,
       0,
       0
      ],
      "a": [
       51,
       16,
       -44
      ],
      "b": [
       51,
       16,
       -46
      ],
      "c": [
       51,
       36,
       -46
      ],
      "area": 20
     },
     {
      "n": [
       1,
       0,
       0
      ],
      "a": [
       51,
       16,
       -44
      ],
      "b": [
       51,
       36,
       -46
      ],
      "c": [
       51,
       36,
       -44
      ],
      "area": 20
     },
     {
      "n": [
       1,
       0,
       0
      ],
      "a": [
       51,
       16,
       46
      ],
      "b": [
       51,
       16,
       44
      ],
      "c": [
       51,
       36,
       44
      ],
      "area": 20
     },
     {
      "n": [
       1,
       0,
       0
      ],
      "a": [
       51,
       16,
       46
      ],
      "b": [
       51,
       36,
       44
      ],
      "c": [
       51,
       36,
       46
      ],
      "area": 20
     },
     {
      "n": [
       0,
       0,
       1
      ],
      "a": [
       -51,
       16,
       46
      ],
      "b": [
       51,
       16,
       46
      ],
      "c": [
       51,
       36,
       46
      ],
      "area": 1020
     },
     {
      "n": [
       0,
       0,
       1
      ],
      "a": [
       -51,
       16,
       46
      ],
      "b": [
       51,
       36,
       46
      ],
      "c": [
       -51,
       36,
       46
      ],
      "area": 1020
     },
     {
      "n": [
       0,
       0,
       1
      ],
      "a": [
       -51,
       16,
       46
      ],
      "b": [
       -49,
       16,
       46
      ],
      "c": [
       -49,
       36,
       46
      ],
      "area": 20
     },
     {
      "n": [
       0,
       0,
       1
      ],
      "a": [
       -51,
       16,
       46
      ],
      "b": [
       -49,
       36,
       46
      ],
      "c": [
       -51,
       36,
       46
      ],
      "area": 20
     },
     {
      "n": [
       1,
       0,
       0
      ],
      "a": [
       51,
       16,
       46
      ],
      "b": [
       51,
       16,
       -46
      ],
      "c": [
       51,
       36,
       -46
      ],
      "area": 920
     },
     {
      "n": [
       1,
       0,
       0
      ],
      "a": [
       51,
       16,
       46
      ],
      "b": [
       51,
       36,
       -46
      ],
      "c": [
       51,
       36,
       46
      ],
      "area": 920
     },
     {
      "n": [
       0,
       0,
       1
      ],
      "a": [
       49,
       16,
       46
      ],
      "b": [
       51,
       16,
       46
      ],
      "c": [
       51,
       36,
       46
      ],
      "area": 20
     },
     {
      "n": [
       0,
       0,
       1
      ],
      "a": [
       49,
       16,
       46
      ],
      "b": [
       51,
       36,
       46
      ],
      "c": [
       49,
       36,
       46
      ],
      "area": 20
     }
    ]
   },
   "skyline": {
    "recorded": 6304,
    "missing": 8,
    "box": [
     -49.01,
     -3.01,
     -49.01,
     49,
     42,
     49
    ],
    "list": [
     {
      "n": [
       1,
       0,
       0
      ],
      "a": [
       49,
       14.5,
       -44
      ],
      "b": [
       49,
       14.5,
       -49
      ],
      "c": [
       49,
       42,
       -49
      ],
      "area": 68.75
     },
     {
      "n": [
       1,
       0,
       0
      ],
      "a": [
       49,
       14.5,
       -44
      ],
      "b": [
       49,
       42,
       -49
      ],
      "c": [
       49,
       42,
       -44
      ],
      "area": 68.75
     },
     {
      "n": [
       1,
       0,
       0
      ],
      "a": [
       49,
       14.5,
       49
      ],
      "b": [
       49,
       14.5,
       44
      ],
      "c": [
       49,
       42,
       44
      ],
      "area": 68.75
     },
     {
      "n": [
       1,
       0,
       0
      ],
      "a": [
       49,
       14.5,
       49
      ],
      "b": [
       49,
       42,
       44
      ],
      "c": [
       49,
       42,
       49
      ],
      "area": 68.75
     },
     {
      "n": [
       0,
       0,
       1
      ],
      "a": [
       -49,
       14.5,
       49
      ],
      "b": [
       49,
       14.5,
       49
      ],
      "c": [
       49,
       42,
       49
      ],
      "area": 1347.5
     },
     {
      "n": [
       0,
       0,
       1
      ],
      "a": [
       -49,
       14.5,
       49
      ],
      "b": [
       49,
       42,
       49
      ],
      "c": [
       -49,
       42,
       49
      ],
      "area": 1347.5
     },
     {
      "n": [
       1,
       0,
       0
      ],
      "a": [
       49,
       14.5,
       44
      ],
      "b": [
       49,
       14.5,
       -44
      ],
      "c": [
       49,
       42,
       -44
      ],
      "area": 1210
     },
     {
      "n": [
       1,
       0,
       0
      ],
      "a": [
       49,
       14.5,
       44
      ],
      "b": [
       49,
       42,
       -44
      ],
      "c": [
       49,
       42,
       44
      ],
      "area": 1210
     }
    ]
   },
   "ruins": {
    "recorded": 9522,
    "missing": 16,
    "box": [
     -54.01,
     -10.01,
     -54.01,
     54,
     46,
     56.72
    ],
    "list": [
     {
      "n": [
       1,
       0,
       0
      ],
      "a": [
       54,
       -10,
       10
      ],
      "b": [
       54,
       -10,
       -54
      ],
      "c": [
       54,
       0,
       -54
      ],
      "area": 320
     },
     {
      "n": [
       1,
       0,
       0
      ],
      "a": [
       54,
       -10,
       10
      ],
      "b": [
       54,
       0,
       -54
      ],
      "c": [
       54,
       0,
       10
      ],
      "area": 320
     },
     {
      "n": [
       1,
       0,
       0
      ],
      "a": [
       54,
       -10,
       54
      ],
      "b": [
       54,
       -10,
       30
      ],
      "c": [
       54,
       0,
       30
      ],
      "area": 120
     },
     {
      "n": [
       1,
       0,
       0
      ],
      "a": [
       54,
       -10,
       54
      ],
      "b": [
       54,
       0,
       30
      ],
      "c": [
       54,
       0,
       54
      ],
      "area": 120
     },
     {
      "n": [
       1,
       0,
       0
      ],
      "a": [
       54,
       -10,
       30
      ],
      "b": [
       54,
       -10,
       10
      ],
      "c": [
       54,
       0,
       10
      ],
      "area": 100
     },
     {
      "n": [
       1,
       0,
       0
      ],
      "a": [
       54,
       -10,
       30
      ],
      "b": [
       54,
       0,
       10
      ],
      "c": [
       54,
       0,
       30
      ],
      "area": 100
     },
     {
      "n": [
       1,
       0,
       0
      ],
      "a": [
       54,
       -3,
       54
      ],
      "b": [
       54,
       -3,
       -54
      ],
      "c": [
       54,
       9,
       -54
      ],
      "area": 648
     },
     {
      "n": [
       1,
       0,
       0
      ],
      "a": [
       54,
       -3,
       54
      ],
      "b": [
       54,
       9,
       -54
      ],
      "c": [
       54,
       9,
       54
      ],
      "area": 648
     },
     {
      "n": [
       1,
       0,
       0
      ],
      "a": [
       54,
       9,
       54
      ],
      "b": [
       54,
       9,
       -54
      ],
      "c": [
       54,
       14,
       -54
      ],
      "area": 270
     },
     {
      "n": [
       1,
       0,
       0
      ],
      "a": [
       54,
       9,
       54
      ],
      "b": [
       54,
       14,
       -54
      ],
      "c": [
       54,
       14,
       54
      ],
      "area": 270
     },
     {
      "n": [
       1,
       0,
       0
      ],
      "a": [
       54,
       14,
       54
      ],
      "b": [
       54,
       14,
       -54
      ],
      "c": [
       54,
       20,
       -54
      ],
      "area": 324
     },
     {
      "n": [
       1,
       0,
       0
      ],
      "a": [
       54,
       14,
       54
      ],
      "b": [
       54,
       20,
       -54
      ],
      "c": [
       54,
       20,
       54
      ],
      "area": 324
     },
     {
      "n": [
       1,
       0,
       0
      ],
      "a": [
       54,
       20,
       54
      ],
      "b": [
       54,
       20,
       -54
      ],
      "c": [
       54,
       24,
       -54
      ],
      "area": 216
     },
     {
      "n": [
       1,
       0,
       0
      ],
      "a": [
       54,
       20,
       54
      ],
      "b": [
       54,
       24,
       -54
      ],
      "c": [
       54,
       24,
       54
      ],
      "area": 216
     },
     {
      "n": [
       1,
       0,
       0
      ],
      "a": [
       54,
       24,
       54
      ],
      "b": [
       54,
       24,
       -54
      ],
      "c": [
       54,
       44,
       -54
      ],
      "area": 1080
     },
     {
      "n": [
       1,
       0,
       0
      ],
      "a": [
       54,
       24,
       54
      ],
      "b": [
       54,
       44,
       -54
      ],
      "c": [
       54,
       44,
       54
      ],
      "area": 1080
     }
    ]
   },
   "sandbox": {
    "recorded": 1628,
    "missing": 12,
    "box": [
     -33.01,
     -6.01,
     -33.01,
     33,
     30,
     33
    ],
    "list": [
     {
      "n": [
       1,
       0,
       0
      ],
      "a": [
       33,
       10,
       -31
      ],
      "b": [
       33,
       10,
       -33
      ],
      "c": [
       33,
       30,
       -33
      ],
      "area": 20
     },
     {
      "n": [
       1,
       0,
       0
      ],
      "a": [
       33,
       10,
       -31
      ],
      "b": [
       33,
       30,
       -33
      ],
      "c": [
       33,
       30,
       -31
      ],
      "area": 20
     },
     {
      "n": [
       1,
       0,
       0
      ],
      "a": [
       33,
       10,
       33
      ],
      "b": [
       33,
       10,
       31
      ],
      "c": [
       33,
       30,
       31
      ],
      "area": 20
     },
     {
      "n": [
       1,
       0,
       0
      ],
      "a": [
       33,
       10,
       33
      ],
      "b": [
       33,
       30,
       31
      ],
      "c": [
       33,
       30,
       33
      ],
      "area": 20
     },
     {
      "n": [
       0,
       0,
       1
      ],
      "a": [
       -33,
       10,
       33
      ],
      "b": [
       33,
       10,
       33
      ],
      "c": [
       33,
       30,
       33
      ],
      "area": 660
     },
     {
      "n": [
       0,
       0,
       1
      ],
      "a": [
       -33,
       10,
       33
      ],
      "b": [
       33,
       30,
       33
      ],
      "c": [
       -33,
       30,
       33
      ],
      "area": 660
     },
     {
      "n": [
       0,
       0,
       1
      ],
      "a": [
       -33,
       10,
       33
      ],
      "b": [
       -31,
       10,
       33
      ],
      "c": [
       -31,
       30,
       33
      ],
      "area": 20
     },
     {
      "n": [
       0,
       0,
       1
      ],
      "a": [
       -33,
       10,
       33
      ],
      "b": [
       -31,
       30,
       33
      ],
      "c": [
       -33,
       30,
       33
      ],
      "area": 20
     },
     {
      "n": [
       1,
       0,
       0
      ],
      "a": [
       33,
       10,
       33
      ],
      "b": [
       33,
       10,
       -33
      ],
      "c": [
       33,
       30,
       -33
      ],
      "area": 660
     },
     {
      "n": [
       1,
       0,
       0
      ],
      "a": [
       33,
       10,
       33
      ],
      "b": [
       33,
       30,
       -33
      ],
      "c": [
       33,
       30,
       33
      ],
      "area": 660
     },
     {
      "n": [
       0,
       0,
       1
      ],
      "a": [
       31,
       10,
       33
      ],
      "b": [
       33,
       10,
       33
      ],
      "c": [
       33,
       30,
       33
      ],
      "area": 20
     },
     {
      "n": [
       0,
       0,
       1
      ],
      "a": [
       31,
       10,
       33
      ],
      "b": [
       33,
       30,
       33
      ],
      "c": [
       31,
       30,
       33
      ],
      "area": 20
     }
    ]
   }
  }
 },
 "ok": true,
 "errorCount": 0
}

[run] done: wait=ok console_errors=0 warnings=3

